Archive member included to satisfy reference by file (symbol)

c:/program files (x86)/gnu tools arm embedded/7 2017-q4-major/bin/../lib/gcc/arm-none-eabi/7.2.1/../../../../arm-none-eabi/lib/thumb/v7e-m/fpv4-sp/hard\libc_nano.a(lib_a-errno.o)
                              build/syscalls.o (__errno)
c:/program files (x86)/gnu tools arm embedded/7 2017-q4-major/bin/../lib/gcc/arm-none-eabi/7.2.1/../../../../arm-none-eabi/lib/thumb/v7e-m/fpv4-sp/hard\libc_nano.a(lib_a-exit.o)
                              c:/program files (x86)/gnu tools arm embedded/7 2017-q4-major/bin/../lib/gcc/arm-none-eabi/7.2.1/../../../../arm-none-eabi/lib/thumb/v7e-m/fpv4-sp/hard/crt0.o (exit)
c:/program files (x86)/gnu tools arm embedded/7 2017-q4-major/bin/../lib/gcc/arm-none-eabi/7.2.1/../../../../arm-none-eabi/lib/thumb/v7e-m/fpv4-sp/hard\libc_nano.a(lib_a-impure.o)
                              c:/program files (x86)/gnu tools arm embedded/7 2017-q4-major/bin/../lib/gcc/arm-none-eabi/7.2.1/../../../../arm-none-eabi/lib/thumb/v7e-m/fpv4-sp/hard\libc_nano.a(lib_a-exit.o) (_global_impure_ptr)
c:/program files (x86)/gnu tools arm embedded/7 2017-q4-major/bin/../lib/gcc/arm-none-eabi/7.2.1/../../../../arm-none-eabi/lib/thumb/v7e-m/fpv4-sp/hard\libc_nano.a(lib_a-init.o)
                              c:/program files (x86)/gnu tools arm embedded/7 2017-q4-major/bin/../lib/gcc/arm-none-eabi/7.2.1/../../../../arm-none-eabi/lib/thumb/v7e-m/fpv4-sp/hard/crt0.o (__libc_init_array)
c:/program files (x86)/gnu tools arm embedded/7 2017-q4-major/bin/../lib/gcc/arm-none-eabi/7.2.1/../../../../arm-none-eabi/lib/thumb/v7e-m/fpv4-sp/hard\libc_nano.a(lib_a-memset.o)
                              c:/program files (x86)/gnu tools arm embedded/7 2017-q4-major/bin/../lib/gcc/arm-none-eabi/7.2.1/../../../../arm-none-eabi/lib/thumb/v7e-m/fpv4-sp/hard/crt0.o (memset)
c:/program files (x86)/gnu tools arm embedded/7 2017-q4-major/bin/../lib/gcc/arm-none-eabi/7.2.1/../../../../arm-none-eabi/lib/thumb/v7e-m/fpv4-sp/hard\libc_nano.a(lib_a-nano-vfprintf_float.o)
                              (_printf_float)
c:/program files (x86)/gnu tools arm embedded/7 2017-q4-major/bin/../lib/gcc/arm-none-eabi/7.2.1/../../../../arm-none-eabi/lib/thumb/v7e-m/fpv4-sp/hard\libc_nano.a(lib_a-nano-vfprintf_i.o)
                              c:/program files (x86)/gnu tools arm embedded/7 2017-q4-major/bin/../lib/gcc/arm-none-eabi/7.2.1/../../../../arm-none-eabi/lib/thumb/v7e-m/fpv4-sp/hard\libc_nano.a(lib_a-nano-vfprintf_float.o) (_printf_common)
c:/program files (x86)/gnu tools arm embedded/7 2017-q4-major/bin/../lib/gcc/arm-none-eabi/7.2.1/../../../../arm-none-eabi/lib/thumb/v7e-m/fpv4-sp/hard\libc_nano.a(lib_a-printf.o)
                              build/spi.o (printf)
c:/program files (x86)/gnu tools arm embedded/7 2017-q4-major/bin/../lib/gcc/arm-none-eabi/7.2.1/../../../../arm-none-eabi/lib/thumb/v7e-m/fpv4-sp/hard\libc_nano.a(lib_a-setbuf.o)
                              build/main.o (setbuf)
c:/program files (x86)/gnu tools arm embedded/7 2017-q4-major/bin/../lib/gcc/arm-none-eabi/7.2.1/../../../../arm-none-eabi/lib/thumb/v7e-m/fpv4-sp/hard\libc_nano.a(lib_a-setvbuf.o)
                              c:/program files (x86)/gnu tools arm embedded/7 2017-q4-major/bin/../lib/gcc/arm-none-eabi/7.2.1/../../../../arm-none-eabi/lib/thumb/v7e-m/fpv4-sp/hard\libc_nano.a(lib_a-setbuf.o) (setvbuf)
c:/program files (x86)/gnu tools arm embedded/7 2017-q4-major/bin/../lib/gcc/arm-none-eabi/7.2.1/../../../../arm-none-eabi/lib/thumb/v7e-m/fpv4-sp/hard\libc_nano.a(lib_a-strlen.o)
                              c:/program files (x86)/gnu tools arm embedded/7 2017-q4-major/bin/../lib/gcc/arm-none-eabi/7.2.1/../../../../arm-none-eabi/lib/thumb/v7e-m/fpv4-sp/hard\libc_nano.a(lib_a-nano-vfprintf_float.o) (strlen)
c:/program files (x86)/gnu tools arm embedded/7 2017-q4-major/bin/../lib/gcc/arm-none-eabi/7.2.1/../../../../arm-none-eabi/lib/thumb/v7e-m/fpv4-sp/hard\libc_nano.a(lib_a-dtoa.o)
                              c:/program files (x86)/gnu tools arm embedded/7 2017-q4-major/bin/../lib/gcc/arm-none-eabi/7.2.1/../../../../arm-none-eabi/lib/thumb/v7e-m/fpv4-sp/hard\libc_nano.a(lib_a-nano-vfprintf_float.o) (_dtoa_r)
c:/program files (x86)/gnu tools arm embedded/7 2017-q4-major/bin/../lib/gcc/arm-none-eabi/7.2.1/../../../../arm-none-eabi/lib/thumb/v7e-m/fpv4-sp/hard\libc_nano.a(lib_a-fflush.o)
                              c:/program files (x86)/gnu tools arm embedded/7 2017-q4-major/bin/../lib/gcc/arm-none-eabi/7.2.1/../../../../arm-none-eabi/lib/thumb/v7e-m/fpv4-sp/hard\libc_nano.a(lib_a-setvbuf.o) (_fflush_r)
c:/program files (x86)/gnu tools arm embedded/7 2017-q4-major/bin/../lib/gcc/arm-none-eabi/7.2.1/../../../../arm-none-eabi/lib/thumb/v7e-m/fpv4-sp/hard\libc_nano.a(lib_a-findfp.o)
[...]
Memory Configuration

Name             Origin             Length             Attributes
RAM              0x20000000         0x00020000         xrw
CCMRAM           0x10000000         0x00010000         rw
FLASH            0x08000000         0x00100000         xr
*default*        0x00000000         0xffffffff

Linker script and memory map

LOAD c:/program files (x86)/gnu tools arm embedded/7 2017-q4-major/bin/../lib/gcc/arm-none-eabi/7.2.1/thumb/v7e-m/fpv4-sp/hard/crti.o
LOAD c:/program files (x86)/gnu tools arm embedded/7 2017-q4-major/bin/../lib/gcc/arm-none-eabi/7.2.1/thumb/v7e-m/fpv4-sp/hard/crtbegin.o
LOAD c:/program files (x86)/gnu tools arm embedded/7 2017-q4-major/bin/../lib/gcc/arm-none-eabi/7.2.1/../../../../arm-none-eabi/lib/thumb/v7e-m/fpv4-sp/hard/crt0.o
LOAD build/stm32f4xx_hal_rcc_ex.o
LOAD build/stm32f4xx_hal_pwr.o
LOAD build/stm32f4xx_hal_dma_ex.o
LOAD build/stm32f4xx_hal_adc_ex.o
LOAD build/stm32f4xx_hal.o
LOAD build/system_stm32f4xx.o
LOAD build/stm32f4xx_hal_flash_ex.o
LOAD build/stm32f4xx_hal_gpio.o
LOAD build/adc.o
LOAD build/stm32f4xx_it.o
LOAD build/stm32f4xx_hal_tim_ex.o
LOAD build/gpio.o
LOAD build/stm32f4xx_hal_pwr_ex.o
LOAD build/stm32f4xx_hal_spi.o
LOAD build/stm32f4xx_hal_rcc.o
LOAD build/stm32f4xx_hal_flash.o
LOAD build/main.o
LOAD build/usart.o
LOAD build/stm32f4xx_hal_flash_ramfunc.o
LOAD build/stm32f4xx_hal_uart.o
LOAD build/tim.o
LOAD build/stm32f4xx_hal_cortex.o
LOAD build/stm32f4xx_hal_adc.o
LOAD build/stm32f4xx_hal_msp.o
LOAD build/stm32f4xx_hal_dma.o
LOAD build/stm32f4xx_hal_tim.o
LOAD build/spi.o
LOAD build/syscalls.o
LOAD build/global.o
LOAD build/control.o
LOAD build/mode.o
LOAD build/motion.o
LOAD build/maze_analysis.o
LOAD build/maze_infomation.o
LOAD build/interface.o
LOAD build/other_function.o
LOAD build/filter.o
LOAD build/calculate.o
LOAD build/startup_stm32f405xx.o
LOAD c:/program files (x86)/gnu tools arm embedded/7 2017-q4-major/bin/../lib/gcc/arm-none-eabi/7.2.1/../../../../arm-none-eabi/lib/thumb/v7e-m/fpv4-sp/hard\libc_nano.a
LOAD c:/program files (x86)/gnu tools arm embedded/7 2017-q4-major/bin/../lib/gcc/arm-none-eabi/7.2.1/../../../../arm-none-eabi/lib/thumb/v7e-m/fpv4-sp/hard\libm.a
LOAD c:/program files (x86)/gnu tools arm embedded/7 2017-q4-major/bin/../lib/gcc/arm-none-eabi/7.2.1/../../../../arm-none-eabi/lib/thumb/v7e-m/fpv4-sp/hard\libnosys.a
LOAD Drivers/CMSIS/Lib/GCC/\libarm_cortexM4lf_math.a
START GROUP
LOAD c:/program files (x86)/gnu tools arm embedded/7 2017-q4-major/bin/../lib/gcc/arm-none-eabi/7.2.1/thumb/v7e-m/fpv4-sp/hard\libgcc.a
LOAD c:/program files (x86)/gnu tools arm embedded/7 2017-q4-major/bin/../lib/gcc/arm-none-eabi/7.2.1/../../../../arm-none-eabi/lib/thumb/v7e-m/fpv4-sp/hard\libc_nano.a
END GROUP
START GROUP
LOAD c:/program files (x86)/gnu tools arm embedded/7 2017-q4-major/bin/../lib/gcc/arm-none-eabi/7.2.1/thumb/v7e-m/fpv4-sp/hard\libgcc.a
LOAD c:/program files (x86)/gnu tools arm embedded/7 2017-q4-major/bin/../lib/gcc/arm-none-eabi/7.2.1/../../../../arm-none-eabi/lib/thumb/v7e-m/fpv4-sp/hard\libc_nano.a
END GROUP
LOAD c:/program files (x86)/gnu tools arm embedded/7 2017-q4-major/bin/../lib/gcc/arm-none-eabi/7.2.1/thumb/v7e-m/fpv4-sp/hard/crtend.o
LOAD c:/program files (x86)/gnu tools arm embedded/7 2017-q4-major/bin/../lib/gcc/arm-none-eabi/7.2.1/thumb/v7e-m/fpv4-sp/hard/crtn.o
                0x20020000                _estack = 0x20020000
                0x00000200                _Min_Heap_Size = 0x200
                0x00000400                _Min_Stack_Size = 0x400

.isr_vector     0x08000000      0x188
                0x08000000                . = ALIGN (0x4)
 *(.isr_vector)
 .isr_vector    0x08000000      0x188 build/startup_stm32f405xx.o
                0x08000000                g_pfnVectors
                0x08000188                . = ALIGN (0x4)

.text           0x08000190     0x7820
                0x08000190                . = ALIGN (0x4)
 *(.text)
 .text          0x08000190       0x40 c:/program files (x86)/gnu tools arm embedded/7 2017-q4-major/bin/../lib/gcc/arm-none-eabi/7.2.1/thumb/v7e-m/fpv4-sp/hard/crtbegin.o
 .text          0x080001d0       0x10 c:/program files (x86)/gnu tools arm embedded/7 2017-q4-major/bin/../lib/gcc/arm-none-eabi/7.2.1/../../../../arm-none-eabi/lib/thumb/v7e-m/fpv4-sp/hard\libc_nano.a(lib_a-strlen.o)
                0x080001d0                strlen
 .text          0x080001e0       0xa0 c:/program files (x86)/gnu tools arm embedded/7 2017-q4-major/bin/../lib/gcc/arm-none-eabi/7.2.1/../../../../arm-none-eabi/lib/thumb/v7e-m/fpv4-sp/hard\libc_nano.a(lib_a-memchr.o)
                0x080001e0                memchr
 .text          0x08000280      0x378 c:/program files (x86)/gnu tools arm embedded/7 2017-q4-major/bin/../lib/gcc/arm-none-eabi/7.2.1/thumb/v7e-m/fpv4-sp/hard\libgcc.a(_arm_addsubdf3.o)
                0x08000280                __aeabi_drsub
                0x08000288                __aeabi_dsub
                0x08000288                __subdf3
                0x0800028c                __aeabi_dadd
                0x0800028c                __adddf3
                0x08000504                __floatunsidf
                0x08000504                __aeabi_ui2d
                0x08000524                __floatsidf
                0x08000524                __aeabi_i2d
                0x08000548                __aeabi_f2d
                0x08000548                __extendsfdf2
                0x0800058c                __floatundidf
                0x0800058c                __aeabi_ul2d
                0x0800059c                __floatdidf
                0x0800059c                __aeabi_l2d
 .text          0x080005f8      0x424 c:/program files (x86)/gnu tools arm embedded/7 2017-q4-major/bin/../lib/gcc/arm-none-eabi/7.2.1/thumb/v7e-m/fpv4-sp/hard\libgcc.a(_arm_muldivdf3.o)
                0x080005f8                __aeabi_dmul
                0x080005f8                __muldf3
                0x0800084c                __divdf3
                0x0800084c                __aeabi_ddiv
 .text          0x08000a1c      0x110 c:/program files (x86)/gnu tools arm embedded/7 2017-q4-major/bin/../lib/gcc/arm-none-eabi/7.2.1/thumb/v7e-m/fpv4-sp/hard\libgcc.a(_arm_cmpdf2.o)
                0x08000a1c                __gtdf2
                0x08000a1c                __gedf2
                0x08000a24                __ltdf2
                0x08000a24                __ledf2
                0x08000a2c                __nedf2
                0x08000a2c                __eqdf2
                0x08000a2c                __cmpdf2
                0x08000aa8                __aeabi_cdrcmple
                0x08000ab8                __aeabi_cdcmpeq
                0x08000ab8                __aeabi_cdcmple
                0x08000ac8                __aeabi_dcmpeq
                0x08000adc                __aeabi_dcmplt
                0x08000af0                __aeabi_dcmple
                0x08000b04                __aeabi_dcmpge
                0x08000b18                __aeabi_dcmpgt
 .text          0x08000b2c       0x2c c:/program files (x86)/gnu tools arm embedded/7 2017-q4-major/bin/../lib/gcc/arm-none-eabi/7.2.1/thumb/v7e-m/fpv4-sp/hard\libgcc.a(_arm_unorddf2.o)
                0x08000b2c                __unorddf2
                0x08000b2c                __aeabi_dcmpun
 .text          0x08000b58       0x50 c:/program files (x86)/gnu tools arm embedded/7 2017-q4-major/bin/../lib/gcc/arm-none-eabi/7.2.1/thumb/v7e-m/fpv4-sp/hard\libgcc.a(_arm_fixdfsi.o)
                0x08000b58                __aeabi_d2iz
                0x08000b58                __fixdfsi
 .text          0x08000ba8       0x30 c:/program files (x86)/gnu tools arm embedded/7 2017-q4-major/bin/../lib/gcc/arm-none-eabi/7.2.1/thumb/v7e-m/fpv4-sp/hard\libgcc.a(_aeabi_uldivmod.o)
                0x08000ba8                __aeabi_uldivmod
 .text          0x08000bd8      0x2cc c:/program files (x86)/gnu tools arm embedded/7 2017-q4-major/bin/../lib/gcc/arm-none-eabi/7.2.1/thumb/v7e-m/fpv4-sp/hard\libgcc.a(_udivmoddi4.o)
                0x08000bd8                __udivmoddi4
 .text          0x08000ea4        0x4 c:/program files (x86)/gnu tools arm embedded/7 2017-q4-major/bin/../lib/gcc/arm-none-eabi/7.2.1/thumb/v7e-m/fpv4-sp/hard\libgcc.a(_dvmd_tls.o)
                0x08000ea4                __aeabi_idiv0
                0x08000ea4                __aeabi_ldiv0
 *(.text*)
 .text.HAL_InitTick
                0x08000ea8       0x4c build/stm32f4xx_hal.o
                0x08000ea8                HAL_InitTick
 .text.HAL_Init
                0x08000ef4       0x34 build/stm32f4xx_hal.o
                0x08000ef4                HAL_Init
 .text.HAL_IncTick
                0x08000f28       0x18 build/stm32f4xx_hal.o
                0x08000f28                HAL_IncTick
 .text.HAL_GetTick
                0x08000f40        0xc build/stm32f4xx_hal.o
                0x08000f40                HAL_GetTick
 .text.HAL_Delay
                0x08000f4c       0x28 build/stm32f4xx_hal.o
                0x08000f4c                HAL_Delay
 .text.SystemInit
                0x08000f74       0x4c build/system_stm32f4xx.o
                0x08000f74                SystemInit
 .text.HAL_GPIO_Init
                0x08000fc0      0x1c8 build/stm32f4xx_hal_gpio.o
                0x08000fc0                HAL_GPIO_Init
 .text.HAL_GPIO_ReadPin
                0x08001188        0xe build/stm32f4xx_hal_gpio.o
                0x08001188                HAL_GPIO_ReadPin
 .text.HAL_GPIO_WritePin
                0x08001196        0xc build/stm32f4xx_hal_gpio.o
                0x08001196                HAL_GPIO_WritePin
 *fill*         0x080011a2        0x2 
 .text.MX_ADC1_Init
                0x080011a4       0x70 build/adc.o
                0x080011a4                MX_ADC1_Init
 .text.MX_ADC2_Init
                0x08001214       0x70 build/adc.o
                0x08001214                MX_ADC2_Init
 .text.MX_ADC3_Init
                0x08001284       0x70 build/adc.o
                0x08001284                MX_ADC3_Init
 .text.HAL_ADC_MspInit
                0x080012f4       0xb8 build/adc.o
                0x080012f4                HAL_ADC_MspInit
 .text.update_batt_date
                0x080013ac       0x4c build/adc.o
                0x080013ac                update_batt_date
 .text.update_front_sen_on
                0x080013f8       0x84 build/adc.o
                0x080013f8                update_front_sen_on
 .text.update_side_sen_on
                0x0800147c       0x80 build/adc.o
                0x0800147c                update_side_sen_on
 .text.update_front_sen_off
                0x080014fc       0x84 build/adc.o
                0x080014fc                update_front_sen_off
 .text.update_side_sen_off
                0x08001580       0x80 build/adc.o
                0x08001580                update_side_sen_off
 .text.NMI_Handler
                0x08001600        0x2 build/stm32f4xx_it.o
                0x08001600                NMI_Handler
 .text.HardFault_Handler
                0x08001602        0x2 build/stm32f4xx_it.o
                0x08001602                HardFault_Handler
 .text.MemManage_Handler
                0x08001604        0x2 build/stm32f4xx_it.o
                0x08001604                MemManage_Handler
 .text.BusFault_Handler
                0x08001606        0x2 build/stm32f4xx_it.o
                0x08001606                BusFault_Handler
 .text.UsageFault_Handler
                0x08001608        0x2 build/stm32f4xx_it.o
                0x08001608                UsageFault_Handler
 .text.SVC_Handler
                0x0800160a        0x2 build/stm32f4xx_it.o
                0x0800160a                SVC_Handler
 .text.DebugMon_Handler
                0x0800160c        0x2 build/stm32f4xx_it.o
                0x0800160c                DebugMon_Handler
 .text.PendSV_Handler
                0x0800160e        0x2 build/stm32f4xx_it.o
                0x0800160e                PendSV_Handler
 .text.SysTick_Handler
                0x08001610       0x2c build/stm32f4xx_it.o
                0x08001610                SysTick_Handler
 .text.TIM5_IRQHandler
                0x0800163c       0x88 build/stm32f4xx_it.o
                0x0800163c                TIM5_IRQHandler
 .text.HAL_TIMEx_MasterConfigSynchronization
                0x080016c4       0x52 build/stm32f4xx_hal_tim_ex.o
                0x080016c4                HAL_TIMEx_MasterConfigSynchronization
 .text.HAL_TIMEx_ConfigBreakDeadTime
                0x08001716       0x58 build/stm32f4xx_hal_tim_ex.o
                0x08001716                HAL_TIMEx_ConfigBreakDeadTime
 .text.HAL_TIMEx_CommutationCallback
                0x0800176e        0x2 build/stm32f4xx_hal_tim_ex.o
                0x0800176e                HAL_TIMEx_CommutationCallback
 .text.HAL_TIMEx_BreakCallback
                0x08001770        0x2 build/stm32f4xx_hal_tim_ex.o
                0x08001770                HAL_TIMEx_BreakCallback
 *fill*         0x08001772        0x2 
 .text.MX_GPIO_Init
                0x08001774       0xc4 build/gpio.o
                0x08001774                MX_GPIO_Init
 .text.SPI_WaitFlagStateUntilTimeout
                0x08001838       0x96 build/stm32f4xx_hal_spi.o
 .text.SPI_CheckFlag_BSY
                0x080018ce       0x28 build/stm32f4xx_hal_spi.o
 .text.HAL_SPI_Init
                0x080018f6       0x80 build/stm32f4xx_hal_spi.o
                0x080018f6                HAL_SPI_Init
 .text.HAL_SPI_Transmit
                0x08001976      0x1a6 build/stm32f4xx_hal_spi.o
                0x08001976                HAL_SPI_Transmit
 .text.HAL_SPI_TransmitReceive
                0x08001b1c      0x238 build/stm32f4xx_hal_spi.o
                0x08001b1c                HAL_SPI_TransmitReceive
 .text.HAL_SPI_Receive
                0x08001d54      0x168 build/stm32f4xx_hal_spi.o
                0x08001d54                HAL_SPI_Receive
 .text.HAL_RCC_OscConfig
                0x08001ebc      0x398 build/stm32f4xx_hal_rcc.o
                0x08001ebc                HAL_RCC_OscConfig
 .text.HAL_RCC_GetSysClockFreq
                0x08002254       0xa8 build/stm32f4xx_hal_rcc.o
                0x08002254                HAL_RCC_GetSysClockFreq
 .text.HAL_RCC_ClockConfig
                0x080022fc      0x158 build/stm32f4xx_hal_rcc.o
                0x080022fc                HAL_RCC_ClockConfig
 .text.HAL_RCC_GetHCLKFreq
                0x08002454        0xc build/stm32f4xx_hal_rcc.o
                0x08002454                HAL_RCC_GetHCLKFreq
 .text.HAL_RCC_GetPCLK1Freq
                0x08002460       0x20 build/stm32f4xx_hal_rcc.o
                0x08002460                HAL_RCC_GetPCLK1Freq
 .text.HAL_RCC_GetPCLK2Freq
                0x08002480       0x20 build/stm32f4xx_hal_rcc.o
                0x08002480                HAL_RCC_GetPCLK2Freq
 .text.__io_putchar
                0x080024a0       0x20 build/main.o
                0x080024a0                __io_putchar
 .text.Init_Main
                0x080024c0       0x58 build/main.o
                0x080024c0                Init_Main
 .text._Error_Handler
                0x08002518        0x2 build/main.o
                0x08002518                _Error_Handler
 *fill*         0x0800251a        0x2 
 .text.SystemClock_Config
                0x0800251c       0xbc build/main.o
                0x0800251c                SystemClock_Config
 .text.main     0x080025d8       0x44 build/main.o
                0x080025d8                main
 .text.MX_USART3_UART_Init
                0x0800261c       0x3c build/usart.o
                0x0800261c                MX_USART3_UART_Init
 .text.HAL_UART_MspInit
                0x08002658       0x58 build/usart.o
                0x08002658                HAL_UART_MspInit
 .text.UART_SetConfig
                0x080026b0      0x334 build/stm32f4xx_hal_uart.o
 .text.UART_WaitOnFlagUntilTimeout
                0x080029e4       0x62 build/stm32f4xx_hal_uart.o
 .text.HAL_UART_Init
                0x08002a46       0x5e build/stm32f4xx_hal_uart.o
                0x08002a46                HAL_UART_Init
 .text.HAL_UART_Transmit
                0x08002aa4       0xe0 build/stm32f4xx_hal_uart.o
                0x08002aa4                HAL_UART_Transmit
 .text.MX_TIM3_Init
                0x08002b84       0x6c build/tim.o
                0x08002b84                MX_TIM3_Init
 .text.MX_TIM4_Init
                0x08002bf0       0x6c build/tim.o
                0x08002bf0                MX_TIM4_Init
 .text.MX_TIM5_Init
                0x08002c5c       0x74 build/tim.o
                0x08002c5c                MX_TIM5_Init
 .text.HAL_TIM_PWM_MspInit
                0x08002cd0       0x50 build/tim.o
                0x08002cd0                HAL_TIM_PWM_MspInit
 .text.HAL_TIM_Encoder_MspInit
                0x08002d20       0x8c build/tim.o
                0x08002d20                HAL_TIM_Encoder_MspInit
 .text.HAL_TIM_Base_MspInit
                0x08002dac       0x40 build/tim.o
                0x08002dac                HAL_TIM_Base_MspInit
 .text.HAL_TIM_MspPostInit
                0x08002dec       0x5c build/tim.o
                0x08002dec                HAL_TIM_MspPostInit
 .text.MX_TIM1_Init
                0x08002e48       0xf8 build/tim.o
                0x08002e48                MX_TIM1_Init
 .text.MX_TIM2_Init
                0x08002f40       0x7c build/tim.o
                0x08002f40                MX_TIM2_Init
 .text.Buzzer_pwm
                0x08002fbc       0x7c build/tim.o
                0x08002fbc                Buzzer_pwm
 .text.Motor_pwm
                0x08003038      0x1a0 build/tim.o
                0x08003038                Motor_pwm
 .text.update_encoder
                0x080031d8      0x108 build/tim.o
                0x080031d8                update_encoder
 .text.HAL_NVIC_SetPriorityGrouping
                0x080032e0       0x24 build/stm32f4xx_hal_cortex.o
                0x080032e0                HAL_NVIC_SetPriorityGrouping
 .text.HAL_NVIC_SetPriority
                0x08003304       0x68 build/stm32f4xx_hal_cortex.o
                0x08003304                HAL_NVIC_SetPriority
 .text.HAL_NVIC_EnableIRQ
                0x0800336c       0x18 build/stm32f4xx_hal_cortex.o
                0x0800336c                HAL_NVIC_EnableIRQ
 .text.HAL_SYSTICK_Config
                0x08003384       0x2c build/stm32f4xx_hal_cortex.o
                0x08003384                HAL_SYSTICK_Config
 .text.HAL_SYSTICK_CLKSourceConfig
                0x080033b0       0x20 build/stm32f4xx_hal_cortex.o
                0x080033b0                HAL_SYSTICK_CLKSourceConfig
 .text.HAL_SYSTICK_Callback
                0x080033d0        0x2 build/stm32f4xx_hal_cortex.o
                0x080033d0                HAL_SYSTICK_Callback
 .text.HAL_SYSTICK_IRQHandler
                0x080033d2        0x8 build/stm32f4xx_hal_cortex.o
                0x080033d2                HAL_SYSTICK_IRQHandler
 *fill*         0x080033da        0x2 
 .text.ADC_Init
                0x080033dc      0x130 build/stm32f4xx_hal_adc.o
 .text.HAL_ADC_Init
                0x0800350c       0x54 build/stm32f4xx_hal_adc.o
                0x0800350c                HAL_ADC_Init
 .text.HAL_ADC_Start
                0x08003560       0xf8 build/stm32f4xx_hal_adc.o
                0x08003560                HAL_ADC_Start
 .text.HAL_ADC_Stop
                0x08003658       0x40 build/stm32f4xx_hal_adc.o
                0x08003658                HAL_ADC_Stop
 .text.HAL_ADC_PollForConversion
                0x08003698       0xb6 build/stm32f4xx_hal_adc.o
                0x08003698                HAL_ADC_PollForConversion
 .text.HAL_ADC_GetValue
                0x0800374e        0x6 build/stm32f4xx_hal_adc.o
                0x0800374e                HAL_ADC_GetValue
 .text.HAL_ADC_ConfigChannel
                0x08003754      0x190 build/stm32f4xx_hal_adc.o
                0x08003754                HAL_ADC_ConfigChannel
 .text.HAL_MspInit
                0x080038e4       0x5e build/stm32f4xx_hal_msp.o
                0x080038e4                HAL_MspInit
 *fill*         0x08003942        0x2 
 .text.TIM_OC1_SetConfig
                0x08003944       0x5c build/stm32f4xx_hal_tim.o
 .text.TIM_OC3_SetConfig
                0x080039a0       0x60 build/stm32f4xx_hal_tim.o
 .text.TIM_OC4_SetConfig
                0x08003a00       0x50 build/stm32f4xx_hal_tim.o
 .text.TIM_TI1_ConfigInputStage
                0x08003a50       0x26 build/stm32f4xx_hal_tim.o
 .text.TIM_TI2_ConfigInputStage
                0x08003a76       0x28 build/stm32f4xx_hal_tim.o
 .text.TIM_ITRx_SetConfig
                0x08003a9e       0x10 build/stm32f4xx_hal_tim.o
 .text.TIM_ETR_SetConfig
                0x08003aae       0x18 build/stm32f4xx_hal_tim.o
 .text.HAL_TIM_Base_Start_IT
                0x08003ac6       0x18 build/stm32f4xx_hal_tim.o
                0x08003ac6                HAL_TIM_Base_Start_IT
 .text.HAL_TIM_ConfigClockSource
                0x08003ade      0x108 build/stm32f4xx_hal_tim.o
                0x08003ade                HAL_TIM_ConfigClockSource
 .text.HAL_TIM_PeriodElapsedCallback
                0x08003be6        0x2 build/stm32f4xx_hal_tim.o
                0x08003be6                HAL_TIM_PeriodElapsedCallback
 .text.HAL_TIM_OC_DelayElapsedCallback
                0x08003be8        0x2 build/stm32f4xx_hal_tim.o
                0x08003be8                HAL_TIM_OC_DelayElapsedCallback
 .text.HAL_TIM_IC_CaptureCallback
                0x08003bea        0x2 build/stm32f4xx_hal_tim.o
                0x08003bea                HAL_TIM_IC_CaptureCallback
 .text.HAL_TIM_PWM_PulseFinishedCallback
                0x08003bec        0x2 build/stm32f4xx_hal_tim.o
                0x08003bec                HAL_TIM_PWM_PulseFinishedCallback
 .text.HAL_TIM_TriggerCallback
                0x08003bee        0x2 build/stm32f4xx_hal_tim.o
                0x08003bee                HAL_TIM_TriggerCallback
 .text.HAL_TIM_IRQHandler
                0x08003bf0      0x17a build/stm32f4xx_hal_tim.o
                0x08003bf0                HAL_TIM_IRQHandler
 *fill*         0x08003d6a        0x2 
 .text.TIM_Base_SetConfig
                0x08003d6c       0xc0 build/stm32f4xx_hal_tim.o
                0x08003d6c                TIM_Base_SetConfig
 .text.HAL_TIM_Base_Init
                0x08003e2c       0x32 build/stm32f4xx_hal_tim.o
                0x08003e2c                HAL_TIM_Base_Init
 .text.HAL_TIM_PWM_Init
                0x08003e5e       0x32 build/stm32f4xx_hal_tim.o
                0x08003e5e                HAL_TIM_PWM_Init
 .text.HAL_TIM_Encoder_Init
                0x08003e90       0x98 build/stm32f4xx_hal_tim.o
                0x08003e90                HAL_TIM_Encoder_Init
 .text.TIM_OC2_SetConfig
                0x08003f28       0x64 build/stm32f4xx_hal_tim.o
                0x08003f28                TIM_OC2_SetConfig
 .text.HAL_TIM_PWM_ConfigChannel
                0x08003f8c       0xdc build/stm32f4xx_hal_tim.o
                0x08003f8c                HAL_TIM_PWM_ConfigChannel
 .text.TIM_CCxChannelCmd
                0x08004068       0x1e build/stm32f4xx_hal_tim.o
                0x08004068                TIM_CCxChannelCmd
 *fill*         0x08004086        0x2 
 .text.HAL_TIM_PWM_Start
                0x08004088       0x38 build/stm32f4xx_hal_tim.o
                0x08004088                HAL_TIM_PWM_Start
 .text.HAL_TIM_Encoder_Start
                0x080040c0       0x44 build/stm32f4xx_hal_tim.o
                0x080040c0                HAL_TIM_Encoder_Start
 .text.MX_SPI2_Init
                0x08004104       0x48 build/spi.o
                0x08004104                MX_SPI2_Init
 .text.HAL_SPI_MspInit
                0x0800414c       0x54 build/spi.o
                0x0800414c                HAL_SPI_MspInit
 .text.read_byte
                0x080041a0       0x54 build/spi.o
                0x080041a0                read_byte
 .text.read_shift_byte
                0x080041f4       0x5c build/spi.o
                0x080041f4                read_shift_byte
 .text.write_byte
                0x08004250       0x54 build/spi.o
                0x08004250                write_byte
 .text.set_mpu6500
                0x080042a4       0x38 build/spi.o
                0x080042a4                set_mpu6500
 .text.get_gyro
                0x080042dc       0x24 build/spi.o
                0x080042dc                get_gyro
 .text.gyro_offset_calc_reset
                0x08004300       0x1c build/spi.o
                0x08004300                gyro_offset_calc_reset
 .text.gyro_offset_calc
                0x0800431c       0x54 build/spi.o
                0x0800431c                gyro_offset_calc
 .text.Update_gyro
                0x08004370       0x60 build/spi.o
                0x08004370                Update_gyro
 .text._read    0x080043d0       0x1c build/syscalls.o
                0x080043d0                _read
 .text._write   0x080043ec       0x1c build/syscalls.o
                0x080043ec                _write
 .text._sbrk    0x08004408       0x3c build/syscalls.o
                0x08004408                _sbrk
 .text._close   0x08004444        0x6 build/syscalls.o
                0x08004444                _close
 .text._fstat   0x0800444a        0xa build/syscalls.o
                0x0800444a                _fstat
 .text._isatty  0x08004454        0x4 build/syscalls.o
                0x08004454                _isatty
 .text._lseek   0x08004458        0x4 build/syscalls.o
                0x08004458                _lseek
 .text.PID_value
                0x0800445c       0x40 build/control.o
                0x0800445c                PID_value
 .text.Straight_SysTic_fb
                0x0800449c      0x168 build/control.o
                0x0800449c                Straight_SysTic_fb
 .text.Yawrate_SysTic_fb
                0x08004604      0x118 build/control.o
                0x08004604                Yawrate_SysTic_fb
 .text.Control_pwm
                0x0800471c       0x44 build/control.o
                0x0800471c                Control_pwm
 .text.Control_val_reset
                0x08004760       0x34 build/control.o
                0x08004760                Control_val_reset
 .text.Mode_select
                0x08004794       0x90 build/mode.o
                0x08004794                Mode_select
 .text.Mode_Sensor_Check
                0x08004824       0xcc build/mode.o
                0x08004824                Mode_Sensor_Check
 .text.Mode_mouse
                0x080048f0       0xf8 build/mode.o
                0x080048f0                Mode_mouse
 .text.Straight_half_accel
                0x080049e8       0x2c build/motion.o
                0x080049e8                Straight_half_accel
 .text.Straight_half_stop
                0x08004a14       0x2c build/motion.o
                0x08004a14                Straight_half_stop
 .text.Straight_const
                0x08004a40       0x2c build/motion.o
                0x08004a40                Straight_const
 .text.LeftTurn
                0x08004a6c       0x2c build/motion.o
                0x08004a6c                LeftTurn
 .text.RightTurn
                0x08004a98       0x2e build/motion.o
                0x08004a98                RightTurn
 .text.U_Turn   0x08004ac6       0x2c build/motion.o
                0x08004ac6                U_Turn
 *fill*         0x08004af2        0x2 
 .text.Motion_Start
                0x08004af4       0x64 build/motion.o
                0x08004af4                Motion_Start
 .text.Motion_Straight
                0x08004b58       0x14 build/motion.o
                0x08004b58                Motion_Straight
 .text.Motion_Left
                0x08004b6c       0x2c build/motion.o
                0x08004b6c                Motion_Left
 .text.Motion_Right
                0x08004b98       0x2c build/motion.o
                0x08004b98                Motion_Right
 .text.Motion_Goal
                0x08004bc4       0x14 build/motion.o
                0x08004bc4                Motion_Goal
 .text.Output_Buzzer
                0x08004bd8       0x1a build/interface.o
                0x08004bd8                Output_Buzzer
 *fill*         0x08004bf2        0x2 
 .text.Push     0x08004bf4       0x24 build/interface.o
                0x08004bf4                Push
 .text.All_LED_OFF
                0x08004c18       0x38 build/interface.o
                0x08004c18                All_LED_OFF
 .text.LED_Control
                0x08004c50       0x90 build/interface.o
                0x08004c50                LED_Control
 .text.Reset_Flag
                0x08004ce0       0x14 build/other_function.o
                0x08004ce0                Reset_Flag
 .text.Reset_Value
                0x08004cf4       0x38 build/other_function.o
                0x08004cf4                Reset_Value
 .text.update_wall
                0x08004d2c       0x90 build/filter.o
                0x08004d2c                update_wall
 .text.All_IR_OFF
                0x08004dbc       0x34 build/filter.o
                0x08004dbc                All_IR_OFF
 .text.IR_Contoroll
                0x08004df0       0x7c build/filter.o
                0x08004df0                IR_Contoroll
 .text.Input_Sensor
                0x08004e6c       0x24 build/filter.o
                0x08004e6c                Input_Sensor
 .text.Batt_check
                0x08004e90       0xac build/filter.o
                0x08004e90                Batt_check
 .text.Straight_Calc_fb
                0x08004f3c       0xf8 build/calculate.o
                0x08004f3c                Straight_Calc_fb
 .text.Yawrate_Calc_fb
                0x08005034       0xf8 build/calculate.o
                0x08005034                Yawrate_Calc_fb
 .text.Reset_Handler
                0x0800512c       0x50 build/startup_stm32f405xx.o
                0x0800512c                Reset_Handler
 .text.Default_Handler
                0x0800517c        0x2 build/startup_stm32f405xx.o
                0x0800517c                RTC_Alarm_IRQHandler
                0x0800517c                HASH_RNG_IRQHandler
                0x0800517c                EXTI2_IRQHandler
                0x0800517c                TIM8_CC_IRQHandler
                0x0800517c                TIM1_CC_IRQHandler
                0x0800517c                DMA2_Stream5_IRQHandler
                0x0800517c                DMA1_Stream5_IRQHandler
                0x0800517c                PVD_IRQHandler
                0x0800517c                SDIO_IRQHandler
                0x0800517c                TAMP_STAMP_IRQHandler
                0x0800517c                CAN2_RX1_IRQHandler
                0x0800517c                EXTI3_IRQHandler
                0x0800517c                TIM8_TRG_COM_TIM14_IRQHandler
                0x0800517c                TIM1_UP_TIM10_IRQHandler
                0x0800517c                TIM8_UP_TIM13_IRQHandler
                0x0800517c                I2C3_ER_IRQHandler
                0x0800517c                EXTI0_IRQHandler
                0x0800517c                I2C2_EV_IRQHandler
                0x0800517c                DMA1_Stream2_IRQHandler
                0x0800517c                CAN1_RX0_IRQHandler
                0x0800517c                FPU_IRQHandler
                0x0800517c                OTG_HS_WKUP_IRQHandler
                0x0800517c                CAN2_SCE_IRQHandler
                0x0800517c                DMA2_Stream2_IRQHandler
                0x0800517c                SPI1_IRQHandler
                0x0800517c                TIM6_DAC_IRQHandler
                0x0800517c                TIM1_BRK_TIM9_IRQHandler
                0x0800517c                CAN2_RX0_IRQHandler
                0x0800517c                DMA2_Stream3_IRQHandler
                0x0800517c                USART6_IRQHandler
                0x0800517c                USART3_IRQHandler
                0x0800517c                CAN1_RX1_IRQHandler
                0x0800517c                UART5_IRQHandler
                0x0800517c                DMA2_Stream0_IRQHandler
                0x0800517c                TIM4_IRQHandler
                0x0800517c                I2C1_EV_IRQHandler
                0x0800517c                DMA1_Stream6_IRQHandler
                0x0800517c                DMA1_Stream1_IRQHandler
                0x0800517c                UART4_IRQHandler
                0x0800517c                TIM3_IRQHandler
                0x0800517c                RCC_IRQHandler
                0x0800517c                TIM8_BRK_TIM12_IRQHandler
                0x0800517c                Default_Handler
                0x0800517c                EXTI15_10_IRQHandler
                0x0800517c                ADC_IRQHandler
                0x0800517c                DMA1_Stream7_IRQHandler
                0x0800517c                TIM7_IRQHandler
                0x0800517c                CAN2_TX_IRQHandler
                0x0800517c                DMA2_Stream7_IRQHandler
                0x0800517c                I2C3_EV_IRQHandler
                0x0800517c                EXTI9_5_IRQHandler
                0x0800517c                RTC_WKUP_IRQHandler
                0x0800517c                SPI2_IRQHandler
                0x0800517c                OTG_HS_EP1_IN_IRQHandler
                0x0800517c                DMA1_Stream0_IRQHandler
                0x0800517c                CAN1_TX_IRQHandler
                0x0800517c                EXTI4_IRQHandler
                0x0800517c                FSMC_IRQHandler
                0x0800517c                OTG_HS_EP1_OUT_IRQHandler
                0x0800517c                WWDG_IRQHandler
                0x0800517c                TIM2_IRQHandler
                0x0800517c                OTG_FS_WKUP_IRQHandler
                0x0800517c                TIM1_TRG_COM_TIM11_IRQHandler
                0x0800517c                OTG_HS_IRQHandler
                0x0800517c                EXTI1_IRQHandler
                0x0800517c                USART2_IRQHandler
                0x0800517c                I2C2_ER_IRQHandler
                0x0800517c                DMA2_Stream1_IRQHandler
                0x0800517c                CAN1_SCE_IRQHandler
                0x0800517c                FLASH_IRQHandler
                0x0800517c                DMA2_Stream4_IRQHandler
                0x0800517c                USART1_IRQHandler
                0x0800517c                OTG_FS_IRQHandler
                0x0800517c                SPI3_IRQHandler
                0x0800517c                DMA1_Stream4_IRQHandler
                0x0800517c                I2C1_ER_IRQHandler
                0x0800517c                DMA2_Stream6_IRQHandler
                0x0800517c                DMA1_Stream3_IRQHandler
 *fill*         0x0800517e        0x2 
 .text.__errno  0x08005180        0xc c:/program files (x86)/gnu tools arm embedded/7 2017-q4-major/bin/../lib/gcc/arm-none-eabi/7.2.1/../../../../arm-none-eabi/lib/thumb/v7e-m/fpv4-sp/hard\libc_nano.a(lib_a-errno.o)
                0x08005180                __errno
 .text.__libc_init_array
                0x0800518c       0x48 c:/program files (x86)/gnu tools arm embedded/7 2017-q4-major/bin/../lib/gcc/arm-none-eabi/7.2.1/../../../../arm-none-eabi/lib/thumb/v7e-m/fpv4-sp/hard\libc_nano.a(lib_a-init.o)
                0x0800518c                __libc_init_array
 .text.memset   0x080051d4       0x10 c:/program files (x86)/gnu tools arm embedded/7 2017-q4-major/bin/../lib/gcc/arm-none-eabi/7.2.1/../../../../arm-none-eabi/lib/thumb/v7e-m/fpv4-sp/hard\libc_nano.a(lib_a-memset.o)
                0x080051d4                memset
 .text.__cvt    0x080051e4       0xc2 c:/program files (x86)/gnu tools arm embedded/7 2017-q4-major/bin/../lib/gcc/arm-none-eabi/7.2.1/../../../../arm-none-eabi/lib/thumb/v7e-m/fpv4-sp/hard\libc_nano.a(lib_a-nano-vfprintf_float.o)
                0x080051e4                __cvt
 .text.__exponent
                0x080052a6       0x66 c:/program files (x86)/gnu tools arm embedded/7 2017-q4-major/bin/../lib/gcc/arm-none-eabi/7.2.1/../../../../arm-none-eabi/lib/thumb/v7e-m/fpv4-sp/hard\libc_nano.a(lib_a-nano-vfprintf_float.o)
                0x080052a6                __exponent
 .text._printf_float
                0x0800530c      0x480 c:/program files (x86)/gnu tools arm embedded/7 2017-q4-major/bin/../lib/gcc/arm-none-eabi/7.2.1/../../../../arm-none-eabi/lib/thumb/v7e-m/fpv4-sp/hard\libc_nano.a(lib_a-nano-vfprintf_float.o)
                0x0800530c                _printf_float
 .text._printf_common
                0x0800578c       0xea c:/program files (x86)/gnu tools arm embedded/7 2017-q4-major/bin/../lib/gcc/arm-none-eabi/7.2.1/../../../../arm-none-eabi/lib/thumb/v7e-m/fpv4-sp/hard\libc_nano.a(lib_a-nano-vfprintf_i.o)
                0x0800578c                _printf_common
 *fill*         0x08005876        0x2 
 .text._printf_i
                0x08005878      0x224 c:/program files (x86)/gnu tools arm embedded/7 2017-q4-major/bin/../lib/gcc/arm-none-eabi/7.2.1/../../../../arm-none-eabi/lib/thumb/v7e-m/fpv4-sp/hard\libc_nano.a(lib_a-nano-vfprintf_i.o)
                0x08005878                _printf_i
 .text.printf   0x08005a9c       0x30 c:/program files (x86)/gnu tools arm embedded/7 2017-q4-major/bin/../lib/gcc/arm-none-eabi/7.2.1/../../../../arm-none-eabi/lib/thumb/v7e-m/fpv4-sp/hard\libc_nano.a(lib_a-printf.o)
                0x08005a9c                iprintf
                0x08005a9c                printf
 .text.setbuf   0x08005acc       0x10 c:/program files (x86)/gnu tools arm embedded/7 2017-q4-major/bin/../lib/gcc/arm-none-eabi/7.2.1/../../../../arm-none-eabi/lib/thumb/v7e-m/fpv4-sp/hard\libc_nano.a(lib_a-setbuf.o)
                0x08005acc                setbuf
 .text.setvbuf  0x08005adc      0x15c c:/program files (x86)/gnu tools arm embedded/7 2017-q4-major/bin/../lib/gcc/arm-none-eabi/7.2.1/../../../../arm-none-eabi/lib/thumb/v7e-m/fpv4-sp/hard\libc_nano.a(lib_a-setvbuf.o)
                0x08005adc                setvbuf
 .text.quorem   0x08005c38      0x118 c:/program files (x86)/gnu tools arm embedded/7 2017-q4-major/bin/../lib/gcc/arm-none-eabi/7.2.1/../../../../arm-none-eabi/lib/thumb/v7e-m/fpv4-sp/hard\libc_nano.a(lib_a-dtoa.o)
 .text._dtoa_r  0x08005d50      0xb70 c:/program files (x86)/gnu tools arm embedded/7 2017-q4-major/bin/../lib/gcc/arm-none-eabi/7.2.1/../../../../arm-none-eabi/lib/thumb/v7e-m/fpv4-sp/hard\libc_nano.a(lib_a-dtoa.o)
                0x08005d50                _dtoa_r
 .text.__sflush_r
                0x080068c0      0x10c c:/program files (x86)/gnu tools arm embedded/7 2017-q4-major/bin/../lib/gcc/arm-none-eabi/7.2.1/../../../../arm-none-eabi/lib/thumb/v7e-m/fpv4-sp/hard\libc_nano.a(lib_a-fflush.o)
                0x080068c0                __sflush_r
 .text._fflush_r
                0x080069cc       0x54 c:/program files (x86)/gnu tools arm embedded/7 2017-q4-major/bin/../lib/gcc/arm-none-eabi/7.2.1/../../../../arm-none-eabi/lib/thumb/v7e-m/fpv4-sp/hard\libc_nano.a(lib_a-fflush.o)
                0x080069cc                _fflush_r
 .text.std      0x08006a20       0x48 c:/program files (x86)/gnu tools arm embedded/7 2017-q4-major/bin/../lib/gcc/arm-none-eabi/7.2.1/../../../../arm-none-eabi/lib/thumb/v7e-m/fpv4-sp/hard\libc_nano.a(lib_a-findfp.o)
 .text._cleanup_r
                0x08006a68        0xc c:/program files (x86)/gnu tools arm embedded/7 2017-q4-major/bin/../lib/gcc/arm-none-eabi/7.2.1/../../../../arm-none-eabi/lib/thumb/v7e-m/fpv4-sp/hard\libc_nano.a(lib_a-findfp.o)
                0x08006a68                _cleanup_r
 .text.__sfmoreglue
                0x08006a74       0x2c c:/program files (x86)/gnu tools arm embedded/7 2017-q4-major/bin/../lib/gcc/arm-none-eabi/7.2.1/../../../../arm-none-eabi/lib/thumb/v7e-m/fpv4-sp/hard\libc_nano.a(lib_a-findfp.o)
                0x08006a74                __sfmoreglue
 .text.__sinit  0x08006aa0       0x60 c:/program files (x86)/gnu tools arm embedded/7 2017-q4-major/bin/../lib/gcc/arm-none-eabi/7.2.1/../../../../arm-none-eabi/lib/thumb/v7e-m/fpv4-sp/hard\libc_nano.a(lib_a-findfp.o)
                0x08006aa0                __sinit
 .text.__sfp    0x08006b00       0x78 c:/program files (x86)/gnu tools arm embedded/7 2017-q4-major/bin/../lib/gcc/arm-none-eabi/7.2.1/../../../../arm-none-eabi/lib/thumb/v7e-m/fpv4-sp/hard\libc_nano.a(lib_a-findfp.o)
                0x08006b00                __sfp
 .text._fwalk_reent
                0x08006b78       0x3c c:/program files (x86)/gnu tools arm embedded/7 2017-q4-major/bin/../lib/gcc/arm-none-eabi/7.2.1/../../../../arm-none-eabi/lib/thumb/v7e-m/fpv4-sp/hard\libc_nano.a(lib_a-fwalk.o)
                0x08006b78                _fwalk_reent
 .text._localeconv_r
                0x08006bb4       0x1c c:/program files (x86)/gnu tools arm embedded/7 2017-q4-major/bin/../lib/gcc/arm-none-eabi/7.2.1/../../../../arm-none-eabi/lib/thumb/v7e-m/fpv4-sp/hard\libc_nano.a(lib_a-localeconv.o)
                0x08006bb4                _localeconv_r
 .text.__swhatbuf_r
                0x08006bd0       0x48 c:/program files (x86)/gnu tools arm embedded/7 2017-q4-major/bin/../lib/gcc/arm-none-eabi/7.2.1/../../../../arm-none-eabi/lib/thumb/v7e-m/fpv4-sp/hard\libc_nano.a(lib_a-makebuf.o)
                0x08006bd0                __swhatbuf_r
 .text.__smakebuf_r
                0x08006c18       0x80 c:/program files (x86)/gnu tools arm embedded/7 2017-q4-major/bin/../lib/gcc/arm-none-eabi/7.2.1/../../../../arm-none-eabi/lib/thumb/v7e-m/fpv4-sp/hard\libc_nano.a(lib_a-makebuf.o)
                0x08006c18                __smakebuf_r
 .text.malloc   0x08006c98       0x10 c:/program files (x86)/gnu tools arm embedded/7 2017-q4-major/bin/../lib/gcc/arm-none-eabi/7.2.1/../../../../arm-none-eabi/lib/thumb/v7e-m/fpv4-sp/hard\libc_nano.a(lib_a-malloc.o)
                0x08006c98                malloc
 .text.memcpy   0x08006ca8       0x16 c:/program files (x86)/gnu tools arm embedded/7 2017-q4-major/bin/../lib/gcc/arm-none-eabi/7.2.1/../../../../arm-none-eabi/lib/thumb/v7e-m/fpv4-sp/hard\libc_nano.a(lib_a-memcpy-stub.o)
                0x08006ca8                memcpy
 .text._Balloc  0x08006cbe       0x68 c:/program files (x86)/gnu tools arm embedded/7 2017-q4-major/bin/../lib/gcc/arm-none-eabi/7.2.1/../../../../arm-none-eabi/lib/thumb/v7e-m/fpv4-sp/hard\libc_nano.a(lib_a-mprec.o)
                0x08006cbe                _Balloc
 .text._Bfree   0x08006d26       0x2e c:/program files (x86)/gnu tools arm embedded/7 2017-q4-major/bin/../lib/gcc/arm-none-eabi/7.2.1/../../../../arm-none-eabi/lib/thumb/v7e-m/fpv4-sp/hard\libc_nano.a(lib_a-mprec.o)
                0x08006d26                _Bfree
 .text.__multadd
                0x08006d54       0x76 c:/program files (x86)/gnu tools arm embedded/7 2017-q4-major/bin/../lib/gcc/arm-none-eabi/7.2.1/../../../../arm-none-eabi/lib/thumb/v7e-m/fpv4-sp/hard\libc_nano.a(lib_a-mprec.o)
                0x08006d54                __multadd
 .text.__hi0bits
                0x08006dca       0x3e c:/program files (x86)/gnu tools arm embedded/7 2017-q4-major/bin/../lib/gcc/arm-none-eabi/7.2.1/../../../../arm-none-eabi/lib/thumb/v7e-m/fpv4-sp/hard\libc_nano.a(lib_a-mprec.o)
                0x08006dca                __hi0bits
 .text.__lo0bits
                0x08006e08       0x5e c:/program files (x86)/gnu tools arm embedded/7 2017-q4-major/bin/../lib/gcc/arm-none-eabi/7.2.1/../../../../arm-none-eabi/lib/thumb/v7e-m/fpv4-sp/hard\libc_nano.a(lib_a-mprec.o)
                0x08006e08                __lo0bits
 .text.__i2b    0x08006e66       0x12 c:/program files (x86)/gnu tools arm embedded/7 2017-q4-major/bin/../lib/gcc/arm-none-eabi/7.2.1/../../../../arm-none-eabi/lib/thumb/v7e-m/fpv4-sp/hard\libc_nano.a(lib_a-mprec.o)
                0x08006e66                __i2b
 .text.__multiply
                0x08006e78      0x12c c:/program files (x86)/gnu tools arm embedded/7 2017-q4-major/bin/../lib/gcc/arm-none-eabi/7.2.1/../../../../arm-none-eabi/lib/thumb/v7e-m/fpv4-sp/hard\libc_nano.a(lib_a-mprec.o)
                0x08006e78                __multiply
 .text.__pow5mult
                0x08006fa4       0x9c c:/program files (x86)/gnu tools arm embedded/7 2017-q4-major/bin/../lib/gcc/arm-none-eabi/7.2.1/../../../../arm-none-eabi/lib/thumb/v7e-m/fpv4-sp/hard\libc_nano.a(lib_a-mprec.o)
                0x08006fa4                __pow5mult
 .text.__lshift
                0x08007040       0xa8 c:/program files (x86)/gnu tools arm embedded/7 2017-q4-major/bin/../lib/gcc/arm-none-eabi/7.2.1/../../../../arm-none-eabi/lib/thumb/v7e-m/fpv4-sp/hard\libc_nano.a(lib_a-mprec.o)
                0x08007040                __lshift
 .text.__mcmp   0x080070e8       0x34 c:/program files (x86)/gnu tools arm embedded/7 2017-q4-major/bin/../lib/gcc/arm-none-eabi/7.2.1/../../../../arm-none-eabi/lib/thumb/v7e-m/fpv4-sp/hard\libc_nano.a(lib_a-mprec.o)
                0x080070e8                __mcmp
 .text.__mdiff  0x0800711c       0xba c:/program files (x86)/gnu tools arm embedded/7 2017-q4-major/bin/../lib/gcc/arm-none-eabi/7.2.1/../../../../arm-none-eabi/lib/thumb/v7e-m/fpv4-sp/hard\libc_nano.a(lib_a-mprec.o)
                0x0800711c                __mdiff
 .text.__d2b    0x080071d6       0x9e c:/program files (x86)/gnu tools arm embedded/7 2017-q4-major/bin/../lib/gcc/arm-none-eabi/7.2.1/../../../../arm-none-eabi/lib/thumb/v7e-m/fpv4-sp/hard\libc_nano.a(lib_a-mprec.o)
                0x080071d6                __d2b
 .text._calloc_r
                0x08007274       0x1c c:/program files (x86)/gnu tools arm embedded/7 2017-q4-major/bin/../lib/gcc/arm-none-eabi/7.2.1/../../../../arm-none-eabi/lib/thumb/v7e-m/fpv4-sp/hard\libc_nano.a(lib_a-nano-callocr.o)
                0x08007274                _calloc_r
 .text._free_r  0x08007290       0x9c c:/program files (x86)/gnu tools arm embedded/7 2017-q4-major/bin/../lib/gcc/arm-none-eabi/7.2.1/../../../../arm-none-eabi/lib/thumb/v7e-m/fpv4-sp/hard\libc_nano.a(lib_a-nano-freer.o)
                0x08007290                _free_r
 .text._malloc_r
                0x0800732c       0xb4 c:/program files (x86)/gnu tools arm embedded/7 2017-q4-major/bin/../lib/gcc/arm-none-eabi/7.2.1/../../../../arm-none-eabi/lib/thumb/v7e-m/fpv4-sp/hard\libc_nano.a(lib_a-nano-mallocr.o)
                0x0800732c                _malloc_r
 .text.__sfputc_r
                0x080073e0       0x2e c:/program files (x86)/gnu tools arm embedded/7 2017-q4-major/bin/../lib/gcc/arm-none-eabi/7.2.1/../../../../arm-none-eabi/lib/thumb/v7e-m/fpv4-sp/hard\libc_nano.a(lib_a-nano-vfprintf.o)
 .text.__sfputs_r
                0x0800740e       0x24 c:/program files (x86)/gnu tools arm embedded/7 2017-q4-major/bin/../lib/gcc/arm-none-eabi/7.2.1/../../../../arm-none-eabi/lib/thumb/v7e-m/fpv4-sp/hard\libc_nano.a(lib_a-nano-vfprintf.o)
                0x0800740e                __sfputs_r
 *fill*         0x08007432        0x2 
 .text._vfprintf_r
                0x08007434      0x228 c:/program files (x86)/gnu tools arm embedded/7 2017-q4-major/bin/../lib/gcc/arm-none-eabi/7.2.1/../../../../arm-none-eabi/lib/thumb/v7e-m/fpv4-sp/hard\libc_nano.a(lib_a-nano-vfprintf.o)
                0x08007434                _vfprintf_r
                0x08007434                _vfiprintf_r
 .text._sbrk_r  0x0800765c       0x20 c:/program files (x86)/gnu tools arm embedded/7 2017-q4-major/bin/../lib/gcc/arm-none-eabi/7.2.1/../../../../arm-none-eabi/lib/thumb/v7e-m/fpv4-sp/hard\libc_nano.a(lib_a-sbrkr.o)
                0x0800765c                _sbrk_r
 .text.__sread  0x0800767c       0x22 c:/program files (x86)/gnu tools arm embedded/7 2017-q4-major/bin/../lib/gcc/arm-none-eabi/7.2.1/../../../../arm-none-eabi/lib/thumb/v7e-m/fpv4-sp/hard\libc_nano.a(lib_a-stdio.o)
                0x0800767c                __sread
 .text.__swrite
                0x0800769e       0x38 c:/program files (x86)/gnu tools arm embedded/7 2017-q4-major/bin/../lib/gcc/arm-none-eabi/7.2.1/../../../../arm-none-eabi/lib/thumb/v7e-m/fpv4-sp/hard\libc_nano.a(lib_a-stdio.o)
                0x0800769e                __swrite
 .text.__sseek  0x080076d6       0x24 c:/program files (x86)/gnu tools arm embedded/7 2017-q4-major/bin/../lib/gcc/arm-none-eabi/7.2.1/../../../../arm-none-eabi/lib/thumb/v7e-m/fpv4-sp/hard\libc_nano.a(lib_a-stdio.o)
                0x080076d6                __sseek
 .text.__sclose
                0x080076fa        0x8 c:/program files (x86)/gnu tools arm embedded/7 2017-q4-major/bin/../lib/gcc/arm-none-eabi/7.2.1/../../../../arm-none-eabi/lib/thumb/v7e-m/fpv4-sp/hard\libc_nano.a(lib_a-stdio.o)
                0x080076fa                __sclose
 *fill*         0x08007702        0x2 
 .text.__swbuf_r
                0x08007704       0xa4 c:/program files (x86)/gnu tools arm embedded/7 2017-q4-major/bin/../lib/gcc/arm-none-eabi/7.2.1/../../../../arm-none-eabi/lib/thumb/v7e-m/fpv4-sp/hard\libc_nano.a(lib_a-wbuf.o)
                0x08007704                __swbuf_r
 .text._write_r
                0x080077a8       0x24 c:/program files (x86)/gnu tools arm embedded/7 2017-q4-major/bin/../lib/gcc/arm-none-eabi/7.2.1/../../../../arm-none-eabi/lib/thumb/v7e-m/fpv4-sp/hard\libc_nano.a(lib_a-writer.o)
                0x080077a8                _write_r
 .text.__swsetup_r
                0x080077cc       0xdc c:/program files (x86)/gnu tools arm embedded/7 2017-q4-major/bin/../lib/gcc/arm-none-eabi/7.2.1/../../../../arm-none-eabi/lib/thumb/v7e-m/fpv4-sp/hard\libc_nano.a(lib_a-wsetup.o)
                0x080077cc                __swsetup_r
 .text._close_r
                0x080078a8       0x20 c:/program files (x86)/gnu tools arm embedded/7 2017-q4-major/bin/../lib/gcc/arm-none-eabi/7.2.1/../../../../arm-none-eabi/lib/thumb/v7e-m/fpv4-sp/hard\libc_nano.a(lib_a-closer.o)
                0x080078a8                _close_r
 .text._fstat_r
                0x080078c8       0x24 c:/program files (x86)/gnu tools arm embedded/7 2017-q4-major/bin/../lib/gcc/arm-none-eabi/7.2.1/../../../../arm-none-eabi/lib/thumb/v7e-m/fpv4-sp/hard\libc_nano.a(lib_a-fstatr.o)
                0x080078c8                _fstat_r
 .text._isatty_r
                0x080078ec       0x20 c:/program files (x86)/gnu tools arm embedded/7 2017-q4-major/bin/../lib/gcc/arm-none-eabi/7.2.1/../../../../arm-none-eabi/lib/thumb/v7e-m/fpv4-sp/hard\libc_nano.a(lib_a-isattyr.o)
                0x080078ec                _isatty_r
 .text._lseek_r
                0x0800790c       0x24 c:/program files (x86)/gnu tools arm embedded/7 2017-q4-major/bin/../lib/gcc/arm-none-eabi/7.2.1/../../../../arm-none-eabi/lib/thumb/v7e-m/fpv4-sp/hard\libc_nano.a(lib_a-lseekr.o)
                0x0800790c                _lseek_r
 .text.__ascii_mbtowc
                0x08007930       0x24 c:/program files (x86)/gnu tools arm embedded/7 2017-q4-major/bin/../lib/gcc/arm-none-eabi/7.2.1/../../../../arm-none-eabi/lib/thumb/v7e-m/fpv4-sp/hard\libc_nano.a(lib_a-mbtowc_r.o)
                0x08007930                __ascii_mbtowc
 .text.__malloc_lock
                0x08007954        0x2 c:/program files (x86)/gnu tools arm embedded/7 2017-q4-major/bin/../lib/gcc/arm-none-eabi/7.2.1/../../../../arm-none-eabi/lib/thumb/v7e-m/fpv4-sp/hard\libc_nano.a(lib_a-mlock.o)
                0x08007954                __malloc_lock
 .text.__malloc_unlock
                0x08007956        0x2 c:/program files (x86)/gnu tools arm embedded/7 2017-q4-major/bin/../lib/gcc/arm-none-eabi/7.2.1/../../../../arm-none-eabi/lib/thumb/v7e-m/fpv4-sp/hard\libc_nano.a(lib_a-mlock.o)
                0x08007956                __malloc_unlock
 .text._read_r  0x08007958       0x24 c:/program files (x86)/gnu tools arm embedded/7 2017-q4-major/bin/../lib/gcc/arm-none-eabi/7.2.1/../../../../arm-none-eabi/lib/thumb/v7e-m/fpv4-sp/hard\libc_nano.a(lib_a-readr.o)
                0x08007958                _read_r
 .text.__ascii_wctomb
                0x0800797c       0x1a c:/program files (x86)/gnu tools arm embedded/7 2017-q4-major/bin/../lib/gcc/arm-none-eabi/7.2.1/../../../../arm-none-eabi/lib/thumb/v7e-m/fpv4-sp/hard\libc_nano.a(lib_a-wctomb_r.o)
                0x0800797c                __ascii_wctomb
 *(.glue_7)
 .glue_7        0x08007996        0x0 linker stubs
 *(.glue_7t)
 .glue_7t       0x08007996        0x0 linker stubs
 *(.eh_frame)
 *fill*         0x08007996        0x2 
 .eh_frame      0x08007998        0x0 c:/program files (x86)/gnu tools arm embedded/7 2017-q4-major/bin/../lib/gcc/arm-none-eabi/7.2.1/thumb/v7e-m/fpv4-sp/hard/crtbegin.o
 *(.init)
 .init          0x08007998        0x4 c:/program files (x86)/gnu tools arm embedded/7 2017-q4-major/bin/../lib/gcc/arm-none-eabi/7.2.1/thumb/v7e-m/fpv4-sp/hard/crti.o
                0x08007998                _init
 .init          0x0800799c        0x8 c:/program files (x86)/gnu tools arm embedded/7 2017-q4-major/bin/../lib/gcc/arm-none-eabi/7.2.1/thumb/v7e-m/fpv4-sp/hard/crtn.o
 *(.fini)
 .fini          0x080079a4        0x4 c:/program files (x86)/gnu tools arm embedded/7 2017-q4-major/bin/../lib/gcc/arm-none-eabi/7.2.1/thumb/v7e-m/fpv4-sp/hard/crti.o
                0x080079a4                _fini
 .fini          0x080079a8        0x8 c:/program files (x86)/gnu tools arm embedded/7 2017-q4-major/bin/../lib/gcc/arm-none-eabi/7.2.1/thumb/v7e-m/fpv4-sp/hard/crtn.o
                0x080079b0                . = ALIGN (0x4)
                0x080079b0                _etext = .

.vfp11_veneer   0x080079b0        0x0
 .vfp11_veneer  0x080079b0        0x0 linker stubs

.v4_bx          0x080079b0        0x0
 .v4_bx         0x080079b0        0x0 linker stubs

.iplt           0x080079b0        0x0
 .iplt          0x080079b0        0x0 c:/program files (x86)/gnu tools arm embedded/7 2017-q4-major/bin/../lib/gcc/arm-none-eabi/7.2.1/thumb/v7e-m/fpv4-sp/hard/crtbegin.o

.rodata         0x080079b0      0x348
                0x080079b0                . = ALIGN (0x4)
 *(.rodata)
 *(.rodata*)
 .rodata.AHBPrescTable
                0x080079b0       0x10 build/system_stm32f4xx.o
                0x080079b0                AHBPrescTable
 .rodata.APBPrescTable
                0x080079c0        0x8 build/system_stm32f4xx.o
                0x080079c0                APBPrescTable
 .rodata.MX_ADC1_Init.str1.4
                0x080079c8        0xa build/adc.o
 *fill*         0x080079d2        0x2 
 .rodata.SystemClock_Config.str1.4
                0x080079d4        0xb build/main.o
 *fill*         0x080079df        0x1 
 .rodata.MX_USART3_UART_Init.str1.4
                0x080079e0        0xc build/usart.o
 .rodata.MX_TIM3_Init.str1.4
                0x080079ec        0xa build/tim.o
 *fill*         0x080079f6        0x2 
 .rodata.MX_SPI2_Init.str1.4
                0x080079f8        0xa build/spi.o
 *fill*         0x08007a02        0x2 
 .rodata.set_mpu6500.str1.4
                0x08007a04        0xe build/spi.o
 *fill*         0x08007a12        0x2 
 .rodata.Mode_Sensor_Check.str1.4
                0x08007a14       0x11 build/mode.o
 *fill*         0x08007a25        0x3 
 .rodata.Mode_select.str1.4
                0x08007a28        0x4 build/mode.o
 .rodata.Batt_check.str1.4
                0x08007a2c        0xc build/filter.o
 .rodata._global_impure_ptr
                0x08007a38        0x4 c:/program files (x86)/gnu tools arm embedded/7 2017-q4-major/bin/../lib/gcc/arm-none-eabi/7.2.1/../../../../arm-none-eabi/lib/thumb/v7e-m/fpv4-sp/hard\libc_nano.a(lib_a-impure.o)
                0x08007a38                _global_impure_ptr
 .rodata._printf_float.str1.1
                0x08007a3c       0x12 c:/program files (x86)/gnu tools arm embedded/7 2017-q4-major/bin/../lib/gcc/arm-none-eabi/7.2.1/../../../../arm-none-eabi/lib/thumb/v7e-m/fpv4-sp/hard\libc_nano.a(lib_a-nano-vfprintf_float.o)
 .rodata._printf_i.str1.1
                0x08007a4e       0x22 c:/program files (x86)/gnu tools arm embedded/7 2017-q4-major/bin/../lib/gcc/arm-none-eabi/7.2.1/../../../../arm-none-eabi/lib/thumb/v7e-m/fpv4-sp/hard\libc_nano.a(lib_a-nano-vfprintf_i.o)
 .rodata._dtoa_r.str1.1
                0x08007a70        0xd c:/program files (x86)/gnu tools arm embedded/7 2017-q4-major/bin/../lib/gcc/arm-none-eabi/7.2.1/../../../../arm-none-eabi/lib/thumb/v7e-m/fpv4-sp/hard\libc_nano.a(lib_a-dtoa.o)
                                  0xf (size before relaxing)
 *fill*         0x08007a7d        0x3 
 .rodata.__sf_fake_stderr
                0x08007a80       0x20 c:/program files (x86)/gnu tools arm embedded/7 2017-q4-major/bin/../lib/gcc/arm-none-eabi/7.2.1/../../../../arm-none-eabi/lib/thumb/v7e-m/fpv4-sp/hard\libc_nano.a(lib_a-findfp.o)
                0x08007a80                __sf_fake_stderr
 .rodata.__sf_fake_stdin
                0x08007aa0       0x20 c:/program files (x86)/gnu tools arm embedded/7 2017-q4-major/bin/../lib/gcc/arm-none-eabi/7.2.1/../../../../arm-none-eabi/lib/thumb/v7e-m/fpv4-sp/hard\libc_nano.a(lib_a-findfp.o)
                0x08007aa0                __sf_fake_stdin
 .rodata.__sf_fake_stdout
                0x08007ac0       0x20 c:/program files (x86)/gnu tools arm embedded/7 2017-q4-major/bin/../lib/gcc/arm-none-eabi/7.2.1/../../../../arm-none-eabi/lib/thumb/v7e-m/fpv4-sp/hard\libc_nano.a(lib_a-findfp.o)
                0x08007ac0                __sf_fake_stdout
 .rodata.__mprec_bigtens
                0x08007ae0       0x28 c:/program files (x86)/gnu tools arm embedded/7 2017-q4-major/bin/../lib/gcc/arm-none-eabi/7.2.1/../../../../arm-none-eabi/lib/thumb/v7e-m/fpv4-sp/hard\libc_nano.a(lib_a-mprec.o)
                0x08007ae0                __mprec_bigtens
 .rodata.__mprec_tens
                0x08007b08       0xc8 c:/program files (x86)/gnu tools arm embedded/7 2017-q4-major/bin/../lib/gcc/arm-none-eabi/7.2.1/../../../../arm-none-eabi/lib/thumb/v7e-m/fpv4-sp/hard\libc_nano.a(lib_a-mprec.o)
                0x08007b08                __mprec_tens
 .rodata.p05.7359
                0x08007bd0        0xc c:/program files (x86)/gnu tools arm embedded/7 2017-q4-major/bin/../lib/gcc/arm-none-eabi/7.2.1/../../../../arm-none-eabi/lib/thumb/v7e-m/fpv4-sp/hard\libc_nano.a(lib_a-mprec.o)
 .rodata._vfprintf_r.str1.1
                0x08007bdc       0x11 c:/program files (x86)/gnu tools arm embedded/7 2017-q4-major/bin/../lib/gcc/arm-none-eabi/7.2.1/../../../../arm-none-eabi/lib/thumb/v7e-m/fpv4-sp/hard\libc_nano.a(lib_a-nano-vfprintf.o)
 .rodata._setlocale_r.str1.1
                0x08007bed        0x8 c:/program files (x86)/gnu tools arm embedded/7 2017-q4-major/bin/../lib/gcc/arm-none-eabi/7.2.1/../../../../arm-none-eabi/lib/thumb/v7e-m/fpv4-sp/hard\libc_nano.a(lib_a-locale.o)
                                  0x9 (size before relaxing)
 .rodata.str1.1
                0x08007bf5        0x2 c:/program files (x86)/gnu tools arm embedded/7 2017-q4-major/bin/../lib/gcc/arm-none-eabi/7.2.1/../../../../arm-none-eabi/lib/thumb/v7e-m/fpv4-sp/hard\libc_nano.a(lib_a-locale.o)
 .rodata._ctype_
                0x08007bf7      0x101 c:/program files (x86)/gnu tools arm embedded/7 2017-q4-major/bin/../lib/gcc/arm-none-eabi/7.2.1/../../../../arm-none-eabi/lib/thumb/v7e-m/fpv4-sp/hard\libc_nano.a(lib_a-ctype_.o)
                0x08007bf7                _ctype_
                0x08007cf8                . = ALIGN (0x4)

.ARM.extab
 *(.ARM.extab* .gnu.linkonce.armextab.*)

.ARM            0x08007cf8        0x8
                0x08007cf8                __exidx_start = .
 *(.ARM.exidx*)
 .ARM.exidx     0x08007cf8        0x8 c:/program files (x86)/gnu tools arm embedded/7 2017-q4-major/bin/../lib/gcc/arm-none-eabi/7.2.1/thumb/v7e-m/fpv4-sp/hard\libgcc.a(_udivmoddi4.o)
                0x08007d00                __exidx_end = .

.rel.dyn        0x08007d00        0x0
 .rel.iplt      0x08007d00        0x0 c:/program files (x86)/gnu tools arm embedded/7 2017-q4-major/bin/../lib/gcc/arm-none-eabi/7.2.1/thumb/v7e-m/fpv4-sp/hard/crtbegin.o

.preinit_array  0x08007d00        0x0
                0x08007d00                PROVIDE (__preinit_array_start, .)
 *(.preinit_array*)
                0x08007d00                PROVIDE (__preinit_array_end, .)

.init_array     0x08007d00        0x4
                0x08007d00                PROVIDE (__init_array_start, .)
 *(SORT_BY_NAME(.init_array.*))
 *(.init_array*)
 .init_array    0x08007d00        0x4 c:/program files (x86)/gnu tools arm embedded/7 2017-q4-major/bin/../lib/gcc/arm-none-eabi/7.2.1/thumb/v7e-m/fpv4-sp/hard/crtbegin.o
                0x08007d04                PROVIDE (__init_array_end, .)

.fini_array     0x08007d04        0x4
                [!provide]                PROVIDE (__fini_array_start, .)
 *(SORT_BY_NAME(.fini_array.*))
 *(.fini_array*)
 .fini_array    0x08007d04        0x4 c:/program files (x86)/gnu tools arm embedded/7 2017-q4-major/bin/../lib/gcc/arm-none-eabi/7.2.1/thumb/v7e-m/fpv4-sp/hard/crtbegin.o
                [!provide]                PROVIDE (__fini_array_end, .)
                0x08007d08                _sidata = LOADADDR (.data)

.data           0x20000000      0x1dc load address 0x08007d08
                0x20000000                . = ALIGN (0x4)
                0x20000000                _sdata = .
 *(.data)
 *(.data*)
 .data.uwTickFreq
                0x20000000        0x1 build/stm32f4xx_hal.o
                0x20000000                uwTickFreq
 *fill*         0x20000001        0x3 
 .data.uwTickPrio
                0x20000004        0x4 build/stm32f4xx_hal.o
                0x20000004                uwTickPrio
 .data.SystemCoreClock
                0x20000008        0x4 build/system_stm32f4xx.o
                0x20000008                SystemCoreClock
 .data._impure_ptr
                0x2000000c        0x4 c:/program files (x86)/gnu tools arm embedded/7 2017-q4-major/bin/../lib/gcc/arm-none-eabi/7.2.1/../../../../arm-none-eabi/lib/thumb/v7e-m/fpv4-sp/hard\libc_nano.a(lib_a-impure.o)
                0x2000000c                _impure_ptr
 .data.impure_data
                0x20000010       0x60 c:/program files (x86)/gnu tools arm embedded/7 2017-q4-major/bin/../lib/gcc/arm-none-eabi/7.2.1/../../../../arm-none-eabi/lib/thumb/v7e-m/fpv4-sp/hard\libc_nano.a(lib_a-impure.o)
 .data.__global_locale
                0x20000070      0x16c c:/program files (x86)/gnu tools arm embedded/7 2017-q4-major/bin/../lib/gcc/arm-none-eabi/7.2.1/../../../../arm-none-eabi/lib/thumb/v7e-m/fpv4-sp/hard\libc_nano.a(lib_a-locale.o)
                0x20000070                __global_locale
                0x200001dc                . = ALIGN (0x4)
                0x200001dc                _edata = .
                0x08007ee4                _siccmram = LOADADDR (.ccmram)

.igot.plt       0x200001dc        0x0 load address 0x08007ee4
 .igot.plt      0x200001dc        0x0 c:/program files (x86)/gnu tools arm embedded/7 2017-q4-major/bin/../lib/gcc/arm-none-eabi/7.2.1/thumb/v7e-m/fpv4-sp/hard/crtbegin.o

.ccmram         0x10000000        0x0 load address 0x08007ee4
                0x10000000                . = ALIGN (0x4)
                0x10000000                _sccmram = .
 *(.ccmram)
 *(.ccmram*)
                0x10000000                . = ALIGN (0x4)
                0x10000000                _eccmram = .
                0x10000000                . = ALIGN (0x4)

.bss            0x200001dc      0x3d4
                0x200001dc                _sbss = .
                0x200001dc                __bss_start__ = _sbss
 *(.bss)
 .bss           0x200001dc       0x1c c:/program files (x86)/gnu tools arm embedded/7 2017-q4-major/bin/../lib/gcc/arm-none-eabi/7.2.1/thumb/v7e-m/fpv4-sp/hard/crtbegin.o
 *(.bss*)
 .bss.count_tim5
                0x200001f8        0x1 build/stm32f4xx_it.o
                0x200001f8                count_tim5
 *fill*         0x200001f9        0x3 
 .bss.heap_end.7234
                0x200001fc        0x4 build/syscalls.o
 .bss.s_before_l
                0x20000200        0x4 build/control.o
                0x20000200                s_before_l
 .bss.s_before_r
                0x20000204        0x4 build/control.o
                0x20000204                s_before_r
 .bss.s_sum_l   0x20000208        0x4 build/control.o
                0x20000208                s_sum_l
 .bss.s_sum_r   0x2000020c        0x4 build/control.o
                0x2000020c                s_sum_r
 .bss.straight_pid_l
                0x20000210        0x2 build/control.o
                0x20000210                straight_pid_l
 .bss.straight_pid_r
                0x20000212        0x2 build/control.o
                0x20000212                straight_pid_r
 .bss.y_before  0x20000214        0x4 build/control.o
                0x20000214                y_before
 .bss.y_sum     0x20000218        0x4 build/control.o
                0x20000218                y_sum
 .bss.yawrate_pid
                0x2000021c        0x2 build/control.o
                0x2000021c                yawrate_pid
 *fill*         0x2000021e        0x2 
 .bss.__malloc_free_list
                0x20000220        0x4 c:/program files (x86)/gnu tools arm embedded/7 2017-q4-major/bin/../lib/gcc/arm-none-eabi/7.2.1/../../../../arm-none-eabi/lib/thumb/v7e-m/fpv4-sp/hard\libc_nano.a(lib_a-nano-mallocr.o)
                0x20000220                __malloc_free_list
 .bss.__malloc_sbrk_start
                0x20000224        0x4 c:/program files (x86)/gnu tools arm embedded/7 2017-q4-major/bin/../lib/gcc/arm-none-eabi/7.2.1/../../../../arm-none-eabi/lib/thumb/v7e-m/fpv4-sp/hard\libc_nano.a(lib_a-nano-mallocr.o)
                0x20000224                __malloc_sbrk_start
 *(COMMON)
 COMMON         0x20000228        0x4 build/stm32f4xx_hal.o
                0x20000228                uwTick
 COMMON         0x2000022c       0xd8 build/adc.o
                0x2000022c                hadc2
                0x20000274                hadc1
                0x200002bc                hadc3
 COMMON         0x20000304       0x40 build/usart.o
                0x20000304                huart3
 COMMON         0x20000344      0x150 build/tim.o
                0x20000344                htim4
                0x20000380                sMasterConfig
                0x20000388                htim5
                0x200003c4                htim3
                0x20000400                sConfigOC
                0x2000041c                htim1
                0x20000458                htim2
 COMMON         0x20000494       0x58 build/spi.o
                0x20000494                hspi2
 COMMON         0x200004ec       0xc0 build/global.o
                0x200004ec                yawrate_tim
                0x200004f4                batt
                0x200004fc                flag
                0x20000500                enc_c
                0x20000510                sen_front
                0x20000520                sen_l
                0x20000530                count_ms
                0x20000534                straight_tgt
                0x2000053c                gyro
                0x2000054c                enc_r
                0x2000055c                straight_tim
                0x20000564                yawrate_tgt
                0x2000056c                sen_fr
                0x2000057c                sen_fl
                0x2000058c                sen_r
                0x2000059c                enc_l
 COMMON         0x200005ac        0x4 c:/program files (x86)/gnu tools arm embedded/7 2017-q4-major/bin/../lib/gcc/arm-none-eabi/7.2.1/../../../../arm-none-eabi/lib/thumb/v7e-m/fpv4-sp/hard\libc_nano.a(lib_a-reent.o)
                0x200005ac                errno
                0x200005b0                . = ALIGN (0x4)
                0x200005b0                _ebss = .
                0x200005b0                __bss_end__ = _ebss

._user_heap_stack
                0x200005b0      0x600
                0x200005b0                . = ALIGN (0x8)
                0x200005b0                PROVIDE (end, .)
                [!provide]                PROVIDE (_end, .)
                0x200007b0                . = (. + _Min_Heap_Size)
 *fill*         0x200005b0      0x200 
                0x20000bb0                . = (. + _Min_Stack_Size)
 *fill*         0x200007b0      0x400 
                0x20000bb0                . = ALIGN (0x8)

/DISCARD/
 libc.a(*)
 libm.a(*)
 libgcc.a(*)

.ARM.attributes
                0x00000000       0x30
 *(.ARM.attributes)
 .ARM.attributes
                0x00000000       0x22 c:/program files (x86)/gnu tools arm embedded/7 2017-q4-major/bin/../lib/gcc/arm-none-eabi/7.2.1/thumb/v7e-m/fpv4-sp/hard/crti.o
 .ARM.attributes
                0x00000022       0x34 c:/program files (x86)/gnu tools arm embedded/7 2017-q4-major/bin/../lib/gcc/arm-none-eabi/7.2.1/thumb/v7e-m/fpv4-sp/hard/crtbegin.o
 .ARM.attributes
                0x00000056       0x39 build/stm32f4xx_hal.o
 .ARM.attributes
                0x0000008f       0x39 build/system_stm32f4xx.o
 .ARM.attributes
                0x000000c8       0x39 build/stm32f4xx_hal_gpio.o
 .ARM.attributes
                0x00000101       0x39 build/adc.o
 .ARM.attributes
                0x0000013a       0x39 build/stm32f4xx_it.o
 .ARM.attributes
                0x00000173       0x39 build/stm32f4xx_hal_tim_ex.o
 .ARM.attributes
                0x000001ac       0x39 build/gpio.o
 .ARM.attributes
                0x000001e5       0x39 build/stm32f4xx_hal_spi.o
 .ARM.attributes
                0x0000021e       0x39 build/stm32f4xx_hal_rcc.o
 .ARM.attributes
                0x00000257       0x39 build/main.o
 .ARM.attributes
                0x00000290       0x39 build/usart.o
 .ARM.attributes
                0x000002c9       0x39 build/stm32f4xx_hal_uart.o
 .ARM.attributes
                0x00000302       0x39 build/tim.o
 .ARM.attributes
                0x0000033b       0x39 build/stm32f4xx_hal_cortex.o
 .ARM.attributes
                0x00000374       0x39 build/stm32f4xx_hal_adc.o
 .ARM.attributes
                0x000003ad       0x39 build/stm32f4xx_hal_msp.o
 .ARM.attributes
                0x000003e6       0x39 build/stm32f4xx_hal_tim.o
 .ARM.attributes
                0x0000041f       0x39 build/spi.o
 .ARM.attributes
                0x00000458       0x39 build/syscalls.o
 .ARM.attributes
                0x00000491       0x39 build/global.o
 .ARM.attributes
                0x000004ca       0x39 build/control.o
 .ARM.attributes
                0x00000503       0x39 build/mode.o
 .ARM.attributes
                0x0000053c       0x39 build/motion.o
 .ARM.attributes
                0x00000575       0x39 build/interface.o
 .ARM.attributes
                0x000005ae       0x39 build/other_function.o
 .ARM.attributes
                0x000005e7       0x39 build/filter.o
 .ARM.attributes
                0x00000620       0x39 build/calculate.o
 .ARM.attributes
                0x00000659       0x21 build/startup_stm32f405xx.o
 .ARM.attributes
                0x0000067a       0x34 c:/program files (x86)/gnu tools arm embedded/7 2017-q4-major/bin/../lib/gcc/arm-none-eabi/7.2.1/../../../../arm-none-eabi/lib/thumb/v7e-m/fpv4-sp/hard\libc_nano.a(lib_a-errno.o)
 .ARM.attributes
                0x000006ae       0x34 c:/program files (x86)/gnu tools arm embedded/7 2017-q4-major/bin/../lib/gcc/arm-none-eabi/7.2.1/../../../../arm-none-eabi/lib/thumb/v7e-m/fpv4-sp/hard\libc_nano.a(lib_a-impure.o)
 .ARM.attributes
                0x000006e2       0x34 c:/program files (x86)/gnu tools arm embedded/7 2017-q4-major/bin/../lib/gcc/arm-none-eabi/7.2.1/../../../../arm-none-eabi/lib/thumb/v7e-m/fpv4-sp/hard\libc_nano.a(lib_a-init.o)
 .ARM.attributes
                0x00000716       0x34 c:/program files (x86)/gnu tools arm embedded/7 2017-q4-major/bin/../lib/gcc/arm-none-eabi/7.2.1/../../../../arm-none-eabi/lib/thumb/v7e-m/fpv4-sp/hard\libc_nano.a(lib_a-memset.o)
 .ARM.attributes
                0x0000074a       0x34 c:/program files (x86)/gnu tools arm embedded/7 2017-q4-major/bin/../lib/gcc/arm-none-eabi/7.2.1/../../../../arm-none-eabi/lib/thumb/v7e-m/fpv4-sp/hard\libc_nano.a(lib_a-nano-vfprintf_float.o)
 .ARM.attributes
                0x0000077e       0x34 c:/program files (x86)/gnu tools arm embedded/7 2017-q4-major/bin/../lib/gcc/arm-none-eabi/7.2.1/../../../../arm-none-eabi/lib/thumb/v7e-m/fpv4-sp/hard\libc_nano.a(lib_a-nano-vfprintf_i.o)
 .ARM.attributes
                0x000007b2       0x34 c:/program files (x86)/gnu tools arm embedded/7 2017-q4-major/bin/../lib/gcc/arm-none-eabi/7.2.1/../../../../arm-none-eabi/lib/thumb/v7e-m/fpv4-sp/hard\libc_nano.a(lib_a-printf.o)
 .ARM.attributes
                0x000007e6       0x34 c:/program files (x86)/gnu tools arm embedded/7 2017-q4-major/bin/../lib/gcc/arm-none-eabi/7.2.1/../../../../arm-none-eabi/lib/thumb/v7e-m/fpv4-sp/hard\libc_nano.a(lib_a-setbuf.o)
 .ARM.attributes
                0x0000081a       0x34 c:/program files (x86)/gnu tools arm embedded/7 2017-q4-major/bin/../lib/gcc/arm-none-eabi/7.2.1/../../../../arm-none-eabi/lib/thumb/v7e-m/fpv4-sp/hard\libc_nano.a(lib_a-setvbuf.o)
 .ARM.attributes
                0x0000084e       0x1b c:/program files (x86)/gnu tools arm embedded/7 2017-q4-major/bin/../lib/gcc/arm-none-eabi/7.2.1/../../../../arm-none-eabi/lib/thumb/v7e-m/fpv4-sp/hard\libc_nano.a(lib_a-strlen.o)
 .ARM.attributes
                0x00000869       0x34 c:/program files (x86)/gnu tools arm embedded/7 2017-q4-major/bin/../lib/gcc/arm-none-eabi/7.2.1/../../../../arm-none-eabi/lib/thumb/v7e-m/fpv4-sp/hard\libc_nano.a(lib_a-dtoa.o)
 .ARM.attributes
                0x0000089d       0x34 c:/program files (x86)/gnu tools arm embedded/7 2017-q4-major/bin/../lib/gcc/arm-none-eabi/7.2.1/../../../../arm-none-eabi/lib/thumb/v7e-m/fpv4-sp/hard\libc_nano.a(lib_a-fflush.o)
 .ARM.attributes
                0x000008d1       0x34 c:/program files (x86)/gnu tools arm embedded/7 2017-q4-major/bin/../lib/gcc/arm-none-eabi/7.2.1/../../../../arm-none-eabi/lib/thumb/v7e-m/fpv4-sp/hard\libc_nano.a(lib_a-findfp.o)
 .ARM.attributes
                0x00000905       0x34 c:/program files (x86)/gnu tools arm embedded/7 2017-q4-major/bin/../lib/gcc/arm-none-eabi/7.2.1/../../../../arm-none-eabi/lib/thumb/v7e-m/fpv4-sp/hard\libc_nano.a(lib_a-fwalk.o)
 .ARM.attributes
                0x00000939       0x34 c:/program files (x86)/gnu tools arm embedded/7 2017-q4-major/bin/../lib/gcc/arm-none-eabi/7.2.1/../../../../arm-none-eabi/lib/thumb/v7e-m/fpv4-sp/hard\libc_nano.a(lib_a-localeconv.o)
 .ARM.attributes
                0x0000096d       0x34 c:/program files (x86)/gnu tools arm embedded/7 2017-q4-major/bin/../lib/gcc/arm-none-eabi/7.2.1/../../../../arm-none-eabi/lib/thumb/v7e-m/fpv4-sp/hard\libc_nano.a(lib_a-makebuf.o)
 .ARM.attributes
                0x000009a1       0x34 c:/program files (x86)/gnu tools arm embedded/7 2017-q4-major/bin/../lib/gcc/arm-none-eabi/7.2.1/../../../../arm-none-eabi/lib/thumb/v7e-m/fpv4-sp/hard\libc_nano.a(lib_a-malloc.o)
 .ARM.attributes
                0x000009d5       0x20 c:/program files (x86)/gnu tools arm embedded/7 2017-q4-major/bin/../lib/gcc/arm-none-eabi/7.2.1/../../../../arm-none-eabi/lib/thumb/v7e-m/fpv4-sp/hard\libc_nano.a(lib_a-memchr.o)
 .ARM.attributes
                0x000009f5       0x34 c:/program files (x86)/gnu tools arm embedded/7 2017-q4-major/bin/../lib/gcc/arm-none-eabi/7.2.1/../../../../arm-none-eabi/lib/thumb/v7e-m/fpv4-sp/hard\libc_nano.a(lib_a-memcpy-stub.o)
 .ARM.attributes
                0x00000a29       0x34 c:/program files (x86)/gnu tools arm embedded/7 2017-q4-major/bin/../lib/gcc/arm-none-eabi/7.2.1/../../../../arm-none-eabi/lib/thumb/v7e-m/fpv4-sp/hard\libc_nano.a(lib_a-mprec.o)
 .ARM.attributes
                0x00000a5d       0x34 c:/program files (x86)/gnu tools arm embedded/7 2017-q4-major/bin/../lib/gcc/arm-none-eabi/7.2.1/../../../../arm-none-eabi/lib/thumb/v7e-m/fpv4-sp/hard\libc_nano.a(lib_a-nano-callocr.o)
 .ARM.attributes
                0x00000a91       0x34 c:/program files (x86)/gnu tools arm embedded/7 2017-q4-major/bin/../lib/gcc/arm-none-eabi/7.2.1/../../../../arm-none-eabi/lib/thumb/v7e-m/fpv4-sp/hard\libc_nano.a(lib_a-nano-freer.o)
 .ARM.attributes
                0x00000ac5       0x34 c:/program files (x86)/gnu tools arm embedded/7 2017-q4-major/bin/../lib/gcc/arm-none-eabi/7.2.1/../../../../arm-none-eabi/lib/thumb/v7e-m/fpv4-sp/hard\libc_nano.a(lib_a-nano-mallocr.o)
 .ARM.attributes
                0x00000af9       0x34 c:/program files (x86)/gnu tools arm embedded/7 2017-q4-major/bin/../lib/gcc/arm-none-eabi/7.2.1/../../../../arm-none-eabi/lib/thumb/v7e-m/fpv4-sp/hard\libc_nano.a(lib_a-nano-vfprintf.o)
 .ARM.attributes
                0x00000b2d       0x34 c:/program files (x86)/gnu tools arm embedded/7 2017-q4-major/bin/../lib/gcc/arm-none-eabi/7.2.1/../../../../arm-none-eabi/lib/thumb/v7e-m/fpv4-sp/hard\libc_nano.a(lib_a-sbrkr.o)
 .ARM.attributes
                0x00000b61       0x34 c:/program files (x86)/gnu tools arm embedded/7 2017-q4-major/bin/../lib/gcc/arm-none-eabi/7.2.1/../../../../arm-none-eabi/lib/thumb/v7e-m/fpv4-sp/hard\libc_nano.a(lib_a-stdio.o)
 .ARM.attributes
                0x00000b95       0x34 c:/program files (x86)/gnu tools arm embedded/7 2017-q4-major/bin/../lib/gcc/arm-none-eabi/7.2.1/../../../../arm-none-eabi/lib/thumb/v7e-m/fpv4-sp/hard\libc_nano.a(lib_a-wbuf.o)
 .ARM.attributes
                0x00000bc9       0x34 c:/program files (x86)/gnu tools arm embedded/7 2017-q4-major/bin/../lib/gcc/arm-none-eabi/7.2.1/../../../../arm-none-eabi/lib/thumb/v7e-m/fpv4-sp/hard\libc_nano.a(lib_a-writer.o)
 .ARM.attributes
                0x00000bfd       0x34 c:/program files (x86)/gnu tools arm embedded/7 2017-q4-major/bin/../lib/gcc/arm-none-eabi/7.2.1/../../../../arm-none-eabi/lib/thumb/v7e-m/fpv4-sp/hard\libc_nano.a(lib_a-wsetup.o)
 .ARM.attributes
                0x00000c31       0x34 c:/program files (x86)/gnu tools arm embedded/7 2017-q4-major/bin/../lib/gcc/arm-none-eabi/7.2.1/../../../../arm-none-eabi/lib/thumb/v7e-m/fpv4-sp/hard\libc_nano.a(lib_a-closer.o)
 .ARM.attributes
                0x00000c65       0x34 c:/program files (x86)/gnu tools arm embedded/7 2017-q4-major/bin/../lib/gcc/arm-none-eabi/7.2.1/../../../../arm-none-eabi/lib/thumb/v7e-m/fpv4-sp/hard\libc_nano.a(lib_a-fstatr.o)
 .ARM.attributes
                0x00000c99       0x34 c:/program files (x86)/gnu tools arm embedded/7 2017-q4-major/bin/../lib/gcc/arm-none-eabi/7.2.1/../../../../arm-none-eabi/lib/thumb/v7e-m/fpv4-sp/hard\libc_nano.a(lib_a-isattyr.o)
 .ARM.attributes
                0x00000ccd       0x34 c:/program files (x86)/gnu tools arm embedded/7 2017-q4-major/bin/../lib/gcc/arm-none-eabi/7.2.1/../../../../arm-none-eabi/lib/thumb/v7e-m/fpv4-sp/hard\libc_nano.a(lib_a-locale.o)
 .ARM.attributes
                0x00000d01       0x34 c:/program files (x86)/gnu tools arm embedded/7 2017-q4-major/bin/../lib/gcc/arm-none-eabi/7.2.1/../../../../arm-none-eabi/lib/thumb/v7e-m/fpv4-sp/hard\libc_nano.a(lib_a-lseekr.o)
 .ARM.attributes
                0x00000d35       0x34 c:/program files (x86)/gnu tools arm embedded/7 2017-q4-major/bin/../lib/gcc/arm-none-eabi/7.2.1/../../../../arm-none-eabi/lib/thumb/v7e-m/fpv4-sp/hard\libc_nano.a(lib_a-mbtowc_r.o)
 .ARM.attributes
                0x00000d69       0x34 c:/program files (x86)/gnu tools arm embedded/7 2017-q4-major/bin/../lib/gcc/arm-none-eabi/7.2.1/../../../../arm-none-eabi/lib/thumb/v7e-m/fpv4-sp/hard\libc_nano.a(lib_a-mlock.o)
 .ARM.attributes
                0x00000d9d       0x34 c:/program files (x86)/gnu tools arm embedded/7 2017-q4-major/bin/../lib/gcc/arm-none-eabi/7.2.1/../../../../arm-none-eabi/lib/thumb/v7e-m/fpv4-sp/hard\libc_nano.a(lib_a-readr.o)
 .ARM.attributes
                0x00000dd1       0x34 c:/program files (x86)/gnu tools arm embedded/7 2017-q4-major/bin/../lib/gcc/arm-none-eabi/7.2.1/../../../../arm-none-eabi/lib/thumb/v7e-m/fpv4-sp/hard\libc_nano.a(lib_a-reent.o)
 .ARM.attributes
                0x00000e05       0x34 c:/program files (x86)/gnu tools arm embedded/7 2017-q4-major/bin/../lib/gcc/arm-none-eabi/7.2.1/../../../../arm-none-eabi/lib/thumb/v7e-m/fpv4-sp/hard\libc_nano.a(lib_a-wctomb_r.o)
 .ARM.attributes
                0x00000e39       0x34 c:/program files (x86)/gnu tools arm embedded/7 2017-q4-major/bin/../lib/gcc/arm-none-eabi/7.2.1/../../../../arm-none-eabi/lib/thumb/v7e-m/fpv4-sp/hard\libc_nano.a(lib_a-ctype_.o)
 .ARM.attributes
                0x00000e6d       0x22 c:/program files (x86)/gnu tools arm embedded/7 2017-q4-major/bin/../lib/gcc/arm-none-eabi/7.2.1/thumb/v7e-m/fpv4-sp/hard\libgcc.a(_arm_addsubdf3.o)
 .ARM.attributes
                0x00000e8f       0x22 c:/program files (x86)/gnu tools arm embedded/7 2017-q4-major/bin/../lib/gcc/arm-none-eabi/7.2.1/thumb/v7e-m/fpv4-sp/hard\libgcc.a(_arm_muldivdf3.o)
 .ARM.attributes
                0x00000eb1       0x22 c:/program files (x86)/gnu tools arm embedded/7 2017-q4-major/bin/../lib/gcc/arm-none-eabi/7.2.1/thumb/v7e-m/fpv4-sp/hard\libgcc.a(_arm_cmpdf2.o)
 .ARM.attributes
                0x00000ed3       0x22 c:/program files (x86)/gnu tools arm embedded/7 2017-q4-major/bin/../lib/gcc/arm-none-eabi/7.2.1/thumb/v7e-m/fpv4-sp/hard\libgcc.a(_arm_unorddf2.o)
 .ARM.attributes
                0x00000ef5       0x22 c:/program files (x86)/gnu tools arm embedded/7 2017-q4-major/bin/../lib/gcc/arm-none-eabi/7.2.1/thumb/v7e-m/fpv4-sp/hard\libgcc.a(_arm_fixdfsi.o)
 .ARM.attributes
                0x00000f17       0x22 c:/program files (x86)/gnu tools arm embedded/7 2017-q4-major/bin/../lib/gcc/arm-none-eabi/7.2.1/thumb/v7e-m/fpv4-sp/hard\libgcc.a(_aeabi_uldivmod.o)
 .ARM.attributes
                0x00000f39       0x34 c:/program files (x86)/gnu tools arm embedded/7 2017-q4-major/bin/../lib/gcc/arm-none-eabi/7.2.1/thumb/v7e-m/fpv4-sp/hard\libgcc.a(_udivmoddi4.o)
 .ARM.attributes
                0x00000f6d       0x22 c:/program files (x86)/gnu tools arm embedded/7 2017-q4-major/bin/../lib/gcc/arm-none-eabi/7.2.1/thumb/v7e-m/fpv4-sp/hard\libgcc.a(_dvmd_tls.o)
 .ARM.attributes
                0x00000f8f       0x22 c:/program files (x86)/gnu tools arm embedded/7 2017-q4-major/bin/../lib/gcc/arm-none-eabi/7.2.1/thumb/v7e-m/fpv4-sp/hard/crtn.o
OUTPUT(build/mmc2018_ver2.elf elf32-littlearm)

.debug_info     0x00000000    0x25f25
 .debug_info    0x00000000     0x137d build/stm32f4xx_hal.o
 .debug_info    0x0000137d      0xe82 build/system_stm32f4xx.o
 .debug_info    0x000021ff     0x110f build/stm32f4xx_hal_gpio.o
 .debug_info    0x0000330e     0x1e63 build/adc.o
 .debug_info    0x00005171     0x1a80 build/stm32f4xx_it.o
 .debug_info    0x00006bf1     0x1d71 build/stm32f4xx_hal_tim_ex.o
 .debug_info    0x00008962      0xe90 build/gpio.o
 .debug_info    0x000097f2     0x2464 build/stm32f4xx_hal_spi.o
 .debug_info    0x0000bc56     0x1418 build/stm32f4xx_hal_rcc.o
 .debug_info    0x0000d06e     0x2437 build/main.o
 .debug_info    0x0000f4a5     0x1367 build/usart.o
 .debug_info    0x0001080c     0x2172 build/stm32f4xx_hal_uart.o
 .debug_info    0x0001297e     0x2798 build/tim.o
 .debug_info    0x00015116     0x1903 build/stm32f4xx_hal_cortex.o
 .debug_info    0x00016a19     0x17f4 build/stm32f4xx_hal_adc.o
 .debug_info    0x0001820d      0xd4e build/stm32f4xx_hal_msp.o
 .debug_info    0x00018f5b     0x3a39 build/stm32f4xx_hal_tim.o
 .debug_info    0x0001c994     0x1b5a build/spi.o
 .debug_info    0x0001e4ee     0x114b build/syscalls.o
 .debug_info    0x0001f639      0x491 build/global.o
 .debug_info    0x0001faca     0x15ca build/control.o
 .debug_info    0x00021094     0x1781 build/mode.o
 .debug_info    0x00022815      0x907 build/motion.o
 .debug_info    0x0002311c     0x13eb build/interface.o
 .debug_info    0x00024507      0x3e9 build/other_function.o
 .debug_info    0x000248f0     0x10f7 build/filter.o
 .debug_info    0x000259e7      0x51c build/calculate.o
 .debug_info    0x00025f03       0x22 build/startup_stm32f405xx.o

.debug_abbrev   0x00000000     0x40c6
 .debug_abbrev  0x00000000      0x2e1 build/stm32f4xx_hal.o
 .debug_abbrev  0x000002e1      0x1e6 build/system_stm32f4xx.o
 .debug_abbrev  0x000004c7      0x2be build/stm32f4xx_hal_gpio.o
 .debug_abbrev  0x00000785      0x264 build/adc.o
 .debug_abbrev  0x000009e9      0x23f build/stm32f4xx_it.o
 .debug_abbrev  0x00000c28      0x2f8 build/stm32f4xx_hal_tim_ex.o
 .debug_abbrev  0x00000f20      0x20d build/gpio.o
 .debug_abbrev  0x0000112d      0x323 build/stm32f4xx_hal_spi.o
 .debug_abbrev  0x00001450      0x32f build/stm32f4xx_hal_rcc.o
 .debug_abbrev  0x0000177f      0x298 build/main.o
 .debug_abbrev  0x00001a17      0x23b build/usart.o
 .debug_abbrev  0x00001c52      0x375 build/stm32f4xx_hal_uart.o
 .debug_abbrev  0x00001fc7      0x2f2 build/tim.o
 .debug_abbrev  0x000022b9      0x3dc build/stm32f4xx_hal_cortex.o
 .debug_abbrev  0x00002695      0x300 build/stm32f4xx_hal_adc.o
 .debug_abbrev  0x00002995      0x1ed build/stm32f4xx_hal_msp.o
 .debug_abbrev  0x00002b82      0x310 build/stm32f4xx_hal_tim.o
 .debug_abbrev  0x00002e92      0x2b6 build/spi.o
 .debug_abbrev  0x00003148      0x2d3 build/syscalls.o
 .debug_abbrev  0x0000341b       0x83 build/global.o
 .debug_abbrev  0x0000349e      0x2bd build/control.o
 .debug_abbrev  0x0000375b      0x238 build/mode.o
 .debug_abbrev  0x00003993       0xd7 build/motion.o
 .debug_abbrev  0x00003a6a      0x258 build/interface.o
 .debug_abbrev  0x00003cc2       0x94 build/other_function.o
 .debug_abbrev  0x00003d56      0x27e build/filter.o
 .debug_abbrev  0x00003fd4       0xe0 build/calculate.o
 .debug_abbrev  0x000040b4       0x12 build/startup_stm32f405xx.o

.debug_loc      0x00000000     0xcf75
 .debug_loc     0x00000000      0x19d build/stm32f4xx_hal.o
 .debug_loc     0x0000019d      0x13e build/system_stm32f4xx.o
 .debug_loc     0x000002db      0x531 build/stm32f4xx_hal_gpio.o
 .debug_loc     0x0000080c      0x320 build/adc.o
 .debug_loc     0x00000b2c       0x40 build/stm32f4xx_it.o
 .debug_loc     0x00000b6c     0x131e build/stm32f4xx_hal_tim_ex.o
 .debug_loc     0x00001e8a       0x39 build/gpio.o
 .debug_loc     0x00001ec3     0x1ffb build/stm32f4xx_hal_spi.o
 .debug_loc     0x00003ebe      0x555 build/stm32f4xx_hal_rcc.o
 .debug_loc     0x00004413       0xdd build/main.o
 .debug_loc     0x000044f0       0xd3 build/usart.o
 .debug_loc     0x000045c3     0x1a3f build/stm32f4xx_hal_uart.o
 .debug_loc     0x00006002      0x55a build/tim.o
 .debug_loc     0x0000655c      0x65e build/stm32f4xx_hal_cortex.o
 .debug_loc     0x00006bba      0xbd0 build/stm32f4xx_hal_adc.o
 .debug_loc     0x0000778a       0x20 build/stm32f4xx_hal_msp.o
 .debug_loc     0x000077aa     0x404a build/stm32f4xx_hal_tim.o
 .debug_loc     0x0000b7f4      0x341 build/spi.o
 .debug_loc     0x0000bb35      0x51b build/syscalls.o
 .debug_loc     0x0000c050      0x2e6 build/control.o
 .debug_loc     0x0000c336      0x125 build/mode.o
 .debug_loc     0x0000c45b      0x260 build/motion.o
 .debug_loc     0x0000c6bb      0x126 build/interface.o
 .debug_loc     0x0000c7e1      0x152 build/filter.o
 .debug_loc     0x0000c933      0x642 build/calculate.o

.debug_aranges  0x00000000     0x10e8
 .debug_aranges
                0x00000000       0xe0 build/stm32f4xx_hal.o
 .debug_aranges
                0x000000e0       0x28 build/system_stm32f4xx.o
 .debug_aranges
                0x00000108       0x58 build/stm32f4xx_hal_gpio.o
 .debug_aranges
                0x00000160       0x68 build/adc.o
 .debug_aranges
                0x000001c8       0x68 build/stm32f4xx_it.o
 .debug_aranges
                0x00000230      0x140 build/stm32f4xx_hal_tim_ex.o
 .debug_aranges
                0x00000370       0x20 build/gpio.o
 .debug_aranges
                0x00000390      0x1c8 build/stm32f4xx_hal_spi.o
 .debug_aranges
                0x00000558       0x88 build/stm32f4xx_hal_rcc.o
 .debug_aranges
                0x000005e0       0x40 build/main.o
 .debug_aranges
                0x00000620       0x30 build/usart.o
 .debug_aranges
                0x00000650      0x1d0 build/stm32f4xx_hal_uart.o
 .debug_aranges
                0x00000820       0x90 build/tim.o
 .debug_aranges
                0x000008b0       0xa8 build/stm32f4xx_hal_cortex.o
 .debug_aranges
                0x00000958       0xe8 build/stm32f4xx_hal_adc.o
 .debug_aranges
                0x00000a40       0x20 build/stm32f4xx_hal_msp.o
 .debug_aranges
                0x00000a60      0x368 build/stm32f4xx_hal_tim.o
 .debug_aranges
                0x00000dc8       0x70 build/spi.o
 .debug_aranges
                0x00000e38       0xb0 build/syscalls.o
 .debug_aranges
                0x00000ee8       0x18 build/global.o
 .debug_aranges
                0x00000f00       0x40 build/control.o
 .debug_aranges
                0x00000f40       0x30 build/mode.o
 .debug_aranges
                0x00000f70       0x80 build/motion.o
 .debug_aranges
                0x00000ff0       0x40 build/interface.o
 .debug_aranges
                0x00001030       0x28 build/other_function.o
 .debug_aranges
                0x00001058       0x40 build/filter.o
 .debug_aranges
                0x00001098       0x28 build/calculate.o
 .debug_aranges
                0x000010c0       0x28 build/startup_stm32f405xx.o

.debug_ranges   0x00000000      0xfb8
 .debug_ranges  0x00000000       0xd0 build/stm32f4xx_hal.o
 .debug_ranges  0x000000d0       0x18 build/system_stm32f4xx.o
 .debug_ranges  0x000000e8       0x48 build/stm32f4xx_hal_gpio.o
 .debug_ranges  0x00000130       0x58 build/adc.o
 .debug_ranges  0x00000188       0x58 build/stm32f4xx_it.o
 .debug_ranges  0x000001e0      0x130 build/stm32f4xx_hal_tim_ex.o
 .debug_ranges  0x00000310       0x10 build/gpio.o
 .debug_ranges  0x00000320      0x1b8 build/stm32f4xx_hal_spi.o
 .debug_ranges  0x000004d8       0x90 build/stm32f4xx_hal_rcc.o
 .debug_ranges  0x00000568       0x30 build/main.o
 .debug_ranges  0x00000598       0x20 build/usart.o
 .debug_ranges  0x000005b8      0x1c0 build/stm32f4xx_hal_uart.o
 .debug_ranges  0x00000778       0x80 build/tim.o
 .debug_ranges  0x000007f8       0xf8 build/stm32f4xx_hal_cortex.o
 .debug_ranges  0x000008f0       0xd8 build/stm32f4xx_hal_adc.o
 .debug_ranges  0x000009c8       0x10 build/stm32f4xx_hal_msp.o
 .debug_ranges  0x000009d8      0x358 build/stm32f4xx_hal_tim.o
 .debug_ranges  0x00000d30       0x60 build/spi.o
 .debug_ranges  0x00000d90       0xa0 build/syscalls.o
 .debug_ranges  0x00000e30       0x30 build/control.o
 .debug_ranges  0x00000e60       0x20 build/mode.o
 .debug_ranges  0x00000e80       0x70 build/motion.o
 .debug_ranges  0x00000ef0       0x30 build/interface.o
 .debug_ranges  0x00000f20       0x18 build/other_function.o
 .debug_ranges  0x00000f38       0x48 build/filter.o
 .debug_ranges  0x00000f80       0x18 build/calculate.o
 .debug_ranges  0x00000f98       0x20 build/startup_stm32f405xx.o

.debug_line     0x00000000     0x85fa
 .debug_line    0x00000000      0x482 build/stm32f4xx_hal.o
 .debug_line    0x00000482      0x255 build/system_stm32f4xx.o
 .debug_line    0x000006d7      0x410 build/stm32f4xx_hal_gpio.o
 .debug_line    0x00000ae7      0x433 build/adc.o
 .debug_line    0x00000f1a      0x3d7 build/stm32f4xx_it.o
 .debug_line    0x000012f1      0x878 build/stm32f4xx_hal_tim_ex.o
 .debug_line    0x00001b69      0x261 build/gpio.o
 .debug_line    0x00001dca      0xca9 build/stm32f4xx_hal_spi.o
 .debug_line    0x00002a73      0x546 build/stm32f4xx_hal_rcc.o
 .debug_line    0x00002fb9      0x477 build/main.o
 .debug_line    0x00003430      0x2e3 build/usart.o
 .debug_line    0x00003713      0xbd9 build/stm32f4xx_hal_uart.o
 .debug_line    0x000042ec      0x573 build/tim.o
 .debug_line    0x0000485f      0x4c2 build/stm32f4xx_hal_cortex.o
 .debug_line    0x00004d21      0x758 build/stm32f4xx_hal_adc.o
 .debug_line    0x00005479      0x264 build/stm32f4xx_hal_msp.o
 .debug_line    0x000056dd     0x1332 build/stm32f4xx_hal_tim.o
 .debug_line    0x00006a0f      0x3ff build/spi.o
 .debug_line    0x00006e0e      0x3a7 build/syscalls.o
 .debug_line    0x000071b5      0x112 build/global.o
 .debug_line    0x000072c7      0x322 build/control.o
 .debug_line    0x000075e9      0x3c7 build/mode.o
 .debug_line    0x000079b0      0x26e build/motion.o
 .debug_line    0x00007c1e      0x32f build/interface.o
 .debug_line    0x00007f4d      0x141 build/other_function.o
 .debug_line    0x0000808e      0x37a build/filter.o
 .debug_line    0x00008408      0x17e build/calculate.o
 .debug_line    0x00008586       0x74 build/startup_stm32f405xx.o

.debug_str      0x00000000     0x4a23
 .debug_str     0x00000000      0xe8b build/stm32f4xx_hal.o
                                0xf33 (size before relaxing)
 .debug_str     0x00000e8b       0xa7 build/system_stm32f4xx.o
                                0x765 (size before relaxing)
 .debug_str     0x00000f32      0x1db build/stm32f4xx_hal_gpio.o
                                0x901 (size before relaxing)
 .debug_str     0x0000110d      0x65b build/adc.o
                                0xe44 (size before relaxing)
 .debug_str     0x00001768      0x4ec build/stm32f4xx_it.o
                               0x1084 (size before relaxing)
 .debug_str     0x00001c54      0x64d build/stm32f4xx_hal_tim_ex.o
                               0x1086 (size before relaxing)
 .debug_str     0x000022a1       0x18 build/gpio.o
                                0x79a (size before relaxing)
 .debug_str     0x000022b9      0x512 build/stm32f4xx_hal_spi.o
                                0xf8b (size before relaxing)
 .debug_str     0x000027cb      0x2c5 build/stm32f4xx_hal_rcc.o
                                0xad4 (size before relaxing)
 .debug_str     0x00002a90      0x2b2 build/main.o
                               0x1934 (size before relaxing)
 .debug_str     0x00002d42       0x49 build/usart.o
                                0xbdf (size before relaxing)
 .debug_str     0x00002d8b      0x4eb build/stm32f4xx_hal_uart.o
                               0x1003 (size before relaxing)
 .debug_str     0x00003276      0x2c4 build/tim.o
                               0x16f9 (size before relaxing)
 .debug_str     0x0000353a      0x312 build/stm32f4xx_hal_cortex.o
                               0x100a (size before relaxing)
 .debug_str     0x0000384c      0x24e build/stm32f4xx_hal_adc.o
                                0xd54 (size before relaxing)
 .debug_str     0x00003a9a       0x18 build/stm32f4xx_hal_msp.o
                                0xae5 (size before relaxing)
 .debug_str     0x00003ab2      0xa09 build/stm32f4xx_hal_tim.o
                               0x17c6 (size before relaxing)
 .debug_str     0x000044bb       0x8c build/spi.o
                                0xe5a (size before relaxing)
 .debug_str     0x00004547      0x256 build/syscalls.o
                                0x824 (size before relaxing)
 .debug_str     0x0000479d        0xd build/global.o
                                0x326 (size before relaxing)
 .debug_str     0x000047aa       0xb9 build/control.o
                                0xc72 (size before relaxing)
 .debug_str     0x00004863       0x8a build/mode.o
                                0xca3 (size before relaxing)