Archive member included to satisfy reference by file (symbol)

c:/program files (x86)/gnu tools arm embedded/7 2017-q4-major/bin/../lib/gcc/arm-none-eabi/7.2.1/../../../../arm-none-eabi/lib/thumb/v7e-m/fpv4-sp/hard\libc_nano.a(lib_a-errno.o)
                              build/syscalls.o (__errno)
c:/program files (x86)/gnu tools arm embedded/7 2017-q4-major/bin/../lib/gcc/arm-none-eabi/7.2.1/../../../../arm-none-eabi/lib/thumb/v7e-m/fpv4-sp/hard\libc_nano.a(lib_a-exit.o)
                              c:/program files (x86)/gnu tools arm embedded/7 2017-q4-major/bin/../lib/gcc/arm-none-eabi/7.2.1/../../../../arm-none-eabi/lib/thumb/v7e-m/fpv4-sp/hard/crt0.o (exit)
c:/program files (x86)/gnu tools arm embedded/7 2017-q4-major/bin/../lib/gcc/arm-none-eabi/7.2.1/../../../../arm-none-eabi/lib/thumb/v7e-m/fpv4-sp/hard\libc_nano.a(lib_a-impure.o)
                              c:/program files (x86)/gnu tools arm embedded/7 2017-q4-major/bin/../lib/gcc/arm-none-eabi/7.2.1/../../../../arm-none-eabi/lib/thumb/v7e-m/fpv4-sp/hard\libc_nano.a(lib_a-exit.o) (_global_impure_ptr)
c:/program files (x86)/gnu tools arm embedded/7 2017-q4-major/bin/../lib/gcc/arm-none-eabi/7.2.1/../../../../arm-none-eabi/lib/thumb/v7e-m/fpv4-sp/hard\libc_nano.a(lib_a-init.o)
                              c:/program files (x86)/gnu tools arm embedded/7 2017-q4-major/bin/../lib/gcc/arm-none-eabi/7.2.1/../../../../arm-none-eabi/lib/thumb/v7e-m/fpv4-sp/hard/crt0.o (__libc_init_array)
c:/program files (x86)/gnu tools arm embedded/7 2017-q4-major/bin/../lib/gcc/arm-none-eabi/7.2.1/../../../../arm-none-eabi/lib/thumb/v7e-m/fpv4-sp/hard\libc_nano.a(lib_a-memset.o)
                              c:/program files (x86)/gnu tools arm embedded/7 2017-q4-major/bin/../lib/gcc/arm-none-eabi/7.2.1/../../../../arm-none-eabi/lib/thumb/v7e-m/fpv4-sp/hard/crt0.o (memset)
c:/program files (x86)/gnu tools arm embedded/7 2017-q4-major/bin/../lib/gcc/arm-none-eabi/7.2.1/../../../../arm-none-eabi/lib/thumb/v7e-m/fpv4-sp/hard\libc_nano.a(lib_a-nano-vfprintf_float.o)
                              (_printf_float)
c:/program files (x86)/gnu tools arm embedded/7 2017-q4-major/bin/../lib/gcc/arm-none-eabi/7.2.1/../../../../arm-none-eabi/lib/thumb/v7e-m/fpv4-sp/hard\libc_nano.a(lib_a-nano-vfprintf_i.o)
                              c:/program files (x86)/gnu tools arm embedded/7 2017-q4-major/bin/../lib/gcc/arm-none-eabi/7.2.1/../../../../arm-none-eabi/lib/thumb/v7e-m/fpv4-sp/hard\libc_nano.a(lib_a-nano-vfprintf_float.o) (_printf_common)
c:/program files (x86)/gnu tools arm embedded/7 2017-q4-major/bin/../lib/gcc/arm-none-eabi/7.2.1/../../../../arm-none-eabi/lib/thumb/v7e-m/fpv4-sp/hard\libc_nano.a(lib_a-printf.o)
                              build/spi.o (printf)
c:/program files (x86)/gnu tools arm embedded/7 2017-q4-major/bin/../lib/gcc/arm-none-eabi/7.2.1/../../../../arm-none-eabi/lib/thumb/v7e-m/fpv4-sp/hard\libc_nano.a(lib_a-setbuf.o)
                              build/main.o (setbuf)
c:/program files (x86)/gnu tools arm embedded/7 2017-q4-major/bin/../lib/gcc/arm-none-eabi/7.2.1/../../../../arm-none-eabi/lib/thumb/v7e-m/fpv4-sp/hard\libc_nano.a(lib_a-setvbuf.o)
                              c:/program files (x86)/gnu tools arm embedded/7 2017-q4-major/bin/../lib/gcc/arm-none-eabi/7.2.1/../../../../arm-none-eabi/lib/thumb/v7e-m/fpv4-sp/hard\libc_nano.a(lib_a-setbuf.o) (setvbuf)
c:/program files (x86)/gnu tools arm embedded/7 2017-q4-major/bin/../lib/gcc/arm-none-eabi/7.2.1/../../../../arm-none-eabi/lib/thumb/v7e-m/fpv4-sp/hard\libc_nano.a(lib_a-strlen.o)
                              c:/program files (x86)/gnu tools arm embedded/7 2017-q4-major/bin/../lib/gcc/arm-none-eabi/7.2.1/../../../../arm-none-eabi/lib/thumb/v7e-m/fpv4-sp/hard\libc_nano.a(lib_a-nano-vfprintf_float.o) (strlen)
c:/program files (x86)/gnu tools arm embedded/7 2017-q4-major/bin/../lib/gcc/arm-none-eabi/7.2.1/../../../../arm-none-eabi/lib/thumb/v7e-m/fpv4-sp/hard\libc_nano.a(lib_a-dtoa.o)
                              c:/program files (x86)/gnu tools arm embedded/7 2017-q4-major/bin/../lib/gcc/arm-none-eabi/7.2.1/../../../../arm-none-eabi/lib/thumb/v7e-m/fpv4-sp/hard\libc_nano.a(lib_a-nano-vfprintf_float.o) (_dtoa_r)
c:/program files (x86)/gnu tools arm embedded/7 2017-q4-major/bin/../lib/gcc/arm-none-eabi/7.2.1/../../../../arm-none-eabi/lib/thumb/v7e-m/fpv4-sp/hard\libc_nano.a(lib_a-fflush.o)
                              c:/program files (x86)/gnu tools arm embedded/7 2017-q4-major/bin/../lib/gcc/arm-none-eabi/7.2.1/../../../../arm-none-eabi/lib/thumb/v7e-m/fpv4-sp/hard\libc_nano.a(lib_a-setvbuf.o) (_fflush_r)
c:/program files (x86)/gnu tools arm embedded/7 2017-q4-major/bin/../lib/gcc/arm-none-eabi/7.2.1/../../../../arm-none-eabi/lib/thumb/v7e-m/fpv4-sp/hard\libc_nano.a(lib_a-findfp.o)
[...]
Memory Configuration

Name             Origin             Length             Attributes
RAM              0x20000000         0x00020000         xrw
CCMRAM           0x10000000         0x00010000         rw
FLASH            0x08000000         0x00100000         xr
*default*        0x00000000         0xffffffff

Linker script and memory map

LOAD c:/program files (x86)/gnu tools arm embedded/7 2017-q4-major/bin/../lib/gcc/arm-none-eabi/7.2.1/thumb/v7e-m/fpv4-sp/hard/crti.o
LOAD c:/program files (x86)/gnu tools arm embedded/7 2017-q4-major/bin/../lib/gcc/arm-none-eabi/7.2.1/thumb/v7e-m/fpv4-sp/hard/crtbegin.o
LOAD c:/program files (x86)/gnu tools arm embedded/7 2017-q4-major/bin/../lib/gcc/arm-none-eabi/7.2.1/../../../../arm-none-eabi/lib/thumb/v7e-m/fpv4-sp/hard/crt0.o
LOAD build/stm32f4xx_hal_cortex.o
LOAD build/gpio.o
LOAD build/stm32f4xx_hal_flash_ramfunc.o
LOAD build/stm32f4xx_hal_dma.o
LOAD build/spi.o
LOAD build/main.o
LOAD build/stm32f4xx_it.o
LOAD build/adc.o
LOAD build/stm32f4xx_hal_msp.o
LOAD build/stm32f4xx_hal_spi.o
LOAD build/stm32f4xx_hal_uart.o
LOAD build/stm32f4xx_hal_adc_ex.o
LOAD build/stm32f4xx_hal_tim.o
LOAD build/stm32f4xx_hal_gpio.o
LOAD build/stm32f4xx_hal_pwr_ex.o
LOAD build/stm32f4xx_hal_rcc.o
LOAD build/tim.o
LOAD build/stm32f4xx_hal_pwr.o
LOAD build/stm32f4xx_hal_dma_ex.o
LOAD build/stm32f4xx_hal_flash_ex.o
LOAD build/stm32f4xx_hal_rcc_ex.o
LOAD build/system_stm32f4xx.o
LOAD build/stm32f4xx_hal.o
LOAD build/usart.o
LOAD build/stm32f4xx_hal_tim_ex.o
LOAD build/stm32f4xx_hal_flash.o
LOAD build/stm32f4xx_hal_adc.o
LOAD build/syscalls.o
LOAD build/interface.o
LOAD build/global.o
LOAD build/filter.o
LOAD build/mode.o
LOAD build/other_function.o
LOAD build/startup_stm32f405xx.o
LOAD c:/program files (x86)/gnu tools arm embedded/7 2017-q4-major/bin/../lib/gcc/arm-none-eabi/7.2.1/../../../../arm-none-eabi/lib/thumb/v7e-m/fpv4-sp/hard\libc_nano.a
LOAD c:/program files (x86)/gnu tools arm embedded/7 2017-q4-major/bin/../lib/gcc/arm-none-eabi/7.2.1/../../../../arm-none-eabi/lib/thumb/v7e-m/fpv4-sp/hard\libm.a
LOAD c:/program files (x86)/gnu tools arm embedded/7 2017-q4-major/bin/../lib/gcc/arm-none-eabi/7.2.1/../../../../arm-none-eabi/lib/thumb/v7e-m/fpv4-sp/hard\libnosys.a
LOAD Drivers/CMSIS/Lib/GCC/\libarm_cortexM4lf_math.a
START GROUP
LOAD c:/program files (x86)/gnu tools arm embedded/7 2017-q4-major/bin/../lib/gcc/arm-none-eabi/7.2.1/thumb/v7e-m/fpv4-sp/hard\libgcc.a
LOAD c:/program files (x86)/gnu tools arm embedded/7 2017-q4-major/bin/../lib/gcc/arm-none-eabi/7.2.1/../../../../arm-none-eabi/lib/thumb/v7e-m/fpv4-sp/hard\libc_nano.a
END GROUP
START GROUP
LOAD c:/program files (x86)/gnu tools arm embedded/7 2017-q4-major/bin/../lib/gcc/arm-none-eabi/7.2.1/thumb/v7e-m/fpv4-sp/hard\libgcc.a
LOAD c:/program files (x86)/gnu tools arm embedded/7 2017-q4-major/bin/../lib/gcc/arm-none-eabi/7.2.1/../../../../arm-none-eabi/lib/thumb/v7e-m/fpv4-sp/hard\libc_nano.a
END GROUP
LOAD c:/program files (x86)/gnu tools arm embedded/7 2017-q4-major/bin/../lib/gcc/arm-none-eabi/7.2.1/thumb/v7e-m/fpv4-sp/hard/crtend.o
LOAD c:/program files (x86)/gnu tools arm embedded/7 2017-q4-major/bin/../lib/gcc/arm-none-eabi/7.2.1/thumb/v7e-m/fpv4-sp/hard/crtn.o
                0x20020000                _estack = 0x20020000
                0x00000200                _Min_Heap_Size = 0x200
                0x00000400                _Min_Stack_Size = 0x400

.isr_vector     0x08000000      0x188
                0x08000000                . = ALIGN (0x4)
 *(.isr_vector)
 .isr_vector    0x08000000      0x188 build/startup_stm32f405xx.o
                0x08000000                g_pfnVectors
                0x08000188                . = ALIGN (0x4)

.text           0x08000190     0x6cd8
                0x08000190                . = ALIGN (0x4)
 *(.text)
 .text          0x08000190       0x40 c:/program files (x86)/gnu tools arm embedded/7 2017-q4-major/bin/../lib/gcc/arm-none-eabi/7.2.1/thumb/v7e-m/fpv4-sp/hard/crtbegin.o
 .text          0x080001d0       0x10 c:/program files (x86)/gnu tools arm embedded/7 2017-q4-major/bin/../lib/gcc/arm-none-eabi/7.2.1/../../../../arm-none-eabi/lib/thumb/v7e-m/fpv4-sp/hard\libc_nano.a(lib_a-strlen.o)
                0x080001d0                strlen
 .text          0x080001e0       0xa0 c:/program files (x86)/gnu tools arm embedded/7 2017-q4-major/bin/../lib/gcc/arm-none-eabi/7.2.1/../../../../arm-none-eabi/lib/thumb/v7e-m/fpv4-sp/hard\libc_nano.a(lib_a-memchr.o)
                0x080001e0                memchr
 .text          0x08000280      0x378 c:/program files (x86)/gnu tools arm embedded/7 2017-q4-major/bin/../lib/gcc/arm-none-eabi/7.2.1/thumb/v7e-m/fpv4-sp/hard\libgcc.a(_arm_addsubdf3.o)
                0x08000280                __aeabi_drsub
                0x08000288                __aeabi_dsub
                0x08000288                __subdf3
                0x0800028c                __aeabi_dadd
                0x0800028c                __adddf3
                0x08000504                __floatunsidf
                0x08000504                __aeabi_ui2d
                0x08000524                __floatsidf
                0x08000524                __aeabi_i2d
                0x08000548                __aeabi_f2d
                0x08000548                __extendsfdf2
                0x0800058c                __floatundidf
                0x0800058c                __aeabi_ul2d
                0x0800059c                __floatdidf
                0x0800059c                __aeabi_l2d
 .text          0x080005f8      0x424 c:/program files (x86)/gnu tools arm embedded/7 2017-q4-major/bin/../lib/gcc/arm-none-eabi/7.2.1/thumb/v7e-m/fpv4-sp/hard\libgcc.a(_arm_muldivdf3.o)
                0x080005f8                __aeabi_dmul
                0x080005f8                __muldf3
                0x0800084c                __divdf3
                0x0800084c                __aeabi_ddiv
 .text          0x08000a1c      0x110 c:/program files (x86)/gnu tools arm embedded/7 2017-q4-major/bin/../lib/gcc/arm-none-eabi/7.2.1/thumb/v7e-m/fpv4-sp/hard\libgcc.a(_arm_cmpdf2.o)
                0x08000a1c                __gtdf2
                0x08000a1c                __gedf2
                0x08000a24                __ltdf2
                0x08000a24                __ledf2
                0x08000a2c                __nedf2
                0x08000a2c                __eqdf2
                0x08000a2c                __cmpdf2
                0x08000aa8                __aeabi_cdrcmple
                0x08000ab8                __aeabi_cdcmpeq
                0x08000ab8                __aeabi_cdcmple
                0x08000ac8                __aeabi_dcmpeq
                0x08000adc                __aeabi_dcmplt
                0x08000af0                __aeabi_dcmple
                0x08000b04                __aeabi_dcmpge
                0x08000b18                __aeabi_dcmpgt
 .text          0x08000b2c       0x2c c:/program files (x86)/gnu tools arm embedded/7 2017-q4-major/bin/../lib/gcc/arm-none-eabi/7.2.1/thumb/v7e-m/fpv4-sp/hard\libgcc.a(_arm_unorddf2.o)
                0x08000b2c                __unorddf2
                0x08000b2c                __aeabi_dcmpun
 .text          0x08000b58       0x50 c:/program files (x86)/gnu tools arm embedded/7 2017-q4-major/bin/../lib/gcc/arm-none-eabi/7.2.1/thumb/v7e-m/fpv4-sp/hard\libgcc.a(_arm_fixdfsi.o)
                0x08000b58                __aeabi_d2iz
                0x08000b58                __fixdfsi
 .text          0x08000ba8       0x30 c:/program files (x86)/gnu tools arm embedded/7 2017-q4-major/bin/../lib/gcc/arm-none-eabi/7.2.1/thumb/v7e-m/fpv4-sp/hard\libgcc.a(_aeabi_uldivmod.o)
                0x08000ba8                __aeabi_uldivmod
 .text          0x08000bd8      0x2cc c:/program files (x86)/gnu tools arm embedded/7 2017-q4-major/bin/../lib/gcc/arm-none-eabi/7.2.1/thumb/v7e-m/fpv4-sp/hard\libgcc.a(_udivmoddi4.o)
                0x08000bd8                __udivmoddi4
 .text          0x08000ea4        0x4 c:/program files (x86)/gnu tools arm embedded/7 2017-q4-major/bin/../lib/gcc/arm-none-eabi/7.2.1/thumb/v7e-m/fpv4-sp/hard\libgcc.a(_dvmd_tls.o)
                0x08000ea4                __aeabi_idiv0
                0x08000ea4                __aeabi_ldiv0
 *(.text*)
 .text.HAL_NVIC_SetPriorityGrouping
                0x08000ea8       0x24 build/stm32f4xx_hal_cortex.o
                0x08000ea8                HAL_NVIC_SetPriorityGrouping
 .text.HAL_NVIC_SetPriority
                0x08000ecc       0x68 build/stm32f4xx_hal_cortex.o
                0x08000ecc                HAL_NVIC_SetPriority
 .text.HAL_NVIC_EnableIRQ
                0x08000f34       0x18 build/stm32f4xx_hal_cortex.o
                0x08000f34                HAL_NVIC_EnableIRQ
 .text.HAL_SYSTICK_Config
                0x08000f4c       0x2c build/stm32f4xx_hal_cortex.o
                0x08000f4c                HAL_SYSTICK_Config
 .text.HAL_SYSTICK_CLKSourceConfig
                0x08000f78       0x20 build/stm32f4xx_hal_cortex.o
                0x08000f78                HAL_SYSTICK_CLKSourceConfig
 .text.HAL_SYSTICK_Callback
                0x08000f98        0x2 build/stm32f4xx_hal_cortex.o
                0x08000f98                HAL_SYSTICK_Callback
 .text.HAL_SYSTICK_IRQHandler
                0x08000f9a        0x8 build/stm32f4xx_hal_cortex.o
                0x08000f9a                HAL_SYSTICK_IRQHandler
 *fill*         0x08000fa2        0x2 
 .text.MX_GPIO_Init
                0x08000fa4       0xc4 build/gpio.o
                0x08000fa4                MX_GPIO_Init
 .text.MX_SPI2_Init
                0x08001068       0x48 build/spi.o
                0x08001068                MX_SPI2_Init
 .text.HAL_SPI_MspInit
                0x080010b0       0x54 build/spi.o
                0x080010b0                HAL_SPI_MspInit
 .text.read_byte
                0x08001104       0x54 build/spi.o
                0x08001104                read_byte
 .text.read_shift_byte
                0x08001158       0x5c build/spi.o
                0x08001158                read_shift_byte
 .text.write_byte
                0x080011b4       0x54 build/spi.o
                0x080011b4                write_byte
 .text.set_mpu6500
                0x08001208       0x38 build/spi.o
                0x08001208                set_mpu6500
 .text.get_gyro
                0x08001240       0x24 build/spi.o
                0x08001240                get_gyro
 .text.gyro_offset_calc_reset
                0x08001264       0x1c build/spi.o
                0x08001264                gyro_offset_calc_reset
 .text.gyro_offset_calc
                0x08001280       0x54 build/spi.o
                0x08001280                gyro_offset_calc
 .text.Update_gyro
                0x080012d4       0x60 build/spi.o
                0x080012d4                Update_gyro
 .text.__io_putchar
                0x08001334       0x20 build/main.o
                0x08001334                __io_putchar
 .text.Init_Main
                0x08001354       0x58 build/main.o
                0x08001354                Init_Main
 .text._Error_Handler
                0x080013ac        0x2 build/main.o
                0x080013ac                _Error_Handler
 *fill*         0x080013ae        0x2 
 .text.SystemClock_Config
                0x080013b0       0xbc build/main.o
                0x080013b0                SystemClock_Config
 .text.main     0x0800146c       0x64 build/main.o
                0x0800146c                main
 .text.NMI_Handler
                0x080014d0        0x2 build/stm32f4xx_it.o
                0x080014d0                NMI_Handler
 .text.HardFault_Handler
                0x080014d2        0x2 build/stm32f4xx_it.o
                0x080014d2                HardFault_Handler
 .text.MemManage_Handler
                0x080014d4        0x2 build/stm32f4xx_it.o
                0x080014d4                MemManage_Handler
 .text.BusFault_Handler
                0x080014d6        0x2 build/stm32f4xx_it.o
                0x080014d6                BusFault_Handler
 .text.UsageFault_Handler
                0x080014d8        0x2 build/stm32f4xx_it.o
                0x080014d8                UsageFault_Handler
 .text.SVC_Handler
                0x080014da        0x2 build/stm32f4xx_it.o
                0x080014da                SVC_Handler
 .text.DebugMon_Handler
                0x080014dc        0x2 build/stm32f4xx_it.o
                0x080014dc                DebugMon_Handler
 .text.PendSV_Handler
                0x080014de        0x2 build/stm32f4xx_it.o
                0x080014de                PendSV_Handler
 .text.SysTick_Handler
                0x080014e0       0x20 build/stm32f4xx_it.o
                0x080014e0                SysTick_Handler
 .text.TIM5_IRQHandler
                0x08001500       0x88 build/stm32f4xx_it.o
                0x08001500                TIM5_IRQHandler
 .text.MX_ADC1_Init
                0x08001588       0x70 build/adc.o
                0x08001588                MX_ADC1_Init
 .text.MX_ADC2_Init
                0x080015f8       0x70 build/adc.o
                0x080015f8                MX_ADC2_Init
 .text.MX_ADC3_Init
                0x08001668       0x70 build/adc.o
                0x08001668                MX_ADC3_Init
 .text.HAL_ADC_MspInit
                0x080016d8       0xb8 build/adc.o
                0x080016d8                HAL_ADC_MspInit
 .text.update_batt_date
                0x08001790       0x4c build/adc.o
                0x08001790                update_batt_date
 .text.update_front_sen_on
                0x080017dc       0x84 build/adc.o
                0x080017dc                update_front_sen_on
 .text.update_side_sen_on
                0x08001860       0x80 build/adc.o
                0x08001860                update_side_sen_on
 .text.update_front_sen_off
                0x080018e0       0x84 build/adc.o
                0x080018e0                update_front_sen_off
 .text.update_side_sen_off
                0x08001964       0x80 build/adc.o
                0x08001964                update_side_sen_off
 .text.HAL_MspInit
                0x080019e4       0x5e build/stm32f4xx_hal_msp.o
                0x080019e4                HAL_MspInit
 .text.SPI_WaitFlagStateUntilTimeout
                0x08001a42       0x96 build/stm32f4xx_hal_spi.o
 .text.SPI_CheckFlag_BSY
                0x08001ad8       0x28 build/stm32f4xx_hal_spi.o
 .text.HAL_SPI_Init
                0x08001b00       0x80 build/stm32f4xx_hal_spi.o
                0x08001b00                HAL_SPI_Init
 .text.HAL_SPI_Transmit
                0x08001b80      0x1a6 build/stm32f4xx_hal_spi.o
                0x08001b80                HAL_SPI_Transmit
 .text.HAL_SPI_TransmitReceive
                0x08001d26      0x238 build/stm32f4xx_hal_spi.o
                0x08001d26                HAL_SPI_TransmitReceive
 .text.HAL_SPI_Receive
                0x08001f5e      0x168 build/stm32f4xx_hal_spi.o
                0x08001f5e                HAL_SPI_Receive
 *fill*         0x080020c6        0x2 
 .text.UART_SetConfig
                0x080020c8      0x334 build/stm32f4xx_hal_uart.o
 .text.UART_WaitOnFlagUntilTimeout
                0x080023fc       0x62 build/stm32f4xx_hal_uart.o
 .text.HAL_UART_Init
                0x0800245e       0x5e build/stm32f4xx_hal_uart.o
                0x0800245e                HAL_UART_Init
 .text.HAL_UART_Transmit
                0x080024bc       0xe0 build/stm32f4xx_hal_uart.o
                0x080024bc                HAL_UART_Transmit
 .text.TIM_OC1_SetConfig
                0x0800259c       0x5c build/stm32f4xx_hal_tim.o
 .text.TIM_OC3_SetConfig
                0x080025f8       0x60 build/stm32f4xx_hal_tim.o
 .text.TIM_OC4_SetConfig
                0x08002658       0x50 build/stm32f4xx_hal_tim.o
 .text.TIM_TI1_ConfigInputStage
                0x080026a8       0x26 build/stm32f4xx_hal_tim.o
 .text.TIM_TI2_ConfigInputStage
                0x080026ce       0x28 build/stm32f4xx_hal_tim.o
 .text.TIM_ITRx_SetConfig
                0x080026f6       0x10 build/stm32f4xx_hal_tim.o
 .text.TIM_ETR_SetConfig
                0x08002706       0x18 build/stm32f4xx_hal_tim.o
 .text.HAL_TIM_Base_Start_IT
                0x0800271e       0x18 build/stm32f4xx_hal_tim.o
                0x0800271e                HAL_TIM_Base_Start_IT
 .text.HAL_TIM_ConfigClockSource
                0x08002736      0x108 build/stm32f4xx_hal_tim.o
                0x08002736                HAL_TIM_ConfigClockSource
 .text.HAL_TIM_PeriodElapsedCallback
                0x0800283e        0x2 build/stm32f4xx_hal_tim.o
                0x0800283e                HAL_TIM_PeriodElapsedCallback
 .text.HAL_TIM_OC_DelayElapsedCallback
                0x08002840        0x2 build/stm32f4xx_hal_tim.o
                0x08002840                HAL_TIM_OC_DelayElapsedCallback
 .text.HAL_TIM_IC_CaptureCallback
                0x08002842        0x2 build/stm32f4xx_hal_tim.o
                0x08002842                HAL_TIM_IC_CaptureCallback
 .text.HAL_TIM_PWM_PulseFinishedCallback
                0x08002844        0x2 build/stm32f4xx_hal_tim.o
                0x08002844                HAL_TIM_PWM_PulseFinishedCallback
 .text.HAL_TIM_TriggerCallback
                0x08002846        0x2 build/stm32f4xx_hal_tim.o
                0x08002846                HAL_TIM_TriggerCallback
 .text.HAL_TIM_IRQHandler
                0x08002848      0x17a build/stm32f4xx_hal_tim.o
                0x08002848                HAL_TIM_IRQHandler
 *fill*         0x080029c2        0x2 
 .text.TIM_Base_SetConfig
                0x080029c4       0xc0 build/stm32f4xx_hal_tim.o
                0x080029c4                TIM_Base_SetConfig
 .text.HAL_TIM_Base_Init
                0x08002a84       0x32 build/stm32f4xx_hal_tim.o
                0x08002a84                HAL_TIM_Base_Init
 .text.HAL_TIM_PWM_Init
                0x08002ab6       0x32 build/stm32f4xx_hal_tim.o
                0x08002ab6                HAL_TIM_PWM_Init
 .text.HAL_TIM_Encoder_Init
                0x08002ae8       0x98 build/stm32f4xx_hal_tim.o
                0x08002ae8                HAL_TIM_Encoder_Init
 .text.TIM_OC2_SetConfig
                0x08002b80       0x64 build/stm32f4xx_hal_tim.o
                0x08002b80                TIM_OC2_SetConfig
 .text.HAL_TIM_PWM_ConfigChannel
                0x08002be4       0xdc build/stm32f4xx_hal_tim.o
                0x08002be4                HAL_TIM_PWM_ConfigChannel
 .text.TIM_CCxChannelCmd
                0x08002cc0       0x1e build/stm32f4xx_hal_tim.o
                0x08002cc0                TIM_CCxChannelCmd
 *fill*         0x08002cde        0x2 
 .text.HAL_TIM_PWM_Start
                0x08002ce0       0x38 build/stm32f4xx_hal_tim.o
                0x08002ce0                HAL_TIM_PWM_Start
 .text.HAL_TIM_Encoder_Start
                0x08002d18       0x44 build/stm32f4xx_hal_tim.o
                0x08002d18                HAL_TIM_Encoder_Start
 .text.HAL_GPIO_Init
                0x08002d5c      0x1c8 build/stm32f4xx_hal_gpio.o
                0x08002d5c                HAL_GPIO_Init
 .text.HAL_GPIO_WritePin
                0x08002f24        0xc build/stm32f4xx_hal_gpio.o
                0x08002f24                HAL_GPIO_WritePin
 .text.HAL_RCC_OscConfig
                0x08002f30      0x398 build/stm32f4xx_hal_rcc.o
                0x08002f30                HAL_RCC_OscConfig
 .text.HAL_RCC_GetSysClockFreq
                0x080032c8       0xa8 build/stm32f4xx_hal_rcc.o
                0x080032c8                HAL_RCC_GetSysClockFreq
 .text.HAL_RCC_ClockConfig
                0x08003370      0x158 build/stm32f4xx_hal_rcc.o
                0x08003370                HAL_RCC_ClockConfig
 .text.HAL_RCC_GetHCLKFreq
                0x080034c8        0xc build/stm32f4xx_hal_rcc.o
                0x080034c8                HAL_RCC_GetHCLKFreq
 .text.HAL_RCC_GetPCLK1Freq
                0x080034d4       0x20 build/stm32f4xx_hal_rcc.o
                0x080034d4                HAL_RCC_GetPCLK1Freq
 .text.HAL_RCC_GetPCLK2Freq
                0x080034f4       0x20 build/stm32f4xx_hal_rcc.o
                0x080034f4                HAL_RCC_GetPCLK2Freq
 .text.MX_TIM3_Init
                0x08003514       0x6c build/tim.o
                0x08003514                MX_TIM3_Init
 .text.MX_TIM4_Init
                0x08003580       0x6c build/tim.o
                0x08003580                MX_TIM4_Init
 .text.MX_TIM5_Init
                0x080035ec       0x74 build/tim.o
                0x080035ec                MX_TIM5_Init
 .text.HAL_TIM_PWM_MspInit
                0x08003660       0x50 build/tim.o
                0x08003660                HAL_TIM_PWM_MspInit
 .text.HAL_TIM_Encoder_MspInit
                0x080036b0       0x8c build/tim.o
                0x080036b0                HAL_TIM_Encoder_MspInit
 .text.HAL_TIM_Base_MspInit
                0x0800373c       0x40 build/tim.o
                0x0800373c                HAL_TIM_Base_MspInit
 .text.HAL_TIM_MspPostInit
                0x0800377c       0x5c build/tim.o
                0x0800377c                HAL_TIM_MspPostInit
 .text.MX_TIM1_Init
                0x080037d8       0xf8 build/tim.o
                0x080037d8                MX_TIM1_Init
 .text.MX_TIM2_Init
                0x080038d0       0x7c build/tim.o
                0x080038d0                MX_TIM2_Init
 .text.Buzzer_pwm
                0x0800394c       0x7c build/tim.o
                0x0800394c                Buzzer_pwm
 .text.update_encoder
                0x080039c8      0x108 build/tim.o
                0x080039c8                update_encoder
 .text.SystemInit
                0x08003ad0       0x4c build/system_stm32f4xx.o
                0x08003ad0                SystemInit
 .text.HAL_InitTick
                0x08003b1c       0x4c build/stm32f4xx_hal.o
                0x08003b1c                HAL_InitTick
 .text.HAL_Init
                0x08003b68       0x34 build/stm32f4xx_hal.o
                0x08003b68                HAL_Init
 .text.HAL_IncTick
                0x08003b9c       0x18 build/stm32f4xx_hal.o
                0x08003b9c                HAL_IncTick
 .text.HAL_GetTick
                0x08003bb4        0xc build/stm32f4xx_hal.o
                0x08003bb4                HAL_GetTick
 .text.HAL_Delay
                0x08003bc0       0x28 build/stm32f4xx_hal.o
                0x08003bc0                HAL_Delay
 .text.MX_USART3_UART_Init
                0x08003be8       0x3c build/usart.o
                0x08003be8                MX_USART3_UART_Init
 .text.HAL_UART_MspInit
                0x08003c24       0x58 build/usart.o
                0x08003c24                HAL_UART_MspInit
 .text.HAL_TIMEx_MasterConfigSynchronization
                0x08003c7c       0x52 build/stm32f4xx_hal_tim_ex.o
                0x08003c7c                HAL_TIMEx_MasterConfigSynchronization
 .text.HAL_TIMEx_ConfigBreakDeadTime
                0x08003cce       0x58 build/stm32f4xx_hal_tim_ex.o
                0x08003cce                HAL_TIMEx_ConfigBreakDeadTime
 .text.HAL_TIMEx_CommutationCallback
                0x08003d26        0x2 build/stm32f4xx_hal_tim_ex.o
                0x08003d26                HAL_TIMEx_CommutationCallback
 .text.HAL_TIMEx_BreakCallback
                0x08003d28        0x2 build/stm32f4xx_hal_tim_ex.o
                0x08003d28                HAL_TIMEx_BreakCallback
 *fill*         0x08003d2a        0x2 
 .text.ADC_Init
                0x08003d2c      0x130 build/stm32f4xx_hal_adc.o
 .text.HAL_ADC_Init
                0x08003e5c       0x54 build/stm32f4xx_hal_adc.o
                0x08003e5c                HAL_ADC_Init
 .text.HAL_ADC_Start
                0x08003eb0       0xf8 build/stm32f4xx_hal_adc.o
                0x08003eb0                HAL_ADC_Start
 .text.HAL_ADC_Stop
                0x08003fa8       0x40 build/stm32f4xx_hal_adc.o
                0x08003fa8                HAL_ADC_Stop
 .text.HAL_ADC_PollForConversion
                0x08003fe8       0xb6 build/stm32f4xx_hal_adc.o
                0x08003fe8                HAL_ADC_PollForConversion
 .text.HAL_ADC_GetValue
                0x0800409e        0x6 build/stm32f4xx_hal_adc.o
                0x0800409e                HAL_ADC_GetValue
 .text.HAL_ADC_ConfigChannel
                0x080040a4      0x190 build/stm32f4xx_hal_adc.o
                0x080040a4                HAL_ADC_ConfigChannel
 .text._read    0x08004234       0x1c build/syscalls.o
                0x08004234                _read
 .text._write   0x08004250       0x1c build/syscalls.o
                0x08004250                _write
 .text._sbrk    0x0800426c       0x3c build/syscalls.o
                0x0800426c                _sbrk
 .text._close   0x080042a8        0x6 build/syscalls.o
                0x080042a8                _close
 .text._fstat   0x080042ae        0xa build/syscalls.o
                0x080042ae                _fstat
 .text._isatty  0x080042b8        0x4 build/syscalls.o
                0x080042b8                _isatty
 .text._lseek   0x080042bc        0x4 build/syscalls.o
                0x080042bc                _lseek
 .text.Output_Buzzer
                0x080042c0       0x1a build/interface.o
                0x080042c0                Output_Buzzer
 *fill*         0x080042da        0x2 
 .text.All_LED_OFF
                0x080042dc       0x38 build/interface.o
                0x080042dc                All_LED_OFF
 .text.LED_Control
                0x08004314       0x90 build/interface.o
                0x08004314                LED_Control
 .text.update_wall
                0x080043a4       0x90 build/filter.o
                0x080043a4                update_wall
 .text.All_IR_OFF
                0x08004434       0x34 build/filter.o
                0x08004434                All_IR_OFF
 .text.IR_Contoroll
                0x08004468       0x7c build/filter.o
                0x08004468                IR_Contoroll
 .text.Input_Sensor
                0x080044e4       0x24 build/filter.o
                0x080044e4                Input_Sensor
 .text.Batt_check
                0x08004508       0x94 build/filter.o
                0x08004508                Batt_check
 .text.Reset_Flag
                0x0800459c        0xc build/other_function.o
                0x0800459c                Reset_Flag
 .text.Reset_Value
                0x080045a8       0x38 build/other_function.o
                0x080045a8                Reset_Value
 .text.Reset_Handler
                0x080045e0       0x50 build/startup_stm32f405xx.o
                0x080045e0                Reset_Handler
 .text.Default_Handler
                0x08004630        0x2 build/startup_stm32f405xx.o
                0x08004630                RTC_Alarm_IRQHandler
                0x08004630                HASH_RNG_IRQHandler
                0x08004630                EXTI2_IRQHandler
                0x08004630                TIM8_CC_IRQHandler
                0x08004630                TIM1_CC_IRQHandler
                0x08004630                DMA2_Stream5_IRQHandler
                0x08004630                DMA1_Stream5_IRQHandler
                0x08004630                PVD_IRQHandler
                0x08004630                SDIO_IRQHandler
                0x08004630                TAMP_STAMP_IRQHandler
                0x08004630                CAN2_RX1_IRQHandler
                0x08004630                EXTI3_IRQHandler
                0x08004630                TIM8_TRG_COM_TIM14_IRQHandler
                0x08004630                TIM1_UP_TIM10_IRQHandler
                0x08004630                TIM8_UP_TIM13_IRQHandler
                0x08004630                I2C3_ER_IRQHandler
                0x08004630                EXTI0_IRQHandler
                0x08004630                I2C2_EV_IRQHandler
                0x08004630                DMA1_Stream2_IRQHandler
                0x08004630                CAN1_RX0_IRQHandler
                0x08004630                FPU_IRQHandler
                0x08004630                OTG_HS_WKUP_IRQHandler
                0x08004630                CAN2_SCE_IRQHandler
                0x08004630                DMA2_Stream2_IRQHandler
                0x08004630                SPI1_IRQHandler
                0x08004630                TIM6_DAC_IRQHandler
                0x08004630                TIM1_BRK_TIM9_IRQHandler
                0x08004630                CAN2_RX0_IRQHandler
                0x08004630                DMA2_Stream3_IRQHandler
                0x08004630                USART6_IRQHandler
                0x08004630                USART3_IRQHandler
                0x08004630                CAN1_RX1_IRQHandler
                0x08004630                UART5_IRQHandler
                0x08004630                DMA2_Stream0_IRQHandler
                0x08004630                TIM4_IRQHandler
                0x08004630                I2C1_EV_IRQHandler
                0x08004630                DMA1_Stream6_IRQHandler
                0x08004630                DMA1_Stream1_IRQHandler
                0x08004630                UART4_IRQHandler
                0x08004630                TIM3_IRQHandler
                0x08004630                RCC_IRQHandler
                0x08004630                TIM8_BRK_TIM12_IRQHandler
                0x08004630                Default_Handler
                0x08004630                EXTI15_10_IRQHandler
                0x08004630                ADC_IRQHandler
                0x08004630                DMA1_Stream7_IRQHandler
                0x08004630                TIM7_IRQHandler
                0x08004630                CAN2_TX_IRQHandler
                0x08004630                DMA2_Stream7_IRQHandler
                0x08004630                I2C3_EV_IRQHandler
                0x08004630                EXTI9_5_IRQHandler
                0x08004630                RTC_WKUP_IRQHandler
                0x08004630                SPI2_IRQHandler
                0x08004630                OTG_HS_EP1_IN_IRQHandler
                0x08004630                DMA1_Stream0_IRQHandler
                0x08004630                CAN1_TX_IRQHandler
                0x08004630                EXTI4_IRQHandler
                0x08004630                FSMC_IRQHandler
                0x08004630                OTG_HS_EP1_OUT_IRQHandler
                0x08004630                WWDG_IRQHandler
                0x08004630                TIM2_IRQHandler
                0x08004630                OTG_FS_WKUP_IRQHandler
                0x08004630                TIM1_TRG_COM_TIM11_IRQHandler
                0x08004630                OTG_HS_IRQHandler
                0x08004630                EXTI1_IRQHandler
                0x08004630                USART2_IRQHandler
                0x08004630                I2C2_ER_IRQHandler
                0x08004630                DMA2_Stream1_IRQHandler
                0x08004630                CAN1_SCE_IRQHandler
                0x08004630                FLASH_IRQHandler
                0x08004630                DMA2_Stream4_IRQHandler
                0x08004630                USART1_IRQHandler
                0x08004630                OTG_FS_IRQHandler
                0x08004630                SPI3_IRQHandler
                0x08004630                DMA1_Stream4_IRQHandler
                0x08004630                I2C1_ER_IRQHandler
                0x08004630                DMA2_Stream6_IRQHandler
                0x08004630                DMA1_Stream3_IRQHandler
 *fill*         0x08004632        0x2 
 .text.__errno  0x08004634        0xc c:/program files (x86)/gnu tools arm embedded/7 2017-q4-major/bin/../lib/gcc/arm-none-eabi/7.2.1/../../../../arm-none-eabi/lib/thumb/v7e-m/fpv4-sp/hard\libc_nano.a(lib_a-errno.o)
                0x08004634                __errno
 .text.__libc_init_array
                0x08004640       0x48 c:/program files (x86)/gnu tools arm embedded/7 2017-q4-major/bin/../lib/gcc/arm-none-eabi/7.2.1/../../../../arm-none-eabi/lib/thumb/v7e-m/fpv4-sp/hard\libc_nano.a(lib_a-init.o)
                0x08004640                __libc_init_array
 .text.memset   0x08004688       0x10 c:/program files (x86)/gnu tools arm embedded/7 2017-q4-major/bin/../lib/gcc/arm-none-eabi/7.2.1/../../../../arm-none-eabi/lib/thumb/v7e-m/fpv4-sp/hard\libc_nano.a(lib_a-memset.o)
                0x08004688                memset
 .text.__cvt    0x08004698       0xc2 c:/program files (x86)/gnu tools arm embedded/7 2017-q4-major/bin/../lib/gcc/arm-none-eabi/7.2.1/../../../../arm-none-eabi/lib/thumb/v7e-m/fpv4-sp/hard\libc_nano.a(lib_a-nano-vfprintf_float.o)
                0x08004698                __cvt
 .text.__exponent
                0x0800475a       0x66 c:/program files (x86)/gnu tools arm embedded/7 2017-q4-major/bin/../lib/gcc/arm-none-eabi/7.2.1/../../../../arm-none-eabi/lib/thumb/v7e-m/fpv4-sp/hard\libc_nano.a(lib_a-nano-vfprintf_float.o)
                0x0800475a                __exponent
 .text._printf_float
                0x080047c0      0x480 c:/program files (x86)/gnu tools arm embedded/7 2017-q4-major/bin/../lib/gcc/arm-none-eabi/7.2.1/../../../../arm-none-eabi/lib/thumb/v7e-m/fpv4-sp/hard\libc_nano.a(lib_a-nano-vfprintf_float.o)
                0x080047c0                _printf_float
 .text._printf_common
                0x08004c40       0xea c:/program files (x86)/gnu tools arm embedded/7 2017-q4-major/bin/../lib/gcc/arm-none-eabi/7.2.1/../../../../arm-none-eabi/lib/thumb/v7e-m/fpv4-sp/hard\libc_nano.a(lib_a-nano-vfprintf_i.o)
                0x08004c40                _printf_common
 *fill*         0x08004d2a        0x2 
 .text._printf_i
                0x08004d2c      0x224 c:/program files (x86)/gnu tools arm embedded/7 2017-q4-major/bin/../lib/gcc/arm-none-eabi/7.2.1/../../../../arm-none-eabi/lib/thumb/v7e-m/fpv4-sp/hard\libc_nano.a(lib_a-nano-vfprintf_i.o)
                0x08004d2c                _printf_i
 .text.printf   0x08004f50       0x30 c:/program files (x86)/gnu tools arm embedded/7 2017-q4-major/bin/../lib/gcc/arm-none-eabi/7.2.1/../../../../arm-none-eabi/lib/thumb/v7e-m/fpv4-sp/hard\libc_nano.a(lib_a-printf.o)
                0x08004f50                iprintf
                0x08004f50                printf
 .text.setbuf   0x08004f80       0x10 c:/program files (x86)/gnu tools arm embedded/7 2017-q4-major/bin/../lib/gcc/arm-none-eabi/7.2.1/../../../../arm-none-eabi/lib/thumb/v7e-m/fpv4-sp/hard\libc_nano.a(lib_a-setbuf.o)
                0x08004f80                setbuf
 .text.setvbuf  0x08004f90      0x15c c:/program files (x86)/gnu tools arm embedded/7 2017-q4-major/bin/../lib/gcc/arm-none-eabi/7.2.1/../../../../arm-none-eabi/lib/thumb/v7e-m/fpv4-sp/hard\libc_nano.a(lib_a-setvbuf.o)
                0x08004f90                setvbuf
 .text.quorem   0x080050ec      0x118 c:/program files (x86)/gnu tools arm embedded/7 2017-q4-major/bin/../lib/gcc/arm-none-eabi/7.2.1/../../../../arm-none-eabi/lib/thumb/v7e-m/fpv4-sp/hard\libc_nano.a(lib_a-dtoa.o)
 *fill*         0x08005204        0x4 
 .text._dtoa_r  0x08005208      0xb70 c:/program files (x86)/gnu tools arm embedded/7 2017-q4-major/bin/../lib/gcc/arm-none-eabi/7.2.1/../../../../arm-none-eabi/lib/thumb/v7e-m/fpv4-sp/hard\libc_nano.a(lib_a-dtoa.o)
                0x08005208                _dtoa_r
 .text.__sflush_r
                0x08005d78      0x10c c:/program files (x86)/gnu tools arm embedded/7 2017-q4-major/bin/../lib/gcc/arm-none-eabi/7.2.1/../../../../arm-none-eabi/lib/thumb/v7e-m/fpv4-sp/hard\libc_nano.a(lib_a-fflush.o)
                0x08005d78                __sflush_r
 .text._fflush_r
                0x08005e84       0x54 c:/program files (x86)/gnu tools arm embedded/7 2017-q4-major/bin/../lib/gcc/arm-none-eabi/7.2.1/../../../../arm-none-eabi/lib/thumb/v7e-m/fpv4-sp/hard\libc_nano.a(lib_a-fflush.o)
                0x08005e84                _fflush_r
 .text.std      0x08005ed8       0x48 c:/program files (x86)/gnu tools arm embedded/7 2017-q4-major/bin/../lib/gcc/arm-none-eabi/7.2.1/../../../../arm-none-eabi/lib/thumb/v7e-m/fpv4-sp/hard\libc_nano.a(lib_a-findfp.o)
 .text._cleanup_r
                0x08005f20        0xc c:/program files (x86)/gnu tools arm embedded/7 2017-q4-major/bin/../lib/gcc/arm-none-eabi/7.2.1/../../../../arm-none-eabi/lib/thumb/v7e-m/fpv4-sp/hard\libc_nano.a(lib_a-findfp.o)
                0x08005f20                _cleanup_r
 .text.__sfmoreglue
                0x08005f2c       0x2c c:/program files (x86)/gnu tools arm embedded/7 2017-q4-major/bin/../lib/gcc/arm-none-eabi/7.2.1/../../../../arm-none-eabi/lib/thumb/v7e-m/fpv4-sp/hard\libc_nano.a(lib_a-findfp.o)
                0x08005f2c                __sfmoreglue
 .text.__sinit  0x08005f58       0x60 c:/program files (x86)/gnu tools arm embedded/7 2017-q4-major/bin/../lib/gcc/arm-none-eabi/7.2.1/../../../../arm-none-eabi/lib/thumb/v7e-m/fpv4-sp/hard\libc_nano.a(lib_a-findfp.o)
                0x08005f58                __sinit
 .text.__sfp    0x08005fb8       0x78 c:/program files (x86)/gnu tools arm embedded/7 2017-q4-major/bin/../lib/gcc/arm-none-eabi/7.2.1/../../../../arm-none-eabi/lib/thumb/v7e-m/fpv4-sp/hard\libc_nano.a(lib_a-findfp.o)
                0x08005fb8                __sfp
 .text._fwalk_reent
                0x08006030       0x3c c:/program files (x86)/gnu tools arm embedded/7 2017-q4-major/bin/../lib/gcc/arm-none-eabi/7.2.1/../../../../arm-none-eabi/lib/thumb/v7e-m/fpv4-sp/hard\libc_nano.a(lib_a-fwalk.o)
                0x08006030                _fwalk_reent
 .text._localeconv_r
                0x0800606c       0x1c c:/program files (x86)/gnu tools arm embedded/7 2017-q4-major/bin/../lib/gcc/arm-none-eabi/7.2.1/../../../../arm-none-eabi/lib/thumb/v7e-m/fpv4-sp/hard\libc_nano.a(lib_a-localeconv.o)
                0x0800606c                _localeconv_r
 .text.__swhatbuf_r
                0x08006088       0x48 c:/program files (x86)/gnu tools arm embedded/7 2017-q4-major/bin/../lib/gcc/arm-none-eabi/7.2.1/../../../../arm-none-eabi/lib/thumb/v7e-m/fpv4-sp/hard\libc_nano.a(lib_a-makebuf.o)
                0x08006088                __swhatbuf_r
 .text.__smakebuf_r
                0x080060d0       0x80 c:/program files (x86)/gnu tools arm embedded/7 2017-q4-major/bin/../lib/gcc/arm-none-eabi/7.2.1/../../../../arm-none-eabi/lib/thumb/v7e-m/fpv4-sp/hard\libc_nano.a(lib_a-makebuf.o)
                0x080060d0                __smakebuf_r
 .text.malloc   0x08006150       0x10 c:/program files (x86)/gnu tools arm embedded/7 2017-q4-major/bin/../lib/gcc/arm-none-eabi/7.2.1/../../../../arm-none-eabi/lib/thumb/v7e-m/fpv4-sp/hard\libc_nano.a(lib_a-malloc.o)
                0x08006150                malloc
 .text.memcpy   0x08006160       0x16 c:/program files (x86)/gnu tools arm embedded/7 2017-q4-major/bin/../lib/gcc/arm-none-eabi/7.2.1/../../../../arm-none-eabi/lib/thumb/v7e-m/fpv4-sp/hard\libc_nano.a(lib_a-memcpy-stub.o)
                0x08006160                memcpy
 .text._Balloc  0x08006176       0x68 c:/program files (x86)/gnu tools arm embedded/7 2017-q4-major/bin/../lib/gcc/arm-none-eabi/7.2.1/../../../../arm-none-eabi/lib/thumb/v7e-m/fpv4-sp/hard\libc_nano.a(lib_a-mprec.o)
                0x08006176                _Balloc
 .text._Bfree   0x080061de       0x2e c:/program files (x86)/gnu tools arm embedded/7 2017-q4-major/bin/../lib/gcc/arm-none-eabi/7.2.1/../../../../arm-none-eabi/lib/thumb/v7e-m/fpv4-sp/hard\libc_nano.a(lib_a-mprec.o)
                0x080061de                _Bfree
 .text.__multadd
                0x0800620c       0x76 c:/program files (x86)/gnu tools arm embedded/7 2017-q4-major/bin/../lib/gcc/arm-none-eabi/7.2.1/../../../../arm-none-eabi/lib/thumb/v7e-m/fpv4-sp/hard\libc_nano.a(lib_a-mprec.o)
                0x0800620c                __multadd
 .text.__hi0bits
                0x08006282       0x3e c:/program files (x86)/gnu tools arm embedded/7 2017-q4-major/bin/../lib/gcc/arm-none-eabi/7.2.1/../../../../arm-none-eabi/lib/thumb/v7e-m/fpv4-sp/hard\libc_nano.a(lib_a-mprec.o)
                0x08006282                __hi0bits
 .text.__lo0bits
                0x080062c0       0x5e c:/program files (x86)/gnu tools arm embedded/7 2017-q4-major/bin/../lib/gcc/arm-none-eabi/7.2.1/../../../../arm-none-eabi/lib/thumb/v7e-m/fpv4-sp/hard\libc_nano.a(lib_a-mprec.o)
                0x080062c0                __lo0bits
 .text.__i2b    0x0800631e       0x12 c:/program files (x86)/gnu tools arm embedded/7 2017-q4-major/bin/../lib/gcc/arm-none-eabi/7.2.1/../../../../arm-none-eabi/lib/thumb/v7e-m/fpv4-sp/hard\libc_nano.a(lib_a-mprec.o)
                0x0800631e                __i2b
 .text.__multiply
                0x08006330      0x12c c:/program files (x86)/gnu tools arm embedded/7 2017-q4-major/bin/../lib/gcc/arm-none-eabi/7.2.1/../../../../arm-none-eabi/lib/thumb/v7e-m/fpv4-sp/hard\libc_nano.a(lib_a-mprec.o)
                0x08006330                __multiply
 .text.__pow5mult
                0x0800645c       0x9c c:/program files (x86)/gnu tools arm embedded/7 2017-q4-major/bin/../lib/gcc/arm-none-eabi/7.2.1/../../../../arm-none-eabi/lib/thumb/v7e-m/fpv4-sp/hard\libc_nano.a(lib_a-mprec.o)
                0x0800645c                __pow5mult
 .text.__lshift
                0x080064f8       0xa8 c:/program files (x86)/gnu tools arm embedded/7 2017-q4-major/bin/../lib/gcc/arm-none-eabi/7.2.1/../../../../arm-none-eabi/lib/thumb/v7e-m/fpv4-sp/hard\libc_nano.a(lib_a-mprec.o)
                0x080064f8                __lshift
 .text.__mcmp   0x080065a0       0x34 c:/program files (x86)/gnu tools arm embedded/7 2017-q4-major/bin/../lib/gcc/arm-none-eabi/7.2.1/../../../../arm-none-eabi/lib/thumb/v7e-m/fpv4-sp/hard\libc_nano.a(lib_a-mprec.o)
                0x080065a0                __mcmp
 .text.__mdiff  0x080065d4       0xba c:/program files (x86)/gnu tools arm embedded/7 2017-q4-major/bin/../lib/gcc/arm-none-eabi/7.2.1/../../../../arm-none-eabi/lib/thumb/v7e-m/fpv4-sp/hard\libc_nano.a(lib_a-mprec.o)
                0x080065d4                __mdiff
 .text.__d2b    0x0800668e       0x9e c:/program files (x86)/gnu tools arm embedded/7 2017-q4-major/bin/../lib/gcc/arm-none-eabi/7.2.1/../../../../arm-none-eabi/lib/thumb/v7e-m/fpv4-sp/hard\libc_nano.a(lib_a-mprec.o)
                0x0800668e                __d2b
 .text._calloc_r
                0x0800672c       0x1c c:/program files (x86)/gnu tools arm embedded/7 2017-q4-major/bin/../lib/gcc/arm-none-eabi/7.2.1/../../../../arm-none-eabi/lib/thumb/v7e-m/fpv4-sp/hard\libc_nano.a(lib_a-nano-callocr.o)
                0x0800672c                _calloc_r
 .text._free_r  0x08006748       0x9c c:/program files (x86)/gnu tools arm embedded/7 2017-q4-major/bin/../lib/gcc/arm-none-eabi/7.2.1/../../../../arm-none-eabi/lib/thumb/v7e-m/fpv4-sp/hard\libc_nano.a(lib_a-nano-freer.o)
                0x08006748                _free_r
 .text._malloc_r
                0x080067e4       0xb4 c:/program files (x86)/gnu tools arm embedded/7 2017-q4-major/bin/../lib/gcc/arm-none-eabi/7.2.1/../../../../arm-none-eabi/lib/thumb/v7e-m/fpv4-sp/hard\libc_nano.a(lib_a-nano-mallocr.o)
                0x080067e4                _malloc_r
 .text.__sfputc_r
                0x08006898       0x2e c:/program files (x86)/gnu tools arm embedded/7 2017-q4-major/bin/../lib/gcc/arm-none-eabi/7.2.1/../../../../arm-none-eabi/lib/thumb/v7e-m/fpv4-sp/hard\libc_nano.a(lib_a-nano-vfprintf.o)
 .text.__sfputs_r
                0x080068c6       0x24 c:/program files (x86)/gnu tools arm embedded/7 2017-q4-major/bin/../lib/gcc/arm-none-eabi/7.2.1/../../../../arm-none-eabi/lib/thumb/v7e-m/fpv4-sp/hard\libc_nano.a(lib_a-nano-vfprintf.o)
                0x080068c6                __sfputs_r
 *fill*         0x080068ea        0x2 
 .text._vfprintf_r
                0x080068ec      0x228 c:/program files (x86)/gnu tools arm embedded/7 2017-q4-major/bin/../lib/gcc/arm-none-eabi/7.2.1/../../../../arm-none-eabi/lib/thumb/v7e-m/fpv4-sp/hard\libc_nano.a(lib_a-nano-vfprintf.o)
                0x080068ec                _vfprintf_r
                0x080068ec                _vfiprintf_r
 .text._sbrk_r  0x08006b14       0x20 c:/program files (x86)/gnu tools arm embedded/7 2017-q4-major/bin/../lib/gcc/arm-none-eabi/7.2.1/../../../../arm-none-eabi/lib/thumb/v7e-m/fpv4-sp/hard\libc_nano.a(lib_a-sbrkr.o)
                0x08006b14                _sbrk_r
 .text.__sread  0x08006b34       0x22 c:/program files (x86)/gnu tools arm embedded/7 2017-q4-major/bin/../lib/gcc/arm-none-eabi/7.2.1/../../../../arm-none-eabi/lib/thumb/v7e-m/fpv4-sp/hard\libc_nano.a(lib_a-stdio.o)
                0x08006b34                __sread
 .text.__swrite
                0x08006b56       0x38 c:/program files (x86)/gnu tools arm embedded/7 2017-q4-major/bin/../lib/gcc/arm-none-eabi/7.2.1/../../../../arm-none-eabi/lib/thumb/v7e-m/fpv4-sp/hard\libc_nano.a(lib_a-stdio.o)
                0x08006b56                __swrite
 .text.__sseek  0x08006b8e       0x24 c:/program files (x86)/gnu tools arm embedded/7 2017-q4-major/bin/../lib/gcc/arm-none-eabi/7.2.1/../../../../arm-none-eabi/lib/thumb/v7e-m/fpv4-sp/hard\libc_nano.a(lib_a-stdio.o)
                0x08006b8e                __sseek
 .text.__sclose
                0x08006bb2        0x8 c:/program files (x86)/gnu tools arm embedded/7 2017-q4-major/bin/../lib/gcc/arm-none-eabi/7.2.1/../../../../arm-none-eabi/lib/thumb/v7e-m/fpv4-sp/hard\libc_nano.a(lib_a-stdio.o)
                0x08006bb2                __sclose
 *fill*         0x08006bba        0x2 
 .text.__swbuf_r
                0x08006bbc       0xa4 c:/program files (x86)/gnu tools arm embedded/7 2017-q4-major/bin/../lib/gcc/arm-none-eabi/7.2.1/../../../../arm-none-eabi/lib/thumb/v7e-m/fpv4-sp/hard\libc_nano.a(lib_a-wbuf.o)
                0x08006bbc                __swbuf_r
 .text._write_r
                0x08006c60       0x24 c:/program files (x86)/gnu tools arm embedded/7 2017-q4-major/bin/../lib/gcc/arm-none-eabi/7.2.1/../../../../arm-none-eabi/lib/thumb/v7e-m/fpv4-sp/hard\libc_nano.a(lib_a-writer.o)
                0x08006c60                _write_r
 .text.__swsetup_r
                0x08006c84       0xdc c:/program files (x86)/gnu tools arm embedded/7 2017-q4-major/bin/../lib/gcc/arm-none-eabi/7.2.1/../../../../arm-none-eabi/lib/thumb/v7e-m/fpv4-sp/hard\libc_nano.a(lib_a-wsetup.o)
                0x08006c84                __swsetup_r
 .text._close_r
                0x08006d60       0x20 c:/program files (x86)/gnu tools arm embedded/7 2017-q4-major/bin/../lib/gcc/arm-none-eabi/7.2.1/../../../../arm-none-eabi/lib/thumb/v7e-m/fpv4-sp/hard\libc_nano.a(lib_a-closer.o)
                0x08006d60                _close_r
 .text._fstat_r
                0x08006d80       0x24 c:/program files (x86)/gnu tools arm embedded/7 2017-q4-major/bin/../lib/gcc/arm-none-eabi/7.2.1/../../../../arm-none-eabi/lib/thumb/v7e-m/fpv4-sp/hard\libc_nano.a(lib_a-fstatr.o)
                0x08006d80                _fstat_r
 .text._isatty_r
                0x08006da4       0x20 c:/program files (x86)/gnu tools arm embedded/7 2017-q4-major/bin/../lib/gcc/arm-none-eabi/7.2.1/../../../../arm-none-eabi/lib/thumb/v7e-m/fpv4-sp/hard\libc_nano.a(lib_a-isattyr.o)
                0x08006da4                _isatty_r
 .text._lseek_r
                0x08006dc4       0x24 c:/program files (x86)/gnu tools arm embedded/7 2017-q4-major/bin/../lib/gcc/arm-none-eabi/7.2.1/../../../../arm-none-eabi/lib/thumb/v7e-m/fpv4-sp/hard\libc_nano.a(lib_a-lseekr.o)
                0x08006dc4                _lseek_r
 .text.__ascii_mbtowc
                0x08006de8       0x24 c:/program files (x86)/gnu tools arm embedded/7 2017-q4-major/bin/../lib/gcc/arm-none-eabi/7.2.1/../../../../arm-none-eabi/lib/thumb/v7e-m/fpv4-sp/hard\libc_nano.a(lib_a-mbtowc_r.o)
                0x08006de8                __ascii_mbtowc
 .text.__malloc_lock
                0x08006e0c        0x2 c:/program files (x86)/gnu tools arm embedded/7 2017-q4-major/bin/../lib/gcc/arm-none-eabi/7.2.1/../../../../arm-none-eabi/lib/thumb/v7e-m/fpv4-sp/hard\libc_nano.a(lib_a-mlock.o)
                0x08006e0c                __malloc_lock
 .text.__malloc_unlock
                0x08006e0e        0x2 c:/program files (x86)/gnu tools arm embedded/7 2017-q4-major/bin/../lib/gcc/arm-none-eabi/7.2.1/../../../../arm-none-eabi/lib/thumb/v7e-m/fpv4-sp/hard\libc_nano.a(lib_a-mlock.o)
                0x08006e0e                __malloc_unlock
 .text._read_r  0x08006e10       0x24 c:/program files (x86)/gnu tools arm embedded/7 2017-q4-major/bin/../lib/gcc/arm-none-eabi/7.2.1/../../../../arm-none-eabi/lib/thumb/v7e-m/fpv4-sp/hard\libc_nano.a(lib_a-readr.o)
                0x08006e10                _read_r
 .text.__ascii_wctomb
                0x08006e34       0x1a c:/program files (x86)/gnu tools arm embedded/7 2017-q4-major/bin/../lib/gcc/arm-none-eabi/7.2.1/../../../../arm-none-eabi/lib/thumb/v7e-m/fpv4-sp/hard\libc_nano.a(lib_a-wctomb_r.o)
                0x08006e34                __ascii_wctomb
 *(.glue_7)
 .glue_7        0x08006e4e        0x0 linker stubs
 *(.glue_7t)
 .glue_7t       0x08006e4e        0x0 linker stubs
 *(.eh_frame)
 *fill*         0x08006e4e        0x2 
 .eh_frame      0x08006e50        0x0 c:/program files (x86)/gnu tools arm embedded/7 2017-q4-major/bin/../lib/gcc/arm-none-eabi/7.2.1/thumb/v7e-m/fpv4-sp/hard/crtbegin.o
 *(.init)
 .init          0x08006e50        0x4 c:/program files (x86)/gnu tools arm embedded/7 2017-q4-major/bin/../lib/gcc/arm-none-eabi/7.2.1/thumb/v7e-m/fpv4-sp/hard/crti.o
                0x08006e50                _init
 .init          0x08006e54        0x8 c:/program files (x86)/gnu tools arm embedded/7 2017-q4-major/bin/../lib/gcc/arm-none-eabi/7.2.1/thumb/v7e-m/fpv4-sp/hard/crtn.o
 *(.fini)
 .fini          0x08006e5c        0x4 c:/program files (x86)/gnu tools arm embedded/7 2017-q4-major/bin/../lib/gcc/arm-none-eabi/7.2.1/thumb/v7e-m/fpv4-sp/hard/crti.o
                0x08006e5c                _fini
 .fini          0x08006e60        0x8 c:/program files (x86)/gnu tools arm embedded/7 2017-q4-major/bin/../lib/gcc/arm-none-eabi/7.2.1/thumb/v7e-m/fpv4-sp/hard/crtn.o
                0x08006e68                . = ALIGN (0x4)
                0x08006e68                _etext = .

.vfp11_veneer   0x08006e68        0x0
 .vfp11_veneer  0x08006e68        0x0 linker stubs

.v4_bx          0x08006e68        0x0
 .v4_bx         0x08006e68        0x0 linker stubs

.iplt           0x08006e68        0x0
 .iplt          0x08006e68        0x0 c:/program files (x86)/gnu tools arm embedded/7 2017-q4-major/bin/../lib/gcc/arm-none-eabi/7.2.1/thumb/v7e-m/fpv4-sp/hard/crtbegin.o

.rodata         0x08006e68      0x338
                0x08006e68                . = ALIGN (0x4)
 *(.rodata)
 *(.rodata*)
 .rodata.MX_SPI2_Init.str1.4
                0x08006e68        0xa build/spi.o
 *fill*         0x08006e72        0x2 
 .rodata.set_mpu6500.str1.4
                0x08006e74        0xe build/spi.o
 *fill*         0x08006e82        0x2 
 .rodata.SystemClock_Config.str1.4
                0x08006e84        0xb build/main.o
 *fill*         0x08006e8f        0x1 
 .rodata.main.str1.4
                0x08006e90        0x4 build/main.o
 .rodata.MX_ADC1_Init.str1.4
                0x08006e94        0xa build/adc.o
 *fill*         0x08006e9e        0x2 
 .rodata.MX_TIM3_Init.str1.4
                0x08006ea0        0xa build/tim.o
 *fill*         0x08006eaa        0x2 
 .rodata.AHBPrescTable
                0x08006eac       0x10 build/system_stm32f4xx.o
                0x08006eac                AHBPrescTable
 .rodata.APBPrescTable
                0x08006ebc        0x8 build/system_stm32f4xx.o
                0x08006ebc                APBPrescTable
 .rodata.MX_USART3_UART_Init.str1.4
                0x08006ec4        0xc build/usart.o
 .rodata.Batt_check.str1.4
                0x08006ed0        0xc build/filter.o
 .rodata._global_impure_ptr
                0x08006edc        0x4 c:/program files (x86)/gnu tools arm embedded/7 2017-q4-major/bin/../lib/gcc/arm-none-eabi/7.2.1/../../../../arm-none-eabi/lib/thumb/v7e-m/fpv4-sp/hard\libc_nano.a(lib_a-impure.o)
                0x08006edc                _global_impure_ptr
 .rodata._printf_float.str1.1
                0x08006ee0       0x12 c:/program files (x86)/gnu tools arm embedded/7 2017-q4-major/bin/../lib/gcc/arm-none-eabi/7.2.1/../../../../arm-none-eabi/lib/thumb/v7e-m/fpv4-sp/hard\libc_nano.a(lib_a-nano-vfprintf_float.o)
 .rodata._printf_i.str1.1
                0x08006ef2       0x22 c:/program files (x86)/gnu tools arm embedded/7 2017-q4-major/bin/../lib/gcc/arm-none-eabi/7.2.1/../../../../arm-none-eabi/lib/thumb/v7e-m/fpv4-sp/hard\libc_nano.a(lib_a-nano-vfprintf_i.o)
 .rodata._dtoa_r.str1.1
                0x08006f14        0xd c:/program files (x86)/gnu tools arm embedded/7 2017-q4-major/bin/../lib/gcc/arm-none-eabi/7.2.1/../../../../arm-none-eabi/lib/thumb/v7e-m/fpv4-sp/hard\libc_nano.a(lib_a-dtoa.o)
                                  0xf (size before relaxing)
 *fill*         0x08006f21        0x3 
 .rodata.__sf_fake_stderr
                0x08006f24       0x20 c:/program files (x86)/gnu tools arm embedded/7 2017-q4-major/bin/../lib/gcc/arm-none-eabi/7.2.1/../../../../arm-none-eabi/lib/thumb/v7e-m/fpv4-sp/hard\libc_nano.a(lib_a-findfp.o)
                0x08006f24                __sf_fake_stderr
 .rodata.__sf_fake_stdin
                0x08006f44       0x20 c:/program files (x86)/gnu tools arm embedded/7 2017-q4-major/bin/../lib/gcc/arm-none-eabi/7.2.1/../../../../arm-none-eabi/lib/thumb/v7e-m/fpv4-sp/hard\libc_nano.a(lib_a-findfp.o)
                0x08006f44                __sf_fake_stdin
 .rodata.__sf_fake_stdout
                0x08006f64       0x20 c:/program files (x86)/gnu tools arm embedded/7 2017-q4-major/bin/../lib/gcc/arm-none-eabi/7.2.1/../../../../arm-none-eabi/lib/thumb/v7e-m/fpv4-sp/hard\libc_nano.a(lib_a-findfp.o)
                0x08006f64                __sf_fake_stdout
 *fill*         0x08006f84        0x4 
 .rodata.__mprec_bigtens
                0x08006f88       0x28 c:/program files (x86)/gnu tools arm embedded/7 2017-q4-major/bin/../lib/gcc/arm-none-eabi/7.2.1/../../../../arm-none-eabi/lib/thumb/v7e-m/fpv4-sp/hard\libc_nano.a(lib_a-mprec.o)
                0x08006f88                __mprec_bigtens
 .rodata.__mprec_tens
                0x08006fb0       0xc8 c:/program files (x86)/gnu tools arm embedded/7 2017-q4-major/bin/../lib/gcc/arm-none-eabi/7.2.1/../../../../arm-none-eabi/lib/thumb/v7e-m/fpv4-sp/hard\libc_nano.a(lib_a-mprec.o)
                0x08006fb0                __mprec_tens
 .rodata.p05.7359
                0x08007078        0xc c:/program files (x86)/gnu tools arm embedded/7 2017-q4-major/bin/../lib/gcc/arm-none-eabi/7.2.1/../../../../arm-none-eabi/lib/thumb/v7e-m/fpv4-sp/hard\libc_nano.a(lib_a-mprec.o)
 .rodata._vfprintf_r.str1.1
                0x08007084       0x11 c:/program files (x86)/gnu tools arm embedded/7 2017-q4-major/bin/../lib/gcc/arm-none-eabi/7.2.1/../../../../arm-none-eabi/lib/thumb/v7e-m/fpv4-sp/hard\libc_nano.a(lib_a-nano-vfprintf.o)
 .rodata._setlocale_r.str1.1
                0x08007095        0x8 c:/program files (x86)/gnu tools arm embedded/7 2017-q4-major/bin/../lib/gcc/arm-none-eabi/7.2.1/../../../../arm-none-eabi/lib/thumb/v7e-m/fpv4-sp/hard\libc_nano.a(lib_a-locale.o)
                                  0x9 (size before relaxing)
 .rodata.str1.1
                0x0800709d        0x2 c:/program files (x86)/gnu tools arm embedded/7 2017-q4-major/bin/../lib/gcc/arm-none-eabi/7.2.1/../../../../arm-none-eabi/lib/thumb/v7e-m/fpv4-sp/hard\libc_nano.a(lib_a-locale.o)
 .rodata._ctype_
                0x0800709f      0x101 c:/program files (x86)/gnu tools arm embedded/7 2017-q4-major/bin/../lib/gcc/arm-none-eabi/7.2.1/../../../../arm-none-eabi/lib/thumb/v7e-m/fpv4-sp/hard\libc_nano.a(lib_a-ctype_.o)
                0x0800709f                _ctype_
                0x080071a0                . = ALIGN (0x4)

.ARM.extab
 *(.ARM.extab* .gnu.linkonce.armextab.*)

.ARM            0x080071a0        0x8
                0x080071a0                __exidx_start = .
 *(.ARM.exidx*)
 .ARM.exidx     0x080071a0        0x8 c:/program files (x86)/gnu tools arm embedded/7 2017-q4-major/bin/../lib/gcc/arm-none-eabi/7.2.1/thumb/v7e-m/fpv4-sp/hard\libgcc.a(_udivmoddi4.o)
                0x080071a8                __exidx_end = .

.rel.dyn        0x080071a8        0x0
 .rel.iplt      0x080071a8        0x0 c:/program files (x86)/gnu tools arm embedded/7 2017-q4-major/bin/../lib/gcc/arm-none-eabi/7.2.1/thumb/v7e-m/fpv4-sp/hard/crtbegin.o

.preinit_array  0x080071a8        0x0
                0x080071a8                PROVIDE (__preinit_array_start, .)
 *(.preinit_array*)
                0x080071a8                PROVIDE (__preinit_array_end, .)

.init_array     0x080071a8        0x4
                0x080071a8                PROVIDE (__init_array_start, .)
 *(SORT_BY_NAME(.init_array.*))
 *(.init_array*)
 .init_array    0x080071a8        0x4 c:/program files (x86)/gnu tools arm embedded/7 2017-q4-major/bin/../lib/gcc/arm-none-eabi/7.2.1/thumb/v7e-m/fpv4-sp/hard/crtbegin.o
                0x080071ac                PROVIDE (__init_array_end, .)

.fini_array     0x080071ac        0x4
                [!provide]                PROVIDE (__fini_array_start, .)
 *(SORT_BY_NAME(.fini_array.*))
 *(.fini_array*)
 .fini_array    0x080071ac        0x4 c:/program files (x86)/gnu tools arm embedded/7 2017-q4-major/bin/../lib/gcc/arm-none-eabi/7.2.1/thumb/v7e-m/fpv4-sp/hard/crtbegin.o
                [!provide]                PROVIDE (__fini_array_end, .)
                0x080071b0                _sidata = LOADADDR (.data)

.data           0x20000000      0x1dc load address 0x080071b0
                0x20000000                . = ALIGN (0x4)
                0x20000000                _sdata = .
 *(.data)
 *(.data*)
 .data.SystemCoreClock
                0x20000000        0x4 build/system_stm32f4xx.o
                0x20000000                SystemCoreClock
 .data.uwTickFreq
                0x20000004        0x1 build/stm32f4xx_hal.o
                0x20000004                uwTickFreq
 *fill*         0x20000005        0x3 
 .data.uwTickPrio
                0x20000008        0x4 build/stm32f4xx_hal.o
                0x20000008                uwTickPrio
 .data._impure_ptr
                0x2000000c        0x4 c:/program files (x86)/gnu tools arm embedded/7 2017-q4-major/bin/../lib/gcc/arm-none-eabi/7.2.1/../../../../arm-none-eabi/lib/thumb/v7e-m/fpv4-sp/hard\libc_nano.a(lib_a-impure.o)
                0x2000000c                _impure_ptr
 .data.impure_data
                0x20000010       0x60 c:/program files (x86)/gnu tools arm embedded/7 2017-q4-major/bin/../lib/gcc/arm-none-eabi/7.2.1/../../../../arm-none-eabi/lib/thumb/v7e-m/fpv4-sp/hard\libc_nano.a(lib_a-impure.o)
 .data.__global_locale
                0x20000070      0x16c c:/program files (x86)/gnu tools arm embedded/7 2017-q4-major/bin/../lib/gcc/arm-none-eabi/7.2.1/../../../../arm-none-eabi/lib/thumb/v7e-m/fpv4-sp/hard\libc_nano.a(lib_a-locale.o)
                0x20000070                __global_locale
                0x200001dc                . = ALIGN (0x4)
                0x200001dc                _edata = .
                0x0800738c                _siccmram = LOADADDR (.ccmram)

.igot.plt       0x200001dc        0x0 load address 0x0800738c
 .igot.plt      0x200001dc        0x0 c:/program files (x86)/gnu tools arm embedded/7 2017-q4-major/bin/../lib/gcc/arm-none-eabi/7.2.1/thumb/v7e-m/fpv4-sp/hard/crtbegin.o

.ccmram         0x10000000        0x0 load address 0x0800738c
                0x10000000                . = ALIGN (0x4)
                0x10000000                _sccmram = .
 *(.ccmram)
 *(.ccmram*)
                0x10000000                . = ALIGN (0x4)
                0x10000000                _eccmram = .
                0x10000000                . = ALIGN (0x4)

.bss            0x200001dc      0x38c
                0x200001dc                _sbss = .
                0x200001dc                __bss_start__ = _sbss
 *(.bss)
 .bss           0x200001dc       0x1c c:/program files (x86)/gnu tools arm embedded/7 2017-q4-major/bin/../lib/gcc/arm-none-eabi/7.2.1/thumb/v7e-m/fpv4-sp/hard/crtbegin.o
 *(.bss*)
 .bss.count_tim5
                0x200001f8        0x1 build/stm32f4xx_it.o
                0x200001f8                count_tim5
 *fill*         0x200001f9        0x3 
 .bss.heap_end.7234
                0x200001fc        0x4 build/syscalls.o
 .bss.__malloc_free_list
                0x20000200        0x4 c:/program files (x86)/gnu tools arm embedded/7 2017-q4-major/bin/../lib/gcc/arm-none-eabi/7.2.1/../../../../arm-none-eabi/lib/thumb/v7e-m/fpv4-sp/hard\libc_nano.a(lib_a-nano-mallocr.o)
                0x20000200                __malloc_free_list
 .bss.__malloc_sbrk_start
                0x20000204        0x4 c:/program files (x86)/gnu tools arm embedded/7 2017-q4-major/bin/../lib/gcc/arm-none-eabi/7.2.1/../../../../arm-none-eabi/lib/thumb/v7e-m/fpv4-sp/hard\libc_nano.a(lib_a-nano-mallocr.o)
                0x20000204                __malloc_sbrk_start
 *(COMMON)
 COMMON         0x20000208       0x58 build/spi.o
                0x20000208                hspi2
 COMMON         0x20000260       0xd8 build/adc.o
                0x20000260                hadc2
                0x200002a8                hadc1
                0x200002f0                hadc3
 COMMON         0x20000338      0x150 build/tim.o
                0x20000338                htim4
                0x20000374                sMasterConfig
                0x2000037c                htim5
                0x200003b8                htim3
                0x200003f4                sConfigOC
                0x20000410                htim1
                0x2000044c                htim2
 COMMON         0x20000488        0x4 build/stm32f4xx_hal.o
                0x20000488                uwTick
 COMMON         0x2000048c       0x40 build/usart.o
                0x2000048c                huart3
 COMMON         0x200004cc       0x98 build/global.o
                0x200004cc                batt
                0x200004d0                flag
                0x200004d4                enc_c
                0x200004e4                sen_front
                0x200004f4                sen_l
                0x20000504                gyro
                0x20000514                enc_r
                0x20000524                sen_fr
                0x20000534                sen_fl
                0x20000544                sen_r
                0x20000554                enc_l
 COMMON         0x20000564        0x4 c:/program files (x86)/gnu tools arm embedded/7 2017-q4-major/bin/../lib/gcc/arm-none-eabi/7.2.1/../../../../arm-none-eabi/lib/thumb/v7e-m/fpv4-sp/hard\libc_nano.a(lib_a-reent.o)
                0x20000564                errno
                0x20000568                . = ALIGN (0x4)
                0x20000568                _ebss = .
                0x20000568                __bss_end__ = _ebss

._user_heap_stack
                0x20000568      0x600
                0x20000568                . = ALIGN (0x8)
                0x20000568                PROVIDE (end, .)
                [!provide]                PROVIDE (_end, .)
                0x20000768                . = (. + _Min_Heap_Size)
 *fill*         0x20000568      0x200 
                0x20000b68                . = (. + _Min_Stack_Size)
 *fill*         0x20000768      0x400 
                0x20000b68                . = ALIGN (0x8)

/DISCARD/
 libc.a(*)
 libm.a(*)
 libgcc.a(*)

.ARM.attributes
                0x00000000       0x30
 *(.ARM.attributes)
 .ARM.attributes
                0x00000000       0x22 c:/program files (x86)/gnu tools arm embedded/7 2017-q4-major/bin/../lib/gcc/arm-none-eabi/7.2.1/thumb/v7e-m/fpv4-sp/hard/crti.o
 .ARM.attributes
                0x00000022       0x34 c:/program files (x86)/gnu tools arm embedded/7 2017-q4-major/bin/../lib/gcc/arm-none-eabi/7.2.1/thumb/v7e-m/fpv4-sp/hard/crtbegin.o
 .ARM.attributes
                0x00000056       0x39 build/stm32f4xx_hal_cortex.o
 .ARM.attributes
                0x0000008f       0x39 build/gpio.o
 .ARM.attributes
                0x000000c8       0x39 build/spi.o
 .ARM.attributes
                0x00000101       0x39 build/main.o
 .ARM.attributes
                0x0000013a       0x39 build/stm32f4xx_it.o
 .ARM.attributes
                0x00000173       0x39 build/adc.o
 .ARM.attributes
                0x000001ac       0x39 build/stm32f4xx_hal_msp.o
 .ARM.attributes
                0x000001e5       0x39 build/stm32f4xx_hal_spi.o
 .ARM.attributes
                0x0000021e       0x39 build/stm32f4xx_hal_uart.o
 .ARM.attributes
                0x00000257       0x39 build/stm32f4xx_hal_tim.o
 .ARM.attributes
                0x00000290       0x39 build/stm32f4xx_hal_gpio.o
 .ARM.attributes
                0x000002c9       0x39 build/stm32f4xx_hal_rcc.o
 .ARM.attributes
                0x00000302       0x39 build/tim.o
 .ARM.attributes
                0x0000033b       0x39 build/system_stm32f4xx.o
 .ARM.attributes
                0x00000374       0x39 build/stm32f4xx_hal.o
 .ARM.attributes
                0x000003ad       0x39 build/usart.o
 .ARM.attributes
                0x000003e6       0x39 build/stm32f4xx_hal_tim_ex.o
 .ARM.attributes
                0x0000041f       0x39 build/stm32f4xx_hal_adc.o
 .ARM.attributes
                0x00000458       0x39 build/syscalls.o
 .ARM.attributes
                0x00000491       0x39 build/interface.o
 .ARM.attributes
                0x000004ca       0x39 build/global.o
 .ARM.attributes
                0x00000503       0x39 build/filter.o
 .ARM.attributes
                0x0000053c       0x39 build/other_function.o
 .ARM.attributes
                0x00000575       0x21 build/startup_stm32f405xx.o
 .ARM.attributes
                0x00000596       0x34 c:/program files (x86)/gnu tools arm embedded/7 2017-q4-major/bin/../lib/gcc/arm-none-eabi/7.2.1/../../../../arm-none-eabi/lib/thumb/v7e-m/fpv4-sp/hard\libc_nano.a(lib_a-errno.o)
 .ARM.attributes
                0x000005ca       0x34 c:/program files (x86)/gnu tools arm embedded/7 2017-q4-major/bin/../lib/gcc/arm-none-eabi/7.2.1/../../../../arm-none-eabi/lib/thumb/v7e-m/fpv4-sp/hard\libc_nano.a(lib_a-impure.o)
 .ARM.attributes
                0x000005fe       0x34 c:/program files (x86)/gnu tools arm embedded/7 2017-q4-major/bin/../lib/gcc/arm-none-eabi/7.2.1/../../../../arm-none-eabi/lib/thumb/v7e-m/fpv4-sp/hard\libc_nano.a(lib_a-init.o)
 .ARM.attributes
                0x00000632       0x34 c:/program files (x86)/gnu tools arm embedded/7 2017-q4-major/bin/../lib/gcc/arm-none-eabi/7.2.1/../../../../arm-none-eabi/lib/thumb/v7e-m/fpv4-sp/hard\libc_nano.a(lib_a-memset.o)
 .ARM.attributes
                0x00000666       0x34 c:/program files (x86)/gnu tools arm embedded/7 2017-q4-major/bin/../lib/gcc/arm-none-eabi/7.2.1/../../../../arm-none-eabi/lib/thumb/v7e-m/fpv4-sp/hard\libc_nano.a(lib_a-nano-vfprintf_float.o)
 .ARM.attributes
                0x0000069a       0x34 c:/program files (x86)/gnu tools arm embedded/7 2017-q4-major/bin/../lib/gcc/arm-none-eabi/7.2.1/../../../../arm-none-eabi/lib/thumb/v7e-m/fpv4-sp/hard\libc_nano.a(lib_a-nano-vfprintf_i.o)
 .ARM.attributes
                0x000006ce       0x34 c:/program files (x86)/gnu tools arm embedded/7 2017-q4-major/bin/../lib/gcc/arm-none-eabi/7.2.1/../../../../arm-none-eabi/lib/thumb/v7e-m/fpv4-sp/hard\libc_nano.a(lib_a-printf.o)
 .ARM.attributes
                0x00000702       0x34 c:/program files (x86)/gnu tools arm embedded/7 2017-q4-major/bin/../lib/gcc/arm-none-eabi/7.2.1/../../../../arm-none-eabi/lib/thumb/v7e-m/fpv4-sp/hard\libc_nano.a(lib_a-setbuf.o)
 .ARM.attributes
                0x00000736       0x34 c:/program files (x86)/gnu tools arm embedded/7 2017-q4-major/bin/../lib/gcc/arm-none-eabi/7.2.1/../../../../arm-none-eabi/lib/thumb/v7e-m/fpv4-sp/hard\libc_nano.a(lib_a-setvbuf.o)
 .ARM.attributes
                0x0000076a       0x1b c:/program files (x86)/gnu tools arm embedded/7 2017-q4-major/bin/../lib/gcc/arm-none-eabi/7.2.1/../../../../arm-none-eabi/lib/thumb/v7e-m/fpv4-sp/hard\libc_nano.a(lib_a-strlen.o)
 .ARM.attributes
                0x00000785       0x34 c:/program files (x86)/gnu tools arm embedded/7 2017-q4-major/bin/../lib/gcc/arm-none-eabi/7.2.1/../../../../arm-none-eabi/lib/thumb/v7e-m/fpv4-sp/hard\libc_nano.a(lib_a-dtoa.o)
 .ARM.attributes
                0x000007b9       0x34 c:/program files (x86)/gnu tools arm embedded/7 2017-q4-major/bin/../lib/gcc/arm-none-eabi/7.2.1/../../../../arm-none-eabi/lib/thumb/v7e-m/fpv4-sp/hard\libc_nano.a(lib_a-fflush.o)
 .ARM.attributes
                0x000007ed       0x34 c:/program files (x86)/gnu tools arm embedded/7 2017-q4-major/bin/../lib/gcc/arm-none-eabi/7.2.1/../../../../arm-none-eabi/lib/thumb/v7e-m/fpv4-sp/hard\libc_nano.a(lib_a-findfp.o)
 .ARM.attributes
                0x00000821       0x34 c:/program files (x86)/gnu tools arm embedded/7 2017-q4-major/bin/../lib/gcc/arm-none-eabi/7.2.1/../../../../arm-none-eabi/lib/thumb/v7e-m/fpv4-sp/hard\libc_nano.a(lib_a-fwalk.o)
 .ARM.attributes
                0x00000855       0x34 c:/program files (x86)/gnu tools arm embedded/7 2017-q4-major/bin/../lib/gcc/arm-none-eabi/7.2.1/../../../../arm-none-eabi/lib/thumb/v7e-m/fpv4-sp/hard\libc_nano.a(lib_a-localeconv.o)
 .ARM.attributes
                0x00000889       0x34 c:/program files (x86)/gnu tools arm embedded/7 2017-q4-major/bin/../lib/gcc/arm-none-eabi/7.2.1/../../../../arm-none-eabi/lib/thumb/v7e-m/fpv4-sp/hard\libc_nano.a(lib_a-makebuf.o)
 .ARM.attributes
                0x000008bd       0x34 c:/program files (x86)/gnu tools arm embedded/7 2017-q4-major/bin/../lib/gcc/arm-none-eabi/7.2.1/../../../../arm-none-eabi/lib/thumb/v7e-m/fpv4-sp/hard\libc_nano.a(lib_a-malloc.o)
 .ARM.attributes
                0x000008f1       0x20 c:/program files (x86)/gnu tools arm embedded/7 2017-q4-major/bin/../lib/gcc/arm-none-eabi/7.2.1/../../../../arm-none-eabi/lib/thumb/v7e-m/fpv4-sp/hard\libc_nano.a(lib_a-memchr.o)
 .ARM.attributes
                0x00000911       0x34 c:/program files (x86)/gnu tools arm embedded/7 2017-q4-major/bin/../lib/gcc/arm-none-eabi/7.2.1/../../../../arm-none-eabi/lib/thumb/v7e-m/fpv4-sp/hard\libc_nano.a(lib_a-memcpy-stub.o)
 .ARM.attributes
                0x00000945       0x34 c:/program files (x86)/gnu tools arm embedded/7 2017-q4-major/bin/../lib/gcc/arm-none-eabi/7.2.1/../../../../arm-none-eabi/lib/thumb/v7e-m/fpv4-sp/hard\libc_nano.a(lib_a-mprec.o)
 .ARM.attributes
                0x00000979       0x34 c:/program files (x86)/gnu tools arm embedded/7 2017-q4-major/bin/../lib/gcc/arm-none-eabi/7.2.1/../../../../arm-none-eabi/lib/thumb/v7e-m/fpv4-sp/hard\libc_nano.a(lib_a-nano-callocr.o)
 .ARM.attributes
                0x000009ad       0x34 c:/program files (x86)/gnu tools arm embedded/7 2017-q4-major/bin/../lib/gcc/arm-none-eabi/7.2.1/../../../../arm-none-eabi/lib/thumb/v7e-m/fpv4-sp/hard\libc_nano.a(lib_a-nano-freer.o)
 .ARM.attributes
                0x000009e1       0x34 c:/program files (x86)/gnu tools arm embedded/7 2017-q4-major/bin/../lib/gcc/arm-none-eabi/7.2.1/../../../../arm-none-eabi/lib/thumb/v7e-m/fpv4-sp/hard\libc_nano.a(lib_a-nano-mallocr.o)
 .ARM.attributes
                0x00000a15       0x34 c:/program files (x86)/gnu tools arm embedded/7 2017-q4-major/bin/../lib/gcc/arm-none-eabi/7.2.1/../../../../arm-none-eabi/lib/thumb/v7e-m/fpv4-sp/hard\libc_nano.a(lib_a-nano-vfprintf.o)
 .ARM.attributes
                0x00000a49       0x34 c:/program files (x86)/gnu tools arm embedded/7 2017-q4-major/bin/../lib/gcc/arm-none-eabi/7.2.1/../../../../arm-none-eabi/lib/thumb/v7e-m/fpv4-sp/hard\libc_nano.a(lib_a-sbrkr.o)
 .ARM.attributes
                0x00000a7d       0x34 c:/program files (x86)/gnu tools arm embedded/7 2017-q4-major/bin/../lib/gcc/arm-none-eabi/7.2.1/../../../../arm-none-eabi/lib/thumb/v7e-m/fpv4-sp/hard\libc_nano.a(lib_a-stdio.o)
 .ARM.attributes
                0x00000ab1       0x34 c:/program files (x86)/gnu tools arm embedded/7 2017-q4-major/bin/../lib/gcc/arm-none-eabi/7.2.1/../../../../arm-none-eabi/lib/thumb/v7e-m/fpv4-sp/hard\libc_nano.a(lib_a-wbuf.o)
 .ARM.attributes
                0x00000ae5       0x34 c:/program files (x86)/gnu tools arm embedded/7 2017-q4-major/bin/../lib/gcc/arm-none-eabi/7.2.1/../../../../arm-none-eabi/lib/thumb/v7e-m/fpv4-sp/hard\libc_nano.a(lib_a-writer.o)
 .ARM.attributes
                0x00000b19       0x34 c:/program files (x86)/gnu tools arm embedded/7 2017-q4-major/bin/../lib/gcc/arm-none-eabi/7.2.1/../../../../arm-none-eabi/lib/thumb/v7e-m/fpv4-sp/hard\libc_nano.a(lib_a-wsetup.o)
 .ARM.attributes
                0x00000b4d       0x34 c:/program files (x86)/gnu tools arm embedded/7 2017-q4-major/bin/../lib/gcc/arm-none-eabi/7.2.1/../../../../arm-none-eabi/lib/thumb/v7e-m/fpv4-sp/hard\libc_nano.a(lib_a-closer.o)
 .ARM.attributes
                0x00000b81       0x34 c:/program files (x86)/gnu tools arm embedded/7 2017-q4-major/bin/../lib/gcc/arm-none-eabi/7.2.1/../../../../arm-none-eabi/lib/thumb/v7e-m/fpv4-sp/hard\libc_nano.a(lib_a-fstatr.o)
 .ARM.attributes
                0x00000bb5       0x34 c:/program files (x86)/gnu tools arm embedded/7 2017-q4-major/bin/../lib/gcc/arm-none-eabi/7.2.1/../../../../arm-none-eabi/lib/thumb/v7e-m/fpv4-sp/hard\libc_nano.a(lib_a-isattyr.o)
 .ARM.attributes
                0x00000be9       0x34 c:/program files (x86)/gnu tools arm embedded/7 2017-q4-major/bin/../lib/gcc/arm-none-eabi/7.2.1/../../../../arm-none-eabi/lib/thumb/v7e-m/fpv4-sp/hard\libc_nano.a(lib_a-locale.o)
 .ARM.attributes
                0x00000c1d       0x34 c:/program files (x86)/gnu tools arm embedded/7 2017-q4-major/bin/../lib/gcc/arm-none-eabi/7.2.1/../../../../arm-none-eabi/lib/thumb/v7e-m/fpv4-sp/hard\libc_nano.a(lib_a-lseekr.o)
 .ARM.attributes
                0x00000c51       0x34 c:/program files (x86)/gnu tools arm embedded/7 2017-q4-major/bin/../lib/gcc/arm-none-eabi/7.2.1/../../../../arm-none-eabi/lib/thumb/v7e-m/fpv4-sp/hard\libc_nano.a(lib_a-mbtowc_r.o)
 .ARM.attributes
                0x00000c85       0x34 c:/program files (x86)/gnu tools arm embedded/7 2017-q4-major/bin/../lib/gcc/arm-none-eabi/7.2.1/../../../../arm-none-eabi/lib/thumb/v7e-m/fpv4-sp/hard\libc_nano.a(lib_a-mlock.o)
 .ARM.attributes
                0x00000cb9       0x34 c:/program files (x86)/gnu tools arm embedded/7 2017-q4-major/bin/../lib/gcc/arm-none-eabi/7.2.1/../../../../arm-none-eabi/lib/thumb/v7e-m/fpv4-sp/hard\libc_nano.a(lib_a-readr.o)
 .ARM.attributes
                0x00000ced       0x34 c:/program files (x86)/gnu tools arm embedded/7 2017-q4-major/bin/../lib/gcc/arm-none-eabi/7.2.1/../../../../arm-none-eabi/lib/thumb/v7e-m/fpv4-sp/hard\libc_nano.a(lib_a-reent.o)
 .ARM.attributes
                0x00000d21       0x34 c:/program files (x86)/gnu tools arm embedded/7 2017-q4-major/bin/../lib/gcc/arm-none-eabi/7.2.1/../../../../arm-none-eabi/lib/thumb/v7e-m/fpv4-sp/hard\libc_nano.a(lib_a-wctomb_r.o)
 .ARM.attributes
                0x00000d55       0x34 c:/program files (x86)/gnu tools arm embedded/7 2017-q4-major/bin/../lib/gcc/arm-none-eabi/7.2.1/../../../../arm-none-eabi/lib/thumb/v7e-m/fpv4-sp/hard\libc_nano.a(lib_a-ctype_.o)
 .ARM.attributes
                0x00000d89       0x22 c:/program files (x86)/gnu tools arm embedded/7 2017-q4-major/bin/../lib/gcc/arm-none-eabi/7.2.1/thumb/v7e-m/fpv4-sp/hard\libgcc.a(_arm_addsubdf3.o)
 .ARM.attributes
                0x00000dab       0x22 c:/program files (x86)/gnu tools arm embedded/7 2017-q4-major/bin/../lib/gcc/arm-none-eabi/7.2.1/thumb/v7e-m/fpv4-sp/hard\libgcc.a(_arm_muldivdf3.o)
 .ARM.attributes
                0x00000dcd       0x22 c:/program files (x86)/gnu tools arm embedded/7 2017-q4-major/bin/../lib/gcc/arm-none-eabi/7.2.1/thumb/v7e-m/fpv4-sp/hard\libgcc.a(_arm_cmpdf2.o)
 .ARM.attributes
                0x00000def       0x22 c:/program files (x86)/gnu tools arm embedded/7 2017-q4-major/bin/../lib/gcc/arm-none-eabi/7.2.1/thumb/v7e-m/fpv4-sp/hard\libgcc.a(_arm_unorddf2.o)
 .ARM.attributes
                0x00000e11       0x22 c:/program files (x86)/gnu tools arm embedded/7 2017-q4-major/bin/../lib/gcc/arm-none-eabi/7.2.1/thumb/v7e-m/fpv4-sp/hard\libgcc.a(_arm_fixdfsi.o)
 .ARM.attributes
                0x00000e33       0x22 c:/program files (x86)/gnu tools arm embedded/7 2017-q4-major/bin/../lib/gcc/arm-none-eabi/7.2.1/thumb/v7e-m/fpv4-sp/hard\libgcc.a(_aeabi_uldivmod.o)
 .ARM.attributes
                0x00000e55       0x34 c:/program files (x86)/gnu tools arm embedded/7 2017-q4-major/bin/../lib/gcc/arm-none-eabi/7.2.1/thumb/v7e-m/fpv4-sp/hard\libgcc.a(_udivmoddi4.o)
 .ARM.attributes
                0x00000e89       0x22 c:/program files (x86)/gnu tools arm embedded/7 2017-q4-major/bin/../lib/gcc/arm-none-eabi/7.2.1/thumb/v7e-m/fpv4-sp/hard\libgcc.a(_dvmd_tls.o)
 .ARM.attributes
                0x00000eab       0x22 c:/program files (x86)/gnu tools arm embedded/7 2017-q4-major/bin/../lib/gcc/arm-none-eabi/7.2.1/thumb/v7e-m/fpv4-sp/hard/crtn.o
OUTPUT(build/mmc2018_ver2.elf elf32-littlearm)

.debug_info     0x00000000    0x21ac0
 .debug_info    0x00000000     0x1903 build/stm32f4xx_hal_cortex.o
 .debug_info    0x00001903      0xe90 build/gpio.o
 .debug_info    0x00002793     0x1a6c build/spi.o
 .debug_info    0x000041ff     0x23bf build/main.o
 .debug_info    0x000065be     0x195e build/stm32f4xx_it.o
 .debug_info    0x00007f1c     0x1d0e build/adc.o
 .debug_info    0x00009c2a      0xd4e build/stm32f4xx_hal_msp.o
 .debug_info    0x0000a978     0x2464 build/stm32f4xx_hal_spi.o
 .debug_info    0x0000cddc     0x2172 build/stm32f4xx_hal_uart.o
 .debug_info    0x0000ef4e     0x3a39 build/stm32f4xx_hal_tim.o
 .debug_info    0x00012987     0x110f build/stm32f4xx_hal_gpio.o
 .debug_info    0x00013a96     0x1418 build/stm32f4xx_hal_rcc.o
 .debug_info    0x00014eae     0x2643 build/tim.o
 .debug_info    0x000174f1      0xe82 build/system_stm32f4xx.o
 .debug_info    0x00018373     0x137d build/stm32f4xx_hal.o
 .debug_info    0x000196f0     0x1367 build/usart.o
 .debug_info    0x0001aa57     0x1d71 build/stm32f4xx_hal_tim_ex.o
 .debug_info    0x0001c7c8     0x17f4 build/stm32f4xx_hal_adc.o
 .debug_info    0x0001dfbc     0x114b build/syscalls.o
 .debug_info    0x0001f107     0x13eb build/interface.o
 .debug_info    0x000204f2      0x362 build/global.o
 .debug_info    0x00020854      0xfbe build/filter.o
 .debug_info    0x00021812      0x28c build/other_function.o
 .debug_info    0x00021a9e       0x22 build/startup_stm32f405xx.o

.debug_abbrev   0x00000000     0x3a22
 .debug_abbrev  0x00000000      0x3dc build/stm32f4xx_hal_cortex.o
 .debug_abbrev  0x000003dc      0x20d build/gpio.o
 .debug_abbrev  0x000005e9      0x2b6 build/spi.o
 .debug_abbrev  0x0000089f      0x2ab build/main.o
 .debug_abbrev  0x00000b4a      0x23f build/stm32f4xx_it.o
 .debug_abbrev  0x00000d89      0x264 build/adc.o
 .debug_abbrev  0x00000fed      0x1ed build/stm32f4xx_hal_msp.o
 .debug_abbrev  0x000011da      0x323 build/stm32f4xx_hal_spi.o
 .debug_abbrev  0x000014fd      0x375 build/stm32f4xx_hal_uart.o
 .debug_abbrev  0x00001872      0x310 build/stm32f4xx_hal_tim.o
 .debug_abbrev  0x00001b82      0x2be build/stm32f4xx_hal_gpio.o
 .debug_abbrev  0x00001e40      0x32f build/stm32f4xx_hal_rcc.o
 .debug_abbrev  0x0000216f      0x2f2 build/tim.o
 .debug_abbrev  0x00002461      0x1e6 build/system_stm32f4xx.o
 .debug_abbrev  0x00002647      0x2e1 build/stm32f4xx_hal.o
 .debug_abbrev  0x00002928      0x23b build/usart.o
 .debug_abbrev  0x00002b63      0x2f8 build/stm32f4xx_hal_tim_ex.o
 .debug_abbrev  0x00002e5b      0x300 build/stm32f4xx_hal_adc.o
 .debug_abbrev  0x0000315b      0x2d3 build/syscalls.o
 .debug_abbrev  0x0000342e      0x258 build/interface.o
 .debug_abbrev  0x00003686       0x83 build/global.o
 .debug_abbrev  0x00003709      0x273 build/filter.o
 .debug_abbrev  0x0000397c       0x94 build/other_function.o
 .debug_abbrev  0x00003a10       0x12 build/startup_stm32f405xx.o

.debug_loc      0x00000000     0xc2c8
 .debug_loc     0x00000000      0x65e build/stm32f4xx_hal_cortex.o
 .debug_loc     0x0000065e       0x39 build/gpio.o
 .debug_loc     0x00000697      0x341 build/spi.o
 .debug_loc     0x000009d8       0xdd build/main.o
 .debug_loc     0x00000ab5       0x40 build/stm32f4xx_it.o
 .debug_loc     0x00000af5      0x320 build/adc.o
 .debug_loc     0x00000e15       0x20 build/stm32f4xx_hal_msp.o
 .debug_loc     0x00000e35     0x1ffb build/stm32f4xx_hal_spi.o
 .debug_loc     0x00002e30     0x1a3f build/stm32f4xx_hal_uart.o
 .debug_loc     0x0000486f     0x404a build/stm32f4xx_hal_tim.o
 .debug_loc     0x000088b9      0x531 build/stm32f4xx_hal_gpio.o
 .debug_loc     0x00008dea      0x555 build/stm32f4xx_hal_rcc.o
 .debug_loc     0x0000933f      0x55a build/tim.o
 .debug_loc     0x00009899      0x13e build/system_stm32f4xx.o
 .debug_loc     0x000099d7      0x19d build/stm32f4xx_hal.o
 .debug_loc     0x00009b74       0xd3 build/usart.o
 .debug_loc     0x00009c47     0x131e build/stm32f4xx_hal_tim_ex.o
 .debug_loc     0x0000af65      0xbd0 build/stm32f4xx_hal_adc.o
 .debug_loc     0x0000bb35      0x51b build/syscalls.o
 .debug_loc     0x0000c050      0x126 build/interface.o
 .debug_loc     0x0000c176      0x152 build/filter.o

.debug_aranges  0x00000000      0xfd0
 .debug_aranges
                0x00000000       0xa8 build/stm32f4xx_hal_cortex.o
 .debug_aranges
                0x000000a8       0x20 build/gpio.o
 .debug_aranges
                0x000000c8       0x70 build/spi.o
 .debug_aranges
                0x00000138       0x40 build/main.o
 .debug_aranges
                0x00000178       0x68 build/stm32f4xx_it.o
 .debug_aranges
                0x000001e0       0x68 build/adc.o
 .debug_aranges
                0x00000248       0x20 build/stm32f4xx_hal_msp.o
 .debug_aranges
                0x00000268      0x1c8 build/stm32f4xx_hal_spi.o
 .debug_aranges
                0x00000430      0x1d0 build/stm32f4xx_hal_uart.o
 .debug_aranges
                0x00000600      0x368 build/stm32f4xx_hal_tim.o
 .debug_aranges
                0x00000968       0x58 build/stm32f4xx_hal_gpio.o
 .debug_aranges
                0x000009c0       0x88 build/stm32f4xx_hal_rcc.o
 .debug_aranges
                0x00000a48       0x90 build/tim.o
 .debug_aranges
                0x00000ad8       0x28 build/system_stm32f4xx.o
 .debug_aranges
                0x00000b00       0xe0 build/stm32f4xx_hal.o
 .debug_aranges
                0x00000be0       0x30 build/usart.o
 .debug_aranges
                0x00000c10      0x140 build/stm32f4xx_hal_tim_ex.o
 .debug_aranges
                0x00000d50       0xe8 build/stm32f4xx_hal_adc.o
 .debug_aranges
                0x00000e38       0xb0 build/syscalls.o
 .debug_aranges
                0x00000ee8       0x40 build/interface.o
 .debug_aranges
                0x00000f28       0x18 build/global.o
 .debug_aranges
                0x00000f40       0x40 build/filter.o
 .debug_aranges
                0x00000f80       0x28 build/other_function.o
 .debug_aranges
                0x00000fa8       0x28 build/startup_stm32f405xx.o

.debug_ranges   0x00000000      0xee0
 .debug_ranges  0x00000000       0xf8 build/stm32f4xx_hal_cortex.o
 .debug_ranges  0x000000f8       0x10 build/gpio.o
 .debug_ranges  0x00000108       0x60 build/spi.o
 .debug_ranges  0x00000168       0x30 build/main.o
 .debug_ranges  0x00000198       0x58 build/stm32f4xx_it.o
 .debug_ranges  0x000001f0       0x58 build/adc.o
 .debug_ranges  0x00000248       0x10 build/stm32f4xx_hal_msp.o
 .debug_ranges  0x00000258      0x1b8 build/stm32f4xx_hal_spi.o
 .debug_ranges  0x00000410      0x1c0 build/stm32f4xx_hal_uart.o
 .debug_ranges  0x000005d0      0x358 build/stm32f4xx_hal_tim.o
 .debug_ranges  0x00000928       0x48 build/stm32f4xx_hal_gpio.o
 .debug_ranges  0x00000970       0x90 build/stm32f4xx_hal_rcc.o
 .debug_ranges  0x00000a00       0x80 build/tim.o
 .debug_ranges  0x00000a80       0x18 build/system_stm32f4xx.o
 .debug_ranges  0x00000a98       0xd0 build/stm32f4xx_hal.o
 .debug_ranges  0x00000b68       0x20 build/usart.o
 .debug_ranges  0x00000b88      0x130 build/stm32f4xx_hal_tim_ex.o
 .debug_ranges  0x00000cb8       0xd8 build/stm32f4xx_hal_adc.o
 .debug_ranges  0x00000d90       0xa0 build/syscalls.o
 .debug_ranges  0x00000e30       0x30 build/interface.o
 .debug_ranges  0x00000e60       0x48 build/filter.o
 .debug_ranges  0x00000ea8       0x18 build/other_function.o
 .debug_ranges  0x00000ec0       0x20 build/startup_stm32f405xx.o

.debug_line     0x00000000     0x7aff
 .debug_line    0x00000000      0x4c2 build/stm32f4xx_hal_cortex.o
 .debug_line    0x000004c2      0x261 build/gpio.o
 .debug_line    0x00000723      0x3ff build/spi.o
 .debug_line    0x00000b22      0x47a build/main.o
 .debug_line    0x00000f9c      0x3c7 build/stm32f4xx_it.o
 .debug_line    0x00001363      0x433 build/adc.o
 .debug_line    0x00001796      0x264 build/stm32f4xx_hal_msp.o
 .debug_line    0x000019fa      0xca9 build/stm32f4xx_hal_spi.o
 .debug_line    0x000026a3      0xbd9 build/stm32f4xx_hal_uart.o
 .debug_line    0x0000327c     0x1332 build/stm32f4xx_hal_tim.o
 .debug_line    0x000045ae      0x410 build/stm32f4xx_hal_gpio.o
 .debug_line    0x000049be      0x546 build/stm32f4xx_hal_rcc.o
 .debug_line    0x00004f04      0x573 build/tim.o
 .debug_line    0x00005477      0x255 build/system_stm32f4xx.o
 .debug_line    0x000056cc      0x482 build/stm32f4xx_hal.o
 .debug_line    0x00005b4e      0x2e3 build/usart.o
 .debug_line    0x00005e31      0x878 build/stm32f4xx_hal_tim_ex.o
 .debug_line    0x000066a9      0x758 build/stm32f4xx_hal_adc.o
 .debug_line    0x00006e01      0x3a7 build/syscalls.o
 .debug_line    0x000071a8      0x32f build/interface.o
 .debug_line    0x000074d7      0x112 build/global.o
 .debug_line    0x000075e9      0x365 build/filter.o
 .debug_line    0x0000794e      0x13d build/other_function.o
 .debug_line    0x00007a8b       0x74 build/startup_stm32f405xx.o

.debug_str      0x00000000     0x4779
 .debug_str     0x00000000      0xe5c build/stm32f4xx_hal_cortex.o
                               0x100a (size before relaxing)
 .debug_str     0x00000e5c      0x193 build/gpio.o
                                0x79a (size before relaxing)
 .debug_str     0x00000fef      0x5f2 build/spi.o
                                0xdd5 (size before relaxing)
 .debug_str     0x000015e1      0x79d build/main.o
                               0x1928 (size before relaxing)
 .debug_str     0x00001d7e      0x171 build/stm32f4xx_it.o
                                0xfd4 (size before relaxing)
 .debug_str     0x00001eef       0xe1 build/adc.o
                                0xd90 (size before relaxing)
 .debug_str     0x00001fd0       0x24 build/stm32f4xx_hal_msp.o
                                0xae5 (size before relaxing)
 .debug_str     0x00001ff4      0x501 build/stm32f4xx_hal_spi.o
                                0xf8b (size before relaxing)
 .debug_str     0x000024f5      0x552 build/stm32f4xx_hal_uart.o
                               0x1003 (size before relaxing)
 .debug_str     0x00002a47      0xce0 build/stm32f4xx_hal_tim.o
                               0x17c6 (size before relaxing)
 .debug_str     0x00003727      0x125 build/stm32f4xx_hal_gpio.o
                                0x901 (size before relaxing)
 .debug_str     0x0000384c      0x17d build/stm32f4xx_hal_rcc.o
                                0xad4 (size before relaxing)
 .debug_str     0x000039c9      0x1ad build/tim.o
                               0x1645 (size before relaxing)
 .debug_str     0x00003b76       0x42 build/system_stm32f4xx.o
                                0x765 (size before relaxing)
 .debug_str     0x00003bb8      0x272 build/stm32f4xx_hal.o
                                0xf33 (size before relaxing)
 .debug_str     0x00003e2a       0x17 build/usart.o
                                0xbdf (size before relaxing)
 .debug_str     0x00003e41      0x3f4 build/stm32f4xx_hal_tim_ex.o
                               0x1086 (size before relaxing)
 .debug_str     0x00004235      0x24e build/stm32f4xx_hal_adc.o
                                0xd54 (size before relaxing)
 .debug_str     0x00004483      0x256 build/syscalls.o
                                0x824 (size before relaxing)
 .debug_str     0x000046d9       0x45 build/interface.o
                                0xada (size before relaxing)
 .debug_str     0x0000471e        0xd build/global.o
                                0x2a1 (size before relaxing)
 .debug_str     0x0000472b       0x14 build/filter.o
                                0x799 (size before relaxing)
 .debug_str     0x0000473f       0x15 build/other_function.o
                                0x27f (size before relaxing)
 .debug_str     0x00004754       0x25 build/startup_stm32f405xx.o
                                 0x4c (size before relaxing)

.comment        0x00000000       0x7e
 .comment       0x00000000       0x7e build/stm32f4xx_hal_cortex.o
                                 0x7f (size before relaxing)
 .comment       0x0000007e       0x7f build/gpio.o
 .comment       0x0000007e       0x7f build/spi.o
 .comment       0x0000007e       0x7f build/main.o
 .comment       0x0000007e       0x7f build/stm32f4xx_it.o
 .comment       0x0000007e       0x7f build/adc.o
 .comment       0x0000007e       0x7f build/stm32f4xx_hal_msp.o
 .comment       0x0000007e       0x7f build/stm32f4xx_hal_spi.o
 .comment       0x0000007e       0x7f build/stm32f4xx_hal_uart.o
 .comment       0x0000007e       0x7f build/stm32f4xx_hal_tim.o
 .comment       0x0000007e       0x7f build/stm32f4xx_hal_gpio.o
 .comment       0x0000007e       0x7f build/stm32f4xx_hal_rcc.o
 .comment       0x0000007e       0x7f build/tim.o
 .comment       0x0000007e       0x7f build/system_stm32f4xx.o
 .comment       0x0000007e       0x7f build/stm32f4xx_hal.o
 .comment       0x0000007e       0x7f build/usart.o
 .comment       0x0000007e       0x7f build/stm32f4xx_hal_tim_ex.o
 .comment       0x0000007e       0x7f build/stm32f4xx_hal_adc.o
 .comment       0x0000007e       0x7f build/syscalls.o
 .comment       0x0000007e       0x7f build/interface.o
 .comment       0x0000007e       0x7f build/global.o
 .comment       0x0000007e       0x7f build/filter.o
 .comment       0x0000007e       0x7f build/other_function.o

.debug_frame    0x00000000     0x3c20
 .debug_frame   0x00000000      0x16c build/stm32f4xx_hal_cortex.o
 .debug_frame   0x0000016c       0x3c build/gpio.o
 .debug_frame   0x000001a8      0x16c build/spi.o
 .debug_frame   0x00000314       0x98 build/main.o
 .debug_frame   0x000003ac       0xc8 build/stm32f4xx_it.o
 .debug_frame   0x00000474      0x14c build/adc.o
 .debug_frame   0x000005c0       0x2c build/stm32f4xx_hal_msp.o
 .debug_frame   0x000005ec      0x5ec build/stm32f4xx_hal_spi.o
 .debug_frame   0x00000bd8      0x57c build/stm32f4xx_hal_uart.o
 .debug_frame   0x00001154      0xb0c build/stm32f4xx_hal_tim.o
 .debug_frame   0x00001c60       0xec build/stm32f4xx_hal_gpio.o
 .debug_frame   0x00001d4c      0x1c4 build/stm32f4xx_hal_rcc.o
 .debug_frame   0x00001f10      0x1cc build/tim.o
 .debug_frame   0x000020dc       0x30 build/system_stm32f4xx.o
 .debug_frame   0x0000210c      0x1e0 build/stm32f4xx_hal.o
 .debug_frame   0x000022ec       0x64 build/usart.o
 .debug_frame   0x00002350      0x3f0 build/stm32f4xx_hal_tim_ex.o
 .debug_frame   0x00002740      0x2b8 build/stm32f4xx_hal_adc.o
 .debug_frame   0x000029f8      0x1d8 build/syscalls.o
 .debug_frame   0x00002bd0       0x9c build/interface.o
 .debug_frame   0x00002c6c       0xa4 build/filter.o
 .debug_frame   0x00002d10       0x30 build/other_function.o
 .debug_frame   0x00002d40       0x20 c:/program files (x86)/gnu tools arm embedded/7 2017-q4-major/bin/../lib/gcc/arm-none-eabi/7.2.1/../../../../arm-none-eabi/lib/thumb/v7e-m/fpv4-sp/hard\libc_nano.a(lib_a-errno.o)
 .debug_frame   0x00002d60       0x2c c:/program files (x86)/gnu tools arm embedded/7 2017-q4-major/bin/../lib/gcc/arm-none-eabi/7.2.1/../../../../arm-none-eabi/lib/thumb/v7e-m/fpv4-sp/hard\libc_nano.a(lib_a-init.o)
 .debug_frame   0x00002d8c       0x20 c:/program files (x86)/gnu tools arm embedded/7 2017-q4-major/bin/../lib/gcc/arm-none-eabi/7.2.1/../../../../arm-none-eabi/lib/thumb/v7e-m/fpv4-sp/hard\libc_nano.a(lib_a-memset.o)
 .debug_frame   0x00002dac       0x8c c:/program files (x86)/gnu tools arm embedded/7 2017-q4-major/bin/../lib/gcc/arm-none-eabi/7.2.1/../../../../arm-none-eabi/lib/thumb/v7e-m/fpv4-sp/hard\libc_nano.a(lib_a-nano-vfprintf_float.o)
 .debug_frame   0x00002e38       0x60 c:/program files (x86)/gnu tools arm embedded/7 2017-q4-major/bin/../lib/gcc/arm-none-eabi/7.2.1/../../../../arm-none-eabi/lib/thumb/v7e-m/fpv4-sp/hard\libc_nano.a(lib_a-nano-vfprintf_i.o)
 .debug_frame   0x00002e98       0x74 c:/program files (x86)/gnu tools arm embedded/7 2017-q4-major/bin/../lib/gcc/arm-none-eabi/7.2.1/../../../../arm-none-eabi/lib/thumb/v7e-m/fpv4-sp/hard\libc_nano.a(lib_a-printf.o)
 .debug_frame   0x00002f0c       0x20 c:/program files (x86)/gnu tools arm embedded/7 2017-q4-major/bin/../lib/gcc/arm-none-eabi/7.2.1/../../../../arm-none-eabi/lib/thumb/v7e-m/fpv4-sp/hard\libc_nano.a(lib_a-setbuf.o)
 .debug_frame   0x00002f2c       0x38 c:/program files (x86)/gnu tools arm embedded/7 2017-q4-major/bin/../lib/gcc/arm-none-eabi/7.2.1/../../../../arm-none-eabi/lib/thumb/v7e-m/fpv4-sp/hard\libc_nano.a(lib_a-setvbuf.o)
 .debug_frame   0x00002f64       0x70 c:/program files (x86)/gnu tools arm embedded/7 2017-q4-major/bin/../lib/gcc/arm-none-eabi/7.2.1/../../../../arm-none-eabi/lib/thumb/v7e-m/fpv4-sp/hard\libc_nano.a(lib_a-dtoa.o)
 .debug_frame   0x00002fd4       0x68 c:/program files (x86)/gnu tools arm embedded/7 2017-q4-major/bin/../lib/gcc/arm-none-eabi/7.2.1/../../../../arm-none-eabi/lib/thumb/v7e-m/fpv4-sp/hard\libc_nano.a(lib_a-fflush.o)
 .debug_frame   0x0000303c      0x11c c:/program files (x86)/gnu tools arm embedded/7 2017-q4-major/bin/../lib/gcc/arm-none-eabi/7.2.1/../../../../arm-none-eabi/lib/thumb/v7e-m/fpv4-sp/hard\libc_nano.a(lib_a-findfp.o)
 .debug_frame   0x00003158       0x54 c:/program files (x86)/gnu tools arm embedded/7 2017-q4-major/bin/../lib/gcc/arm-none-eabi/7.2.1/../../../../arm-none-eabi/lib/thumb/v7e-m/fpv4-sp/hard\libc_nano.a(lib_a-fwalk.o)
 .debug_frame   0x000031ac       0x40 c:/program files (x86)/gnu tools arm embedded/7 2017-q4-major/bin/../lib/gcc/arm-none-eabi/7.2.1/../../../../arm-none-eabi/lib/thumb/v7e-m/fpv4-sp/hard\libc_nano.a(lib_a-localeconv.o)
 .debug_frame   0x000031ec       0x58 c:/program files (x86)/gnu tools arm embedded/7 2017-q4-major/bin/../lib/gcc/arm-none-eabi/7.2.1/../../../../arm-none-eabi/lib/thumb/v7e-m/fpv4-sp/hard\libc_nano.a(lib_a-makebuf.o)
 .debug_frame   0x00003244       0x30 c:/program files (x86)/gnu tools arm embedded/7 2017-q4-major/bin/../lib/gcc/arm-none-eabi/7.2.1/../../../../arm-none-eabi/lib/thumb/v7e-m/fpv4-sp/hard\libc_nano.a(lib_a-malloc.o)