Archive member included to satisfy reference by file (symbol)

c:/program files (x86)/gnu tools arm embedded/7 2017-q4-major/bin/../lib/gcc/arm-none-eabi/7.2.1/../../../../arm-none-eabi/lib/thumb/v7e-m/fpv4-sp/hard\libc_nano.a(lib_a-errno.o)
                              build/syscalls.o (__errno)
c:/program files (x86)/gnu tools arm embedded/7 2017-q4-major/bin/../lib/gcc/arm-none-eabi/7.2.1/../../../../arm-none-eabi/lib/thumb/v7e-m/fpv4-sp/hard\libc_nano.a(lib_a-exit.o)
                              c:/program files (x86)/gnu tools arm embedded/7 2017-q4-major/bin/../lib/gcc/arm-none-eabi/7.2.1/../../../../arm-none-eabi/lib/thumb/v7e-m/fpv4-sp/hard/crt0.o (exit)
c:/program files (x86)/gnu tools arm embedded/7 2017-q4-major/bin/../lib/gcc/arm-none-eabi/7.2.1/../../../../arm-none-eabi/lib/thumb/v7e-m/fpv4-sp/hard\libc_nano.a(lib_a-impure.o)
                              c:/program files (x86)/gnu tools arm embedded/7 2017-q4-major/bin/../lib/gcc/arm-none-eabi/7.2.1/../../../../arm-none-eabi/lib/thumb/v7e-m/fpv4-sp/hard\libc_nano.a(lib_a-exit.o) (_global_impure_ptr)
c:/program files (x86)/gnu tools arm embedded/7 2017-q4-major/bin/../lib/gcc/arm-none-eabi/7.2.1/../../../../arm-none-eabi/lib/thumb/v7e-m/fpv4-sp/hard\libc_nano.a(lib_a-init.o)
                              c:/program files (x86)/gnu tools arm embedded/7 2017-q4-major/bin/../lib/gcc/arm-none-eabi/7.2.1/../../../../arm-none-eabi/lib/thumb/v7e-m/fpv4-sp/hard/crt0.o (__libc_init_array)
c:/program files (x86)/gnu tools arm embedded/7 2017-q4-major/bin/../lib/gcc/arm-none-eabi/7.2.1/../../../../arm-none-eabi/lib/thumb/v7e-m/fpv4-sp/hard\libc_nano.a(lib_a-memset.o)
                              c:/program files (x86)/gnu tools arm embedded/7 2017-q4-major/bin/../lib/gcc/arm-none-eabi/7.2.1/../../../../arm-none-eabi/lib/thumb/v7e-m/fpv4-sp/hard/crt0.o (memset)
c:/program files (x86)/gnu tools arm embedded/7 2017-q4-major/bin/../lib/gcc/arm-none-eabi/7.2.1/../../../../arm-none-eabi/lib/thumb/v7e-m/fpv4-sp/hard\libc_nano.a(lib_a-nano-vfprintf_float.o)
                              (_printf_float)
c:/program files (x86)/gnu tools arm embedded/7 2017-q4-major/bin/../lib/gcc/arm-none-eabi/7.2.1/../../../../arm-none-eabi/lib/thumb/v7e-m/fpv4-sp/hard\libc_nano.a(lib_a-nano-vfprintf_i.o)
                              c:/program files (x86)/gnu tools arm embedded/7 2017-q4-major/bin/../lib/gcc/arm-none-eabi/7.2.1/../../../../arm-none-eabi/lib/thumb/v7e-m/fpv4-sp/hard\libc_nano.a(lib_a-nano-vfprintf_float.o) (_printf_common)
c:/program files (x86)/gnu tools arm embedded/7 2017-q4-major/bin/../lib/gcc/arm-none-eabi/7.2.1/../../../../arm-none-eabi/lib/thumb/v7e-m/fpv4-sp/hard\libc_nano.a(lib_a-printf.o)
                              build/spi.o (printf)
c:/program files (x86)/gnu tools arm embedded/7 2017-q4-major/bin/../lib/gcc/arm-none-eabi/7.2.1/../../../../arm-none-eabi/lib/thumb/v7e-m/fpv4-sp/hard\libc_nano.a(lib_a-setbuf.o)
                              build/main.o (setbuf)
c:/program files (x86)/gnu tools arm embedded/7 2017-q4-major/bin/../lib/gcc/arm-none-eabi/7.2.1/../../../../arm-none-eabi/lib/thumb/v7e-m/fpv4-sp/hard\libc_nano.a(lib_a-setvbuf.o)
                              c:/program files (x86)/gnu tools arm embedded/7 2017-q4-major/bin/../lib/gcc/arm-none-eabi/7.2.1/../../../../arm-none-eabi/lib/thumb/v7e-m/fpv4-sp/hard\libc_nano.a(lib_a-setbuf.o) (setvbuf)
c:/program files (x86)/gnu tools arm embedded/7 2017-q4-major/bin/../lib/gcc/arm-none-eabi/7.2.1/../../../../arm-none-eabi/lib/thumb/v7e-m/fpv4-sp/hard\libc_nano.a(lib_a-strlen.o)
                              c:/program files (x86)/gnu tools arm embedded/7 2017-q4-major/bin/../lib/gcc/arm-none-eabi/7.2.1/../../../../arm-none-eabi/lib/thumb/v7e-m/fpv4-sp/hard\libc_nano.a(lib_a-nano-vfprintf_float.o) (strlen)
c:/program files (x86)/gnu tools arm embedded/7 2017-q4-major/bin/../lib/gcc/arm-none-eabi/7.2.1/../../../../arm-none-eabi/lib/thumb/v7e-m/fpv4-sp/hard\libc_nano.a(lib_a-dtoa.o)
                              c:/program files (x86)/gnu tools arm embedded/7 2017-q4-major/bin/../lib/gcc/arm-none-eabi/7.2.1/../../../../arm-none-eabi/lib/thumb/v7e-m/fpv4-sp/hard\libc_nano.a(lib_a-nano-vfprintf_float.o) (_dtoa_r)
c:/program files (x86)/gnu tools arm embedded/7 2017-q4-major/bin/../lib/gcc/arm-none-eabi/7.2.1/../../../../arm-none-eabi/lib/thumb/v7e-m/fpv4-sp/hard\libc_nano.a(lib_a-fflush.o)
                              c:/program files (x86)/gnu tools arm embedded/7 2017-q4-major/bin/../lib/gcc/arm-none-eabi/7.2.1/../../../../arm-none-eabi/lib/thumb/v7e-m/fpv4-sp/hard\libc_nano.a(lib_a-setvbuf.o) (_fflush_r)
c:/program files (x86)/gnu tools arm embedded/7 2017-q4-major/bin/../lib/gcc/arm-none-eabi/7.2.1/../../../../arm-none-eabi/lib/thumb/v7e-m/fpv4-sp/hard\libc_nano.a(lib_a-findfp.o)
[...]
Memory Configuration

Name             Origin             Length             Attributes
RAM              0x20000000         0x00020000         xrw
CCMRAM           0x10000000         0x00010000         rw
FLASH            0x08000000         0x00100000         xr
*default*        0x00000000         0xffffffff

Linker script and memory map

LOAD c:/program files (x86)/gnu tools arm embedded/7 2017-q4-major/bin/../lib/gcc/arm-none-eabi/7.2.1/thumb/v7e-m/fpv4-sp/hard/crti.o
LOAD c:/program files (x86)/gnu tools arm embedded/7 2017-q4-major/bin/../lib/gcc/arm-none-eabi/7.2.1/thumb/v7e-m/fpv4-sp/hard/crtbegin.o
LOAD c:/program files (x86)/gnu tools arm embedded/7 2017-q4-major/bin/../lib/gcc/arm-none-eabi/7.2.1/../../../../arm-none-eabi/lib/thumb/v7e-m/fpv4-sp/hard/crt0.o
LOAD build/stm32f4xx_hal_cortex.o
LOAD build/gpio.o
LOAD build/stm32f4xx_hal_flash_ramfunc.o
LOAD build/stm32f4xx_hal_dma.o
LOAD build/spi.o
LOAD build/main.o
LOAD build/stm32f4xx_it.o
LOAD build/adc.o
LOAD build/stm32f4xx_hal_msp.o
LOAD build/stm32f4xx_hal_spi.o
LOAD build/stm32f4xx_hal_uart.o
LOAD build/stm32f4xx_hal_adc_ex.o
LOAD build/stm32f4xx_hal_tim.o
LOAD build/stm32f4xx_hal_gpio.o
LOAD build/stm32f4xx_hal_pwr_ex.o
LOAD build/stm32f4xx_hal_rcc.o
LOAD build/tim.o
LOAD build/stm32f4xx_hal_pwr.o
LOAD build/stm32f4xx_hal_dma_ex.o
LOAD build/stm32f4xx_hal_flash_ex.o
LOAD build/stm32f4xx_hal_rcc_ex.o
LOAD build/system_stm32f4xx.o
LOAD build/stm32f4xx_hal.o
LOAD build/usart.o
LOAD build/stm32f4xx_hal_tim_ex.o
LOAD build/stm32f4xx_hal_flash.o
LOAD build/stm32f4xx_hal_adc.o
LOAD build/syscalls.o
LOAD build/interface.o
LOAD build/global.o
LOAD build/filter.o
LOAD build/mode.o
LOAD build/other_function.o
LOAD build/motion.o
LOAD build/control.o
LOAD build/calculate.o
LOAD build/startup_stm32f405xx.o
LOAD c:/program files (x86)/gnu tools arm embedded/7 2017-q4-major/bin/../lib/gcc/arm-none-eabi/7.2.1/../../../../arm-none-eabi/lib/thumb/v7e-m/fpv4-sp/hard\libc_nano.a
LOAD c:/program files (x86)/gnu tools arm embedded/7 2017-q4-major/bin/../lib/gcc/arm-none-eabi/7.2.1/../../../../arm-none-eabi/lib/thumb/v7e-m/fpv4-sp/hard\libm.a
LOAD c:/program files (x86)/gnu tools arm embedded/7 2017-q4-major/bin/../lib/gcc/arm-none-eabi/7.2.1/../../../../arm-none-eabi/lib/thumb/v7e-m/fpv4-sp/hard\libnosys.a
LOAD Drivers/CMSIS/Lib/GCC/\libarm_cortexM4lf_math.a
START GROUP
LOAD c:/program files (x86)/gnu tools arm embedded/7 2017-q4-major/bin/../lib/gcc/arm-none-eabi/7.2.1/thumb/v7e-m/fpv4-sp/hard\libgcc.a
LOAD c:/program files (x86)/gnu tools arm embedded/7 2017-q4-major/bin/../lib/gcc/arm-none-eabi/7.2.1/../../../../arm-none-eabi/lib/thumb/v7e-m/fpv4-sp/hard\libc_nano.a
END GROUP
START GROUP
LOAD c:/program files (x86)/gnu tools arm embedded/7 2017-q4-major/bin/../lib/gcc/arm-none-eabi/7.2.1/thumb/v7e-m/fpv4-sp/hard\libgcc.a
LOAD c:/program files (x86)/gnu tools arm embedded/7 2017-q4-major/bin/../lib/gcc/arm-none-eabi/7.2.1/../../../../arm-none-eabi/lib/thumb/v7e-m/fpv4-sp/hard\libc_nano.a
END GROUP
LOAD c:/program files (x86)/gnu tools arm embedded/7 2017-q4-major/bin/../lib/gcc/arm-none-eabi/7.2.1/thumb/v7e-m/fpv4-sp/hard/crtend.o
LOAD c:/program files (x86)/gnu tools arm embedded/7 2017-q4-major/bin/../lib/gcc/arm-none-eabi/7.2.1/thumb/v7e-m/fpv4-sp/hard/crtn.o
                0x20020000                _estack = 0x20020000
                0x00000200                _Min_Heap_Size = 0x200
                0x00000400                _Min_Stack_Size = 0x400

.isr_vector     0x08000000      0x188
                0x08000000                . = ALIGN (0x4)
 *(.isr_vector)
 .isr_vector    0x08000000      0x188 build/startup_stm32f405xx.o
                0x08000000                g_pfnVectors
                0x08000188                . = ALIGN (0x4)

.text           0x08000190     0x72f8
                0x08000190                . = ALIGN (0x4)
 *(.text)
 .text          0x08000190       0x40 c:/program files (x86)/gnu tools arm embedded/7 2017-q4-major/bin/../lib/gcc/arm-none-eabi/7.2.1/thumb/v7e-m/fpv4-sp/hard/crtbegin.o
 .text          0x080001d0       0x10 c:/program files (x86)/gnu tools arm embedded/7 2017-q4-major/bin/../lib/gcc/arm-none-eabi/7.2.1/../../../../arm-none-eabi/lib/thumb/v7e-m/fpv4-sp/hard\libc_nano.a(lib_a-strlen.o)
                0x080001d0                strlen
 .text          0x080001e0       0xa0 c:/program files (x86)/gnu tools arm embedded/7 2017-q4-major/bin/../lib/gcc/arm-none-eabi/7.2.1/../../../../arm-none-eabi/lib/thumb/v7e-m/fpv4-sp/hard\libc_nano.a(lib_a-memchr.o)
                0x080001e0                memchr
 .text          0x08000280      0x378 c:/program files (x86)/gnu tools arm embedded/7 2017-q4-major/bin/../lib/gcc/arm-none-eabi/7.2.1/thumb/v7e-m/fpv4-sp/hard\libgcc.a(_arm_addsubdf3.o)
                0x08000280                __aeabi_drsub
                0x08000288                __aeabi_dsub
                0x08000288                __subdf3
                0x0800028c                __aeabi_dadd
                0x0800028c                __adddf3
                0x08000504                __floatunsidf
                0x08000504                __aeabi_ui2d
                0x08000524                __floatsidf
                0x08000524                __aeabi_i2d
                0x08000548                __aeabi_f2d
                0x08000548                __extendsfdf2
                0x0800058c                __floatundidf
                0x0800058c                __aeabi_ul2d
                0x0800059c                __floatdidf
                0x0800059c                __aeabi_l2d
 .text          0x080005f8      0x424 c:/program files (x86)/gnu tools arm embedded/7 2017-q4-major/bin/../lib/gcc/arm-none-eabi/7.2.1/thumb/v7e-m/fpv4-sp/hard\libgcc.a(_arm_muldivdf3.o)
                0x080005f8                __aeabi_dmul
                0x080005f8                __muldf3
                0x0800084c                __divdf3
                0x0800084c                __aeabi_ddiv
 .text          0x08000a1c      0x110 c:/program files (x86)/gnu tools arm embedded/7 2017-q4-major/bin/../lib/gcc/arm-none-eabi/7.2.1/thumb/v7e-m/fpv4-sp/hard\libgcc.a(_arm_cmpdf2.o)
                0x08000a1c                __gtdf2
                0x08000a1c                __gedf2
                0x08000a24                __ltdf2
                0x08000a24                __ledf2
                0x08000a2c                __nedf2
                0x08000a2c                __eqdf2
                0x08000a2c                __cmpdf2
                0x08000aa8                __aeabi_cdrcmple
                0x08000ab8                __aeabi_cdcmpeq
                0x08000ab8                __aeabi_cdcmple
                0x08000ac8                __aeabi_dcmpeq
                0x08000adc                __aeabi_dcmplt
                0x08000af0                __aeabi_dcmple
                0x08000b04                __aeabi_dcmpge
                0x08000b18                __aeabi_dcmpgt
 .text          0x08000b2c       0x2c c:/program files (x86)/gnu tools arm embedded/7 2017-q4-major/bin/../lib/gcc/arm-none-eabi/7.2.1/thumb/v7e-m/fpv4-sp/hard\libgcc.a(_arm_unorddf2.o)
                0x08000b2c                __unorddf2
                0x08000b2c                __aeabi_dcmpun
 .text          0x08000b58       0x50 c:/program files (x86)/gnu tools arm embedded/7 2017-q4-major/bin/../lib/gcc/arm-none-eabi/7.2.1/thumb/v7e-m/fpv4-sp/hard\libgcc.a(_arm_fixdfsi.o)
                0x08000b58                __aeabi_d2iz
                0x08000b58                __fixdfsi
 .text          0x08000ba8       0x30 c:/program files (x86)/gnu tools arm embedded/7 2017-q4-major/bin/../lib/gcc/arm-none-eabi/7.2.1/thumb/v7e-m/fpv4-sp/hard\libgcc.a(_aeabi_uldivmod.o)
                0x08000ba8                __aeabi_uldivmod
 .text          0x08000bd8      0x2cc c:/program files (x86)/gnu tools arm embedded/7 2017-q4-major/bin/../lib/gcc/arm-none-eabi/7.2.1/thumb/v7e-m/fpv4-sp/hard\libgcc.a(_udivmoddi4.o)
                0x08000bd8                __udivmoddi4
 .text          0x08000ea4        0x4 c:/program files (x86)/gnu tools arm embedded/7 2017-q4-major/bin/../lib/gcc/arm-none-eabi/7.2.1/thumb/v7e-m/fpv4-sp/hard\libgcc.a(_dvmd_tls.o)
                0x08000ea4                __aeabi_idiv0
                0x08000ea4                __aeabi_ldiv0
 *(.text*)
 .text.HAL_NVIC_SetPriorityGrouping
                0x08000ea8       0x24 build/stm32f4xx_hal_cortex.o
                0x08000ea8                HAL_NVIC_SetPriorityGrouping
 .text.HAL_NVIC_SetPriority
                0x08000ecc       0x68 build/stm32f4xx_hal_cortex.o
                0x08000ecc                HAL_NVIC_SetPriority
 .text.HAL_NVIC_EnableIRQ
                0x08000f34       0x18 build/stm32f4xx_hal_cortex.o
                0x08000f34                HAL_NVIC_EnableIRQ
 .text.HAL_SYSTICK_Config
                0x08000f4c       0x2c build/stm32f4xx_hal_cortex.o
                0x08000f4c                HAL_SYSTICK_Config
 .text.HAL_SYSTICK_CLKSourceConfig
                0x08000f78       0x20 build/stm32f4xx_hal_cortex.o
                0x08000f78                HAL_SYSTICK_CLKSourceConfig
 .text.HAL_SYSTICK_Callback
                0x08000f98        0x2 build/stm32f4xx_hal_cortex.o
                0x08000f98                HAL_SYSTICK_Callback
 .text.HAL_SYSTICK_IRQHandler
                0x08000f9a        0x8 build/stm32f4xx_hal_cortex.o
                0x08000f9a                HAL_SYSTICK_IRQHandler
 *fill*         0x08000fa2        0x2 
 .text.MX_GPIO_Init
                0x08000fa4       0xc4 build/gpio.o
                0x08000fa4                MX_GPIO_Init
 .text.MX_SPI2_Init
                0x08001068       0x48 build/spi.o
                0x08001068                MX_SPI2_Init
 .text.HAL_SPI_MspInit
                0x080010b0       0x54 build/spi.o
                0x080010b0                HAL_SPI_MspInit
 .text.read_byte
                0x08001104       0x54 build/spi.o
                0x08001104                read_byte
 .text.read_shift_byte
                0x08001158       0x5c build/spi.o
                0x08001158                read_shift_byte
 .text.write_byte
                0x080011b4       0x54 build/spi.o
                0x080011b4                write_byte
 .text.set_mpu6500
                0x08001208       0x38 build/spi.o
                0x08001208                set_mpu6500
 .text.get_gyro
                0x08001240       0x24 build/spi.o
                0x08001240                get_gyro
 .text.gyro_offset_calc
                0x08001264       0x54 build/spi.o
                0x08001264                gyro_offset_calc
 .text.Update_gyro
                0x080012b8       0x60 build/spi.o
                0x080012b8                Update_gyro
 .text.__io_putchar
                0x08001318       0x20 build/main.o
                0x08001318                __io_putchar
 .text.Init_Main
                0x08001338       0x58 build/main.o
                0x08001338                Init_Main
 .text._Error_Handler
                0x08001390        0x2 build/main.o
                0x08001390                _Error_Handler
 *fill*         0x08001392        0x2 
 .text.SystemClock_Config
                0x08001394       0xbc build/main.o
                0x08001394                SystemClock_Config
 .text.main     0x08001450       0x44 build/main.o
                0x08001450                main
 .text.NMI_Handler
                0x08001494        0x2 build/stm32f4xx_it.o
                0x08001494                NMI_Handler
 .text.HardFault_Handler
                0x08001496        0x2 build/stm32f4xx_it.o
                0x08001496                HardFault_Handler
 .text.MemManage_Handler
                0x08001498        0x2 build/stm32f4xx_it.o
                0x08001498                MemManage_Handler
 .text.BusFault_Handler
                0x0800149a        0x2 build/stm32f4xx_it.o
                0x0800149a                BusFault_Handler
 .text.UsageFault_Handler
                0x0800149c        0x2 build/stm32f4xx_it.o
                0x0800149c                UsageFault_Handler
 .text.SVC_Handler
                0x0800149e        0x2 build/stm32f4xx_it.o
                0x0800149e                SVC_Handler
 .text.DebugMon_Handler
                0x080014a0        0x2 build/stm32f4xx_it.o
                0x080014a0                DebugMon_Handler
 .text.PendSV_Handler
                0x080014a2        0x2 build/stm32f4xx_it.o
                0x080014a2                PendSV_Handler
 .text.SysTick_Handler
                0x080014a4       0x34 build/stm32f4xx_it.o
                0x080014a4                SysTick_Handler
 .text.TIM5_IRQHandler
                0x080014d8       0x88 build/stm32f4xx_it.o
                0x080014d8                TIM5_IRQHandler
 .text.MX_ADC1_Init
                0x08001560       0x70 build/adc.o
                0x08001560                MX_ADC1_Init
 .text.MX_ADC2_Init
                0x080015d0       0x70 build/adc.o
                0x080015d0                MX_ADC2_Init
 .text.MX_ADC3_Init
                0x08001640       0x70 build/adc.o
                0x08001640                MX_ADC3_Init
 .text.HAL_ADC_MspInit
                0x080016b0       0xb8 build/adc.o
                0x080016b0                HAL_ADC_MspInit
 .text.update_batt_date
                0x08001768       0x4c build/adc.o
                0x08001768                update_batt_date
 .text.update_front_sen_on
                0x080017b4       0x84 build/adc.o
                0x080017b4                update_front_sen_on
 .text.update_side_sen_on
                0x08001838       0x80 build/adc.o
                0x08001838                update_side_sen_on
 .text.update_front_sen_off
                0x080018b8       0x84 build/adc.o
                0x080018b8                update_front_sen_off
 .text.update_side_sen_off
                0x0800193c       0x80 build/adc.o
                0x0800193c                update_side_sen_off
 .text.HAL_MspInit
                0x080019bc       0x5e build/stm32f4xx_hal_msp.o
                0x080019bc                HAL_MspInit
 .text.SPI_WaitFlagStateUntilTimeout
                0x08001a1a       0x96 build/stm32f4xx_hal_spi.o
 .text.SPI_CheckFlag_BSY
                0x08001ab0       0x28 build/stm32f4xx_hal_spi.o
 .text.HAL_SPI_Init
                0x08001ad8       0x80 build/stm32f4xx_hal_spi.o
                0x08001ad8                HAL_SPI_Init
 .text.HAL_SPI_Transmit
                0x08001b58      0x1a6 build/stm32f4xx_hal_spi.o
                0x08001b58                HAL_SPI_Transmit
 .text.HAL_SPI_TransmitReceive
                0x08001cfe      0x238 build/stm32f4xx_hal_spi.o
                0x08001cfe                HAL_SPI_TransmitReceive
 .text.HAL_SPI_Receive
                0x08001f36      0x168 build/stm32f4xx_hal_spi.o
                0x08001f36                HAL_SPI_Receive
 *fill*         0x0800209e        0x2 
 .text.UART_SetConfig
                0x080020a0      0x334 build/stm32f4xx_hal_uart.o
 .text.UART_WaitOnFlagUntilTimeout
                0x080023d4       0x62 build/stm32f4xx_hal_uart.o
 .text.HAL_UART_Init
                0x08002436       0x5e build/stm32f4xx_hal_uart.o
                0x08002436                HAL_UART_Init
 .text.HAL_UART_Transmit
                0x08002494       0xe0 build/stm32f4xx_hal_uart.o
                0x08002494                HAL_UART_Transmit
 .text.TIM_OC1_SetConfig
                0x08002574       0x5c build/stm32f4xx_hal_tim.o
 .text.TIM_OC3_SetConfig
                0x080025d0       0x60 build/stm32f4xx_hal_tim.o
 .text.TIM_OC4_SetConfig
                0x08002630       0x50 build/stm32f4xx_hal_tim.o
 .text.TIM_TI1_ConfigInputStage
                0x08002680       0x26 build/stm32f4xx_hal_tim.o
 .text.TIM_TI2_ConfigInputStage
                0x080026a6       0x28 build/stm32f4xx_hal_tim.o
 .text.TIM_ITRx_SetConfig
                0x080026ce       0x10 build/stm32f4xx_hal_tim.o
 .text.TIM_ETR_SetConfig
                0x080026de       0x18 build/stm32f4xx_hal_tim.o
 .text.HAL_TIM_Base_Start_IT
                0x080026f6       0x18 build/stm32f4xx_hal_tim.o
                0x080026f6                HAL_TIM_Base_Start_IT
 .text.HAL_TIM_ConfigClockSource
                0x0800270e      0x108 build/stm32f4xx_hal_tim.o
                0x0800270e                HAL_TIM_ConfigClockSource
 .text.HAL_TIM_PeriodElapsedCallback
                0x08002816        0x2 build/stm32f4xx_hal_tim.o
                0x08002816                HAL_TIM_PeriodElapsedCallback
 .text.HAL_TIM_OC_DelayElapsedCallback
                0x08002818        0x2 build/stm32f4xx_hal_tim.o
                0x08002818                HAL_TIM_OC_DelayElapsedCallback
 .text.HAL_TIM_IC_CaptureCallback
                0x0800281a        0x2 build/stm32f4xx_hal_tim.o
                0x0800281a                HAL_TIM_IC_CaptureCallback
 .text.HAL_TIM_PWM_PulseFinishedCallback
                0x0800281c        0x2 build/stm32f4xx_hal_tim.o
                0x0800281c                HAL_TIM_PWM_PulseFinishedCallback
 .text.HAL_TIM_TriggerCallback
                0x0800281e        0x2 build/stm32f4xx_hal_tim.o
                0x0800281e                HAL_TIM_TriggerCallback
 .text.HAL_TIM_IRQHandler
                0x08002820      0x17a build/stm32f4xx_hal_tim.o
                0x08002820                HAL_TIM_IRQHandler
 *fill*         0x0800299a        0x2 
 .text.TIM_Base_SetConfig
                0x0800299c       0xc0 build/stm32f4xx_hal_tim.o
                0x0800299c                TIM_Base_SetConfig
 .text.HAL_TIM_Base_Init
                0x08002a5c       0x32 build/stm32f4xx_hal_tim.o
                0x08002a5c                HAL_TIM_Base_Init
 .text.HAL_TIM_PWM_Init
                0x08002a8e       0x32 build/stm32f4xx_hal_tim.o
                0x08002a8e                HAL_TIM_PWM_Init
 .text.HAL_TIM_Encoder_Init
                0x08002ac0       0x98 build/stm32f4xx_hal_tim.o
                0x08002ac0                HAL_TIM_Encoder_Init
 .text.TIM_OC2_SetConfig
                0x08002b58       0x64 build/stm32f4xx_hal_tim.o
                0x08002b58                TIM_OC2_SetConfig
 .text.HAL_TIM_PWM_ConfigChannel
                0x08002bbc       0xdc build/stm32f4xx_hal_tim.o
                0x08002bbc                HAL_TIM_PWM_ConfigChannel
 .text.TIM_CCxChannelCmd
                0x08002c98       0x1e build/stm32f4xx_hal_tim.o
                0x08002c98                TIM_CCxChannelCmd
 *fill*         0x08002cb6        0x2 
 .text.HAL_TIM_PWM_Start
                0x08002cb8       0x38 build/stm32f4xx_hal_tim.o
                0x08002cb8                HAL_TIM_PWM_Start
 .text.HAL_TIM_Encoder_Start
                0x08002cf0       0x44 build/stm32f4xx_hal_tim.o
                0x08002cf0                HAL_TIM_Encoder_Start
 .text.HAL_GPIO_Init
                0x08002d34      0x1c8 build/stm32f4xx_hal_gpio.o
                0x08002d34                HAL_GPIO_Init
 .text.HAL_GPIO_ReadPin
                0x08002efc        0xe build/stm32f4xx_hal_gpio.o
                0x08002efc                HAL_GPIO_ReadPin
 .text.HAL_GPIO_WritePin
                0x08002f0a        0xc build/stm32f4xx_hal_gpio.o
                0x08002f0a                HAL_GPIO_WritePin
 *fill*         0x08002f16        0x2 
 .text.HAL_RCC_OscConfig
                0x08002f18      0x398 build/stm32f4xx_hal_rcc.o
                0x08002f18                HAL_RCC_OscConfig
 .text.HAL_RCC_GetSysClockFreq
                0x080032b0       0xa8 build/stm32f4xx_hal_rcc.o
                0x080032b0                HAL_RCC_GetSysClockFreq
 .text.HAL_RCC_ClockConfig
                0x08003358      0x158 build/stm32f4xx_hal_rcc.o
                0x08003358                HAL_RCC_ClockConfig
 .text.HAL_RCC_GetHCLKFreq
                0x080034b0        0xc build/stm32f4xx_hal_rcc.o
                0x080034b0                HAL_RCC_GetHCLKFreq
 .text.HAL_RCC_GetPCLK1Freq
                0x080034bc       0x20 build/stm32f4xx_hal_rcc.o
                0x080034bc                HAL_RCC_GetPCLK1Freq
 .text.HAL_RCC_GetPCLK2Freq
                0x080034dc       0x20 build/stm32f4xx_hal_rcc.o
                0x080034dc                HAL_RCC_GetPCLK2Freq
 .text.MX_TIM3_Init
                0x080034fc       0x6c build/tim.o
                0x080034fc                MX_TIM3_Init
 .text.MX_TIM4_Init
                0x08003568       0x6c build/tim.o
                0x08003568                MX_TIM4_Init
 .text.MX_TIM5_Init
                0x080035d4       0x74 build/tim.o
                0x080035d4                MX_TIM5_Init
 .text.HAL_TIM_PWM_MspInit
                0x08003648       0x50 build/tim.o
                0x08003648                HAL_TIM_PWM_MspInit
 .text.HAL_TIM_Encoder_MspInit
                0x08003698       0x8c build/tim.o
                0x08003698                HAL_TIM_Encoder_MspInit
 .text.HAL_TIM_Base_MspInit
                0x08003724       0x40 build/tim.o
                0x08003724                HAL_TIM_Base_MspInit
 .text.HAL_TIM_MspPostInit
                0x08003764       0x5c build/tim.o
                0x08003764                HAL_TIM_MspPostInit
 .text.MX_TIM1_Init
                0x080037c0       0xf8 build/tim.o
                0x080037c0                MX_TIM1_Init
 .text.MX_TIM2_Init
                0x080038b8       0x7c build/tim.o
                0x080038b8                MX_TIM2_Init
 .text.Buzzer_pwm
                0x08003934       0x7c build/tim.o
                0x08003934                Buzzer_pwm
 .text.Motor_pwm
                0x080039b0      0x1a0 build/tim.o
                0x080039b0                Motor_pwm
 .text.update_encoder
                0x08003b50      0x108 build/tim.o
                0x08003b50                update_encoder
 .text.SystemInit
                0x08003c58       0x4c build/system_stm32f4xx.o
                0x08003c58                SystemInit
 .text.HAL_InitTick
                0x08003ca4       0x4c build/stm32f4xx_hal.o
                0x08003ca4                HAL_InitTick
 .text.HAL_Init
                0x08003cf0       0x34 build/stm32f4xx_hal.o
                0x08003cf0                HAL_Init
 .text.HAL_IncTick
                0x08003d24       0x18 build/stm32f4xx_hal.o
                0x08003d24                HAL_IncTick
 .text.HAL_GetTick
                0x08003d3c        0xc build/stm32f4xx_hal.o
                0x08003d3c                HAL_GetTick
 .text.HAL_Delay
                0x08003d48       0x28 build/stm32f4xx_hal.o
                0x08003d48                HAL_Delay
 .text.MX_USART3_UART_Init
                0x08003d70       0x3c build/usart.o
                0x08003d70                MX_USART3_UART_Init
 .text.HAL_UART_MspInit
                0x08003dac       0x58 build/usart.o
                0x08003dac                HAL_UART_MspInit
 .text.HAL_TIMEx_MasterConfigSynchronization
                0x08003e04       0x52 build/stm32f4xx_hal_tim_ex.o
                0x08003e04                HAL_TIMEx_MasterConfigSynchronization
 .text.HAL_TIMEx_ConfigBreakDeadTime
                0x08003e56       0x58 build/stm32f4xx_hal_tim_ex.o
                0x08003e56                HAL_TIMEx_ConfigBreakDeadTime
 .text.HAL_TIMEx_CommutationCallback
                0x08003eae        0x2 build/stm32f4xx_hal_tim_ex.o
                0x08003eae                HAL_TIMEx_CommutationCallback
 .text.HAL_TIMEx_BreakCallback
                0x08003eb0        0x2 build/stm32f4xx_hal_tim_ex.o
                0x08003eb0                HAL_TIMEx_BreakCallback
 *fill*         0x08003eb2        0x2 
 .text.ADC_Init
                0x08003eb4      0x130 build/stm32f4xx_hal_adc.o
 .text.HAL_ADC_Init
                0x08003fe4       0x54 build/stm32f4xx_hal_adc.o
                0x08003fe4                HAL_ADC_Init
 .text.HAL_ADC_Start
                0x08004038       0xf8 build/stm32f4xx_hal_adc.o
                0x08004038                HAL_ADC_Start
 .text.HAL_ADC_Stop
                0x08004130       0x40 build/stm32f4xx_hal_adc.o
                0x08004130                HAL_ADC_Stop
 .text.HAL_ADC_PollForConversion
                0x08004170       0xb6 build/stm32f4xx_hal_adc.o
                0x08004170                HAL_ADC_PollForConversion
 .text.HAL_ADC_GetValue
                0x08004226        0x6 build/stm32f4xx_hal_adc.o
                0x08004226                HAL_ADC_GetValue
 .text.HAL_ADC_ConfigChannel
                0x0800422c      0x190 build/stm32f4xx_hal_adc.o
                0x0800422c                HAL_ADC_ConfigChannel
 .text._read    0x080043bc       0x1c build/syscalls.o
                0x080043bc                _read
 .text._write   0x080043d8       0x1c build/syscalls.o
                0x080043d8                _write
 .text._sbrk    0x080043f4       0x3c build/syscalls.o
                0x080043f4                _sbrk
 .text._close   0x08004430        0x6 build/syscalls.o
                0x08004430                _close
 .text._fstat   0x08004436        0xa build/syscalls.o
                0x08004436                _fstat
 .text._isatty  0x08004440        0x4 build/syscalls.o
                0x08004440                _isatty
 .text._lseek   0x08004444        0x4 build/syscalls.o
                0x08004444                _lseek
 .text.Output_Buzzer
                0x08004448       0x1a build/interface.o
                0x08004448                Output_Buzzer
 *fill*         0x08004462        0x2 
 .text.Push     0x08004464       0x24 build/interface.o
                0x08004464                Push
 .text.All_LED_OFF
                0x08004488       0x38 build/interface.o
                0x08004488                All_LED_OFF
 .text.LED_Control
                0x080044c0       0x90 build/interface.o
                0x080044c0                LED_Control
 .text.update_wall
                0x08004550       0x90 build/filter.o
                0x08004550                update_wall
 .text.All_IR_OFF
                0x080045e0       0x34 build/filter.o
                0x080045e0                All_IR_OFF
 .text.IR_Contoroll
                0x08004614       0x7c build/filter.o
                0x08004614                IR_Contoroll
 .text.Input_Sensor
                0x08004690       0x24 build/filter.o
                0x08004690                Input_Sensor
 .text.Batt_check
                0x080046b4       0xac build/filter.o
                0x080046b4                Batt_check
 .text.Mode_select
                0x08004760       0x90 build/mode.o
                0x08004760                Mode_select
 .text.Mode_Sensor_Check
                0x080047f0       0xcc build/mode.o
                0x080047f0                Mode_Sensor_Check
 .text.Mode_mouse
                0x080048bc       0x34 build/mode.o
                0x080048bc                Mode_mouse
 .text.Reset_Flag
                0x080048f0        0xc build/other_function.o
                0x080048f0                Reset_Flag
 .text.Reset_Value
                0x080048fc       0x38 build/other_function.o
                0x080048fc                Reset_Value
 .text.Straight_half_accel
                0x08004934       0x28 build/motion.o
                0x08004934                Straight_half_accel
 .text.Straight_half_stop
                0x0800495c       0x28 build/motion.o
                0x0800495c                Straight_half_stop
 .text.PID_value
                0x08004984       0x40 build/control.o
                0x08004984                PID_value
 .text.Straight_SysTic_fb
                0x080049c4      0x144 build/control.o
                0x080049c4                Straight_SysTic_fb
 .text.Control_pwm
                0x08004b08       0x30 build/control.o
                0x08004b08                Control_pwm
 .text.Straight_Calc_fb
                0x08004b38       0xc8 build/calculate.o
                0x08004b38                Straight_Calc_fb
 .text.Reset_Handler
                0x08004c00       0x50 build/startup_stm32f405xx.o
                0x08004c00                Reset_Handler
 .text.Default_Handler
                0x08004c50        0x2 build/startup_stm32f405xx.o
                0x08004c50                RTC_Alarm_IRQHandler
                0x08004c50                HASH_RNG_IRQHandler
                0x08004c50                EXTI2_IRQHandler
                0x08004c50                TIM8_CC_IRQHandler
                0x08004c50                TIM1_CC_IRQHandler
                0x08004c50                DMA2_Stream5_IRQHandler
                0x08004c50                DMA1_Stream5_IRQHandler
                0x08004c50                PVD_IRQHandler
                0x08004c50                SDIO_IRQHandler
                0x08004c50                TAMP_STAMP_IRQHandler
                0x08004c50                CAN2_RX1_IRQHandler
                0x08004c50                EXTI3_IRQHandler
                0x08004c50                TIM8_TRG_COM_TIM14_IRQHandler
                0x08004c50                TIM1_UP_TIM10_IRQHandler
                0x08004c50                TIM8_UP_TIM13_IRQHandler
                0x08004c50                I2C3_ER_IRQHandler
                0x08004c50                EXTI0_IRQHandler
                0x08004c50                I2C2_EV_IRQHandler
                0x08004c50                DMA1_Stream2_IRQHandler
                0x08004c50                CAN1_RX0_IRQHandler
                0x08004c50                FPU_IRQHandler
                0x08004c50                OTG_HS_WKUP_IRQHandler
                0x08004c50                CAN2_SCE_IRQHandler
                0x08004c50                DMA2_Stream2_IRQHandler
                0x08004c50                SPI1_IRQHandler
                0x08004c50                TIM6_DAC_IRQHandler
                0x08004c50                TIM1_BRK_TIM9_IRQHandler
                0x08004c50                CAN2_RX0_IRQHandler
                0x08004c50                DMA2_Stream3_IRQHandler
                0x08004c50                USART6_IRQHandler
                0x08004c50                USART3_IRQHandler
                0x08004c50                CAN1_RX1_IRQHandler
                0x08004c50                UART5_IRQHandler
                0x08004c50                DMA2_Stream0_IRQHandler
                0x08004c50                TIM4_IRQHandler
                0x08004c50                I2C1_EV_IRQHandler
                0x08004c50                DMA1_Stream6_IRQHandler
                0x08004c50                DMA1_Stream1_IRQHandler
                0x08004c50                UART4_IRQHandler
                0x08004c50                TIM3_IRQHandler
                0x08004c50                RCC_IRQHandler
                0x08004c50                TIM8_BRK_TIM12_IRQHandler
                0x08004c50                Default_Handler
                0x08004c50                EXTI15_10_IRQHandler
                0x08004c50                ADC_IRQHandler
                0x08004c50                DMA1_Stream7_IRQHandler
                0x08004c50                TIM7_IRQHandler
                0x08004c50                CAN2_TX_IRQHandler
                0x08004c50                DMA2_Stream7_IRQHandler
                0x08004c50                I2C3_EV_IRQHandler
                0x08004c50                EXTI9_5_IRQHandler
                0x08004c50                RTC_WKUP_IRQHandler
                0x08004c50                SPI2_IRQHandler
                0x08004c50                OTG_HS_EP1_IN_IRQHandler
                0x08004c50                DMA1_Stream0_IRQHandler
                0x08004c50                CAN1_TX_IRQHandler
                0x08004c50                EXTI4_IRQHandler
                0x08004c50                FSMC_IRQHandler
                0x08004c50                OTG_HS_EP1_OUT_IRQHandler
                0x08004c50                WWDG_IRQHandler
                0x08004c50                TIM2_IRQHandler
                0x08004c50                OTG_FS_WKUP_IRQHandler
                0x08004c50                TIM1_TRG_COM_TIM11_IRQHandler
                0x08004c50                OTG_HS_IRQHandler
                0x08004c50                EXTI1_IRQHandler
                0x08004c50                USART2_IRQHandler
                0x08004c50                I2C2_ER_IRQHandler
                0x08004c50                DMA2_Stream1_IRQHandler
                0x08004c50                CAN1_SCE_IRQHandler
                0x08004c50                FLASH_IRQHandler
                0x08004c50                DMA2_Stream4_IRQHandler
                0x08004c50                USART1_IRQHandler
                0x08004c50                OTG_FS_IRQHandler
                0x08004c50                SPI3_IRQHandler
                0x08004c50                DMA1_Stream4_IRQHandler
                0x08004c50                I2C1_ER_IRQHandler
                0x08004c50                DMA2_Stream6_IRQHandler
                0x08004c50                DMA1_Stream3_IRQHandler
 *fill*         0x08004c52        0x2 
 .text.__errno  0x08004c54        0xc c:/program files (x86)/gnu tools arm embedded/7 2017-q4-major/bin/../lib/gcc/arm-none-eabi/7.2.1/../../../../arm-none-eabi/lib/thumb/v7e-m/fpv4-sp/hard\libc_nano.a(lib_a-errno.o)
                0x08004c54                __errno
 .text.__libc_init_array
                0x08004c60       0x48 c:/program files (x86)/gnu tools arm embedded/7 2017-q4-major/bin/../lib/gcc/arm-none-eabi/7.2.1/../../../../arm-none-eabi/lib/thumb/v7e-m/fpv4-sp/hard\libc_nano.a(lib_a-init.o)
                0x08004c60                __libc_init_array
 .text.memset   0x08004ca8       0x10 c:/program files (x86)/gnu tools arm embedded/7 2017-q4-major/bin/../lib/gcc/arm-none-eabi/7.2.1/../../../../arm-none-eabi/lib/thumb/v7e-m/fpv4-sp/hard\libc_nano.a(lib_a-memset.o)
                0x08004ca8                memset
 .text.__cvt    0x08004cb8       0xc2 c:/program files (x86)/gnu tools arm embedded/7 2017-q4-major/bin/../lib/gcc/arm-none-eabi/7.2.1/../../../../arm-none-eabi/lib/thumb/v7e-m/fpv4-sp/hard\libc_nano.a(lib_a-nano-vfprintf_float.o)
                0x08004cb8                __cvt
 .text.__exponent
                0x08004d7a       0x66 c:/program files (x86)/gnu tools arm embedded/7 2017-q4-major/bin/../lib/gcc/arm-none-eabi/7.2.1/../../../../arm-none-eabi/lib/thumb/v7e-m/fpv4-sp/hard\libc_nano.a(lib_a-nano-vfprintf_float.o)
                0x08004d7a                __exponent
 .text._printf_float
                0x08004de0      0x480 c:/program files (x86)/gnu tools arm embedded/7 2017-q4-major/bin/../lib/gcc/arm-none-eabi/7.2.1/../../../../arm-none-eabi/lib/thumb/v7e-m/fpv4-sp/hard\libc_nano.a(lib_a-nano-vfprintf_float.o)
                0x08004de0                _printf_float
 .text._printf_common
                0x08005260       0xea c:/program files (x86)/gnu tools arm embedded/7 2017-q4-major/bin/../lib/gcc/arm-none-eabi/7.2.1/../../../../arm-none-eabi/lib/thumb/v7e-m/fpv4-sp/hard\libc_nano.a(lib_a-nano-vfprintf_i.o)
                0x08005260                _printf_common
 *fill*         0x0800534a        0x2 
 .text._printf_i
                0x0800534c      0x224 c:/program files (x86)/gnu tools arm embedded/7 2017-q4-major/bin/../lib/gcc/arm-none-eabi/7.2.1/../../../../arm-none-eabi/lib/thumb/v7e-m/fpv4-sp/hard\libc_nano.a(lib_a-nano-vfprintf_i.o)
                0x0800534c                _printf_i
 .text.printf   0x08005570       0x30 c:/program files (x86)/gnu tools arm embedded/7 2017-q4-major/bin/../lib/gcc/arm-none-eabi/7.2.1/../../../../arm-none-eabi/lib/thumb/v7e-m/fpv4-sp/hard\libc_nano.a(lib_a-printf.o)
                0x08005570                iprintf
                0x08005570                printf
 .text.setbuf   0x080055a0       0x10 c:/program files (x86)/gnu tools arm embedded/7 2017-q4-major/bin/../lib/gcc/arm-none-eabi/7.2.1/../../../../arm-none-eabi/lib/thumb/v7e-m/fpv4-sp/hard\libc_nano.a(lib_a-setbuf.o)
                0x080055a0                setbuf
 .text.setvbuf  0x080055b0      0x15c c:/program files (x86)/gnu tools arm embedded/7 2017-q4-major/bin/../lib/gcc/arm-none-eabi/7.2.1/../../../../arm-none-eabi/lib/thumb/v7e-m/fpv4-sp/hard\libc_nano.a(lib_a-setvbuf.o)
                0x080055b0                setvbuf
 .text.quorem   0x0800570c      0x118 c:/program files (x86)/gnu tools arm embedded/7 2017-q4-major/bin/../lib/gcc/arm-none-eabi/7.2.1/../../../../arm-none-eabi/lib/thumb/v7e-m/fpv4-sp/hard\libc_nano.a(lib_a-dtoa.o)
 *fill*         0x08005824        0x4 
 .text._dtoa_r  0x08005828      0xb70 c:/program files (x86)/gnu tools arm embedded/7 2017-q4-major/bin/../lib/gcc/arm-none-eabi/7.2.1/../../../../arm-none-eabi/lib/thumb/v7e-m/fpv4-sp/hard\libc_nano.a(lib_a-dtoa.o)
                0x08005828                _dtoa_r
 .text.__sflush_r
                0x08006398      0x10c c:/program files (x86)/gnu tools arm embedded/7 2017-q4-major/bin/../lib/gcc/arm-none-eabi/7.2.1/../../../../arm-none-eabi/lib/thumb/v7e-m/fpv4-sp/hard\libc_nano.a(lib_a-fflush.o)
                0x08006398                __sflush_r
 .text._fflush_r
                0x080064a4       0x54 c:/program files (x86)/gnu tools arm embedded/7 2017-q4-major/bin/../lib/gcc/arm-none-eabi/7.2.1/../../../../arm-none-eabi/lib/thumb/v7e-m/fpv4-sp/hard\libc_nano.a(lib_a-fflush.o)
                0x080064a4                _fflush_r
 .text.std      0x080064f8       0x48 c:/program files (x86)/gnu tools arm embedded/7 2017-q4-major/bin/../lib/gcc/arm-none-eabi/7.2.1/../../../../arm-none-eabi/lib/thumb/v7e-m/fpv4-sp/hard\libc_nano.a(lib_a-findfp.o)
 .text._cleanup_r
                0x08006540        0xc c:/program files (x86)/gnu tools arm embedded/7 2017-q4-major/bin/../lib/gcc/arm-none-eabi/7.2.1/../../../../arm-none-eabi/lib/thumb/v7e-m/fpv4-sp/hard\libc_nano.a(lib_a-findfp.o)
                0x08006540                _cleanup_r
 .text.__sfmoreglue
                0x0800654c       0x2c c:/program files (x86)/gnu tools arm embedded/7 2017-q4-major/bin/../lib/gcc/arm-none-eabi/7.2.1/../../../../arm-none-eabi/lib/thumb/v7e-m/fpv4-sp/hard\libc_nano.a(lib_a-findfp.o)
                0x0800654c                __sfmoreglue
 .text.__sinit  0x08006578       0x60 c:/program files (x86)/gnu tools arm embedded/7 2017-q4-major/bin/../lib/gcc/arm-none-eabi/7.2.1/../../../../arm-none-eabi/lib/thumb/v7e-m/fpv4-sp/hard\libc_nano.a(lib_a-findfp.o)
                0x08006578                __sinit
 .text.__sfp    0x080065d8       0x78 c:/program files (x86)/gnu tools arm embedded/7 2017-q4-major/bin/../lib/gcc/arm-none-eabi/7.2.1/../../../../arm-none-eabi/lib/thumb/v7e-m/fpv4-sp/hard\libc_nano.a(lib_a-findfp.o)
                0x080065d8                __sfp
 .text._fwalk_reent
                0x08006650       0x3c c:/program files (x86)/gnu tools arm embedded/7 2017-q4-major/bin/../lib/gcc/arm-none-eabi/7.2.1/../../../../arm-none-eabi/lib/thumb/v7e-m/fpv4-sp/hard\libc_nano.a(lib_a-fwalk.o)
                0x08006650                _fwalk_reent
 .text._localeconv_r
                0x0800668c       0x1c c:/program files (x86)/gnu tools arm embedded/7 2017-q4-major/bin/../lib/gcc/arm-none-eabi/7.2.1/../../../../arm-none-eabi/lib/thumb/v7e-m/fpv4-sp/hard\libc_nano.a(lib_a-localeconv.o)
                0x0800668c                _localeconv_r
 .text.__swhatbuf_r
                0x080066a8       0x48 c:/program files (x86)/gnu tools arm embedded/7 2017-q4-major/bin/../lib/gcc/arm-none-eabi/7.2.1/../../../../arm-none-eabi/lib/thumb/v7e-m/fpv4-sp/hard\libc_nano.a(lib_a-makebuf.o)
                0x080066a8                __swhatbuf_r
 .text.__smakebuf_r
                0x080066f0       0x80 c:/program files (x86)/gnu tools arm embedded/7 2017-q4-major/bin/../lib/gcc/arm-none-eabi/7.2.1/../../../../arm-none-eabi/lib/thumb/v7e-m/fpv4-sp/hard\libc_nano.a(lib_a-makebuf.o)
                0x080066f0                __smakebuf_r
 .text.malloc   0x08006770       0x10 c:/program files (x86)/gnu tools arm embedded/7 2017-q4-major/bin/../lib/gcc/arm-none-eabi/7.2.1/../../../../arm-none-eabi/lib/thumb/v7e-m/fpv4-sp/hard\libc_nano.a(lib_a-malloc.o)
                0x08006770                malloc
 .text.memcpy   0x08006780       0x16 c:/program files (x86)/gnu tools arm embedded/7 2017-q4-major/bin/../lib/gcc/arm-none-eabi/7.2.1/../../../../arm-none-eabi/lib/thumb/v7e-m/fpv4-sp/hard\libc_nano.a(lib_a-memcpy-stub.o)
                0x08006780                memcpy
 .text._Balloc  0x08006796       0x68 c:/program files (x86)/gnu tools arm embedded/7 2017-q4-major/bin/../lib/gcc/arm-none-eabi/7.2.1/../../../../arm-none-eabi/lib/thumb/v7e-m/fpv4-sp/hard\libc_nano.a(lib_a-mprec.o)
                0x08006796                _Balloc
 .text._Bfree   0x080067fe       0x2e c:/program files (x86)/gnu tools arm embedded/7 2017-q4-major/bin/../lib/gcc/arm-none-eabi/7.2.1/../../../../arm-none-eabi/lib/thumb/v7e-m/fpv4-sp/hard\libc_nano.a(lib_a-mprec.o)
                0x080067fe                _Bfree
 .text.__multadd
                0x0800682c       0x76 c:/program files (x86)/gnu tools arm embedded/7 2017-q4-major/bin/../lib/gcc/arm-none-eabi/7.2.1/../../../../arm-none-eabi/lib/thumb/v7e-m/fpv4-sp/hard\libc_nano.a(lib_a-mprec.o)
                0x0800682c                __multadd
 .text.__hi0bits
                0x080068a2       0x3e c:/program files (x86)/gnu tools arm embedded/7 2017-q4-major/bin/../lib/gcc/arm-none-eabi/7.2.1/../../../../arm-none-eabi/lib/thumb/v7e-m/fpv4-sp/hard\libc_nano.a(lib_a-mprec.o)
                0x080068a2                __hi0bits
 .text.__lo0bits
                0x080068e0       0x5e c:/program files (x86)/gnu tools arm embedded/7 2017-q4-major/bin/../lib/gcc/arm-none-eabi/7.2.1/../../../../arm-none-eabi/lib/thumb/v7e-m/fpv4-sp/hard\libc_nano.a(lib_a-mprec.o)
                0x080068e0                __lo0bits
 .text.__i2b    0x0800693e       0x12 c:/program files (x86)/gnu tools arm embedded/7 2017-q4-major/bin/../lib/gcc/arm-none-eabi/7.2.1/../../../../arm-none-eabi/lib/thumb/v7e-m/fpv4-sp/hard\libc_nano.a(lib_a-mprec.o)
                0x0800693e                __i2b
 .text.__multiply
                0x08006950      0x12c c:/program files (x86)/gnu tools arm embedded/7 2017-q4-major/bin/../lib/gcc/arm-none-eabi/7.2.1/../../../../arm-none-eabi/lib/thumb/v7e-m/fpv4-sp/hard\libc_nano.a(lib_a-mprec.o)
                0x08006950                __multiply
 .text.__pow5mult
                0x08006a7c       0x9c c:/program files (x86)/gnu tools arm embedded/7 2017-q4-major/bin/../lib/gcc/arm-none-eabi/7.2.1/../../../../arm-none-eabi/lib/thumb/v7e-m/fpv4-sp/hard\libc_nano.a(lib_a-mprec.o)
                0x08006a7c                __pow5mult
 .text.__lshift
                0x08006b18       0xa8 c:/program files (x86)/gnu tools arm embedded/7 2017-q4-major/bin/../lib/gcc/arm-none-eabi/7.2.1/../../../../arm-none-eabi/lib/thumb/v7e-m/fpv4-sp/hard\libc_nano.a(lib_a-mprec.o)
                0x08006b18                __lshift
 .text.__mcmp   0x08006bc0       0x34 c:/program files (x86)/gnu tools arm embedded/7 2017-q4-major/bin/../lib/gcc/arm-none-eabi/7.2.1/../../../../arm-none-eabi/lib/thumb/v7e-m/fpv4-sp/hard\libc_nano.a(lib_a-mprec.o)
                0x08006bc0                __mcmp
 .text.__mdiff  0x08006bf4       0xba c:/program files (x86)/gnu tools arm embedded/7 2017-q4-major/bin/../lib/gcc/arm-none-eabi/7.2.1/../../../../arm-none-eabi/lib/thumb/v7e-m/fpv4-sp/hard\libc_nano.a(lib_a-mprec.o)
                0x08006bf4                __mdiff
 .text.__d2b    0x08006cae       0x9e c:/program files (x86)/gnu tools arm embedded/7 2017-q4-major/bin/../lib/gcc/arm-none-eabi/7.2.1/../../../../arm-none-eabi/lib/thumb/v7e-m/fpv4-sp/hard\libc_nano.a(lib_a-mprec.o)
                0x08006cae                __d2b
 .text._calloc_r
                0x08006d4c       0x1c c:/program files (x86)/gnu tools arm embedded/7 2017-q4-major/bin/../lib/gcc/arm-none-eabi/7.2.1/../../../../arm-none-eabi/lib/thumb/v7e-m/fpv4-sp/hard\libc_nano.a(lib_a-nano-callocr.o)
                0x08006d4c                _calloc_r
 .text._free_r  0x08006d68       0x9c c:/program files (x86)/gnu tools arm embedded/7 2017-q4-major/bin/../lib/gcc/arm-none-eabi/7.2.1/../../../../arm-none-eabi/lib/thumb/v7e-m/fpv4-sp/hard\libc_nano.a(lib_a-nano-freer.o)
                0x08006d68                _free_r
 .text._malloc_r
                0x08006e04       0xb4 c:/program files (x86)/gnu tools arm embedded/7 2017-q4-major/bin/../lib/gcc/arm-none-eabi/7.2.1/../../../../arm-none-eabi/lib/thumb/v7e-m/fpv4-sp/hard\libc_nano.a(lib_a-nano-mallocr.o)
                0x08006e04                _malloc_r
 .text.__sfputc_r
                0x08006eb8       0x2e c:/program files (x86)/gnu tools arm embedded/7 2017-q4-major/bin/../lib/gcc/arm-none-eabi/7.2.1/../../../../arm-none-eabi/lib/thumb/v7e-m/fpv4-sp/hard\libc_nano.a(lib_a-nano-vfprintf.o)
 .text.__sfputs_r
                0x08006ee6       0x24 c:/program files (x86)/gnu tools arm embedded/7 2017-q4-major/bin/../lib/gcc/arm-none-eabi/7.2.1/../../../../arm-none-eabi/lib/thumb/v7e-m/fpv4-sp/hard\libc_nano.a(lib_a-nano-vfprintf.o)
                0x08006ee6                __sfputs_r
 *fill*         0x08006f0a        0x2 
 .text._vfprintf_r
                0x08006f0c      0x228 c:/program files (x86)/gnu tools arm embedded/7 2017-q4-major/bin/../lib/gcc/arm-none-eabi/7.2.1/../../../../arm-none-eabi/lib/thumb/v7e-m/fpv4-sp/hard\libc_nano.a(lib_a-nano-vfprintf.o)
                0x08006f0c                _vfprintf_r
                0x08006f0c                _vfiprintf_r
 .text._sbrk_r  0x08007134       0x20 c:/program files (x86)/gnu tools arm embedded/7 2017-q4-major/bin/../lib/gcc/arm-none-eabi/7.2.1/../../../../arm-none-eabi/lib/thumb/v7e-m/fpv4-sp/hard\libc_nano.a(lib_a-sbrkr.o)
                0x08007134                _sbrk_r
 .text.__sread  0x08007154       0x22 c:/program files (x86)/gnu tools arm embedded/7 2017-q4-major/bin/../lib/gcc/arm-none-eabi/7.2.1/../../../../arm-none-eabi/lib/thumb/v7e-m/fpv4-sp/hard\libc_nano.a(lib_a-stdio.o)
                0x08007154                __sread
 .text.__swrite
                0x08007176       0x38 c:/program files (x86)/gnu tools arm embedded/7 2017-q4-major/bin/../lib/gcc/arm-none-eabi/7.2.1/../../../../arm-none-eabi/lib/thumb/v7e-m/fpv4-sp/hard\libc_nano.a(lib_a-stdio.o)
                0x08007176                __swrite
 .text.__sseek  0x080071ae       0x24 c:/program files (x86)/gnu tools arm embedded/7 2017-q4-major/bin/../lib/gcc/arm-none-eabi/7.2.1/../../../../arm-none-eabi/lib/thumb/v7e-m/fpv4-sp/hard\libc_nano.a(lib_a-stdio.o)
                0x080071ae                __sseek
 .text.__sclose
                0x080071d2        0x8 c:/program files (x86)/gnu tools arm embedded/7 2017-q4-major/bin/../lib/gcc/arm-none-eabi/7.2.1/../../../../arm-none-eabi/lib/thumb/v7e-m/fpv4-sp/hard\libc_nano.a(lib_a-stdio.o)
                0x080071d2                __sclose
 *fill*         0x080071da        0x2 
 .text.__swbuf_r
                0x080071dc       0xa4 c:/program files (x86)/gnu tools arm embedded/7 2017-q4-major/bin/../lib/gcc/arm-none-eabi/7.2.1/../../../../arm-none-eabi/lib/thumb/v7e-m/fpv4-sp/hard\libc_nano.a(lib_a-wbuf.o)
                0x080071dc                __swbuf_r
 .text._write_r
                0x08007280       0x24 c:/program files (x86)/gnu tools arm embedded/7 2017-q4-major/bin/../lib/gcc/arm-none-eabi/7.2.1/../../../../arm-none-eabi/lib/thumb/v7e-m/fpv4-sp/hard\libc_nano.a(lib_a-writer.o)
                0x08007280                _write_r
 .text.__swsetup_r
                0x080072a4       0xdc c:/program files (x86)/gnu tools arm embedded/7 2017-q4-major/bin/../lib/gcc/arm-none-eabi/7.2.1/../../../../arm-none-eabi/lib/thumb/v7e-m/fpv4-sp/hard\libc_nano.a(lib_a-wsetup.o)
                0x080072a4                __swsetup_r
 .text._close_r
                0x08007380       0x20 c:/program files (x86)/gnu tools arm embedded/7 2017-q4-major/bin/../lib/gcc/arm-none-eabi/7.2.1/../../../../arm-none-eabi/lib/thumb/v7e-m/fpv4-sp/hard\libc_nano.a(lib_a-closer.o)
                0x08007380                _close_r
 .text._fstat_r
                0x080073a0       0x24 c:/program files (x86)/gnu tools arm embedded/7 2017-q4-major/bin/../lib/gcc/arm-none-eabi/7.2.1/../../../../arm-none-eabi/lib/thumb/v7e-m/fpv4-sp/hard\libc_nano.a(lib_a-fstatr.o)
                0x080073a0                _fstat_r
 .text._isatty_r
                0x080073c4       0x20 c:/program files (x86)/gnu tools arm embedded/7 2017-q4-major/bin/../lib/gcc/arm-none-eabi/7.2.1/../../../../arm-none-eabi/lib/thumb/v7e-m/fpv4-sp/hard\libc_nano.a(lib_a-isattyr.o)
                0x080073c4                _isatty_r
 .text._lseek_r
                0x080073e4       0x24 c:/program files (x86)/gnu tools arm embedded/7 2017-q4-major/bin/../lib/gcc/arm-none-eabi/7.2.1/../../../../arm-none-eabi/lib/thumb/v7e-m/fpv4-sp/hard\libc_nano.a(lib_a-lseekr.o)
                0x080073e4                _lseek_r
 .text.__ascii_mbtowc
                0x08007408       0x24 c:/program files (x86)/gnu tools arm embedded/7 2017-q4-major/bin/../lib/gcc/arm-none-eabi/7.2.1/../../../../arm-none-eabi/lib/thumb/v7e-m/fpv4-sp/hard\libc_nano.a(lib_a-mbtowc_r.o)
                0x08007408                __ascii_mbtowc
 .text.__malloc_lock
                0x0800742c        0x2 c:/program files (x86)/gnu tools arm embedded/7 2017-q4-major/bin/../lib/gcc/arm-none-eabi/7.2.1/../../../../arm-none-eabi/lib/thumb/v7e-m/fpv4-sp/hard\libc_nano.a(lib_a-mlock.o)
                0x0800742c                __malloc_lock
 .text.__malloc_unlock
                0x0800742e        0x2 c:/program files (x86)/gnu tools arm embedded/7 2017-q4-major/bin/../lib/gcc/arm-none-eabi/7.2.1/../../../../arm-none-eabi/lib/thumb/v7e-m/fpv4-sp/hard\libc_nano.a(lib_a-mlock.o)
                0x0800742e                __malloc_unlock
 .text._read_r  0x08007430       0x24 c:/program files (x86)/gnu tools arm embedded/7 2017-q4-major/bin/../lib/gcc/arm-none-eabi/7.2.1/../../../../arm-none-eabi/lib/thumb/v7e-m/fpv4-sp/hard\libc_nano.a(lib_a-readr.o)
                0x08007430                _read_r
 .text.__ascii_wctomb
                0x08007454       0x1a c:/program files (x86)/gnu tools arm embedded/7 2017-q4-major/bin/../lib/gcc/arm-none-eabi/7.2.1/../../../../arm-none-eabi/lib/thumb/v7e-m/fpv4-sp/hard\libc_nano.a(lib_a-wctomb_r.o)
                0x08007454                __ascii_wctomb
 *(.glue_7)
 .glue_7        0x0800746e        0x0 linker stubs
 *(.glue_7t)
 .glue_7t       0x0800746e        0x0 linker stubs
 *(.eh_frame)
 *fill*         0x0800746e        0x2 
 .eh_frame      0x08007470        0x0 c:/program files (x86)/gnu tools arm embedded/7 2017-q4-major/bin/../lib/gcc/arm-none-eabi/7.2.1/thumb/v7e-m/fpv4-sp/hard/crtbegin.o
 *(.init)
 .init          0x08007470        0x4 c:/program files (x86)/gnu tools arm embedded/7 2017-q4-major/bin/../lib/gcc/arm-none-eabi/7.2.1/thumb/v7e-m/fpv4-sp/hard/crti.o
                0x08007470                _init
 .init          0x08007474        0x8 c:/program files (x86)/gnu tools arm embedded/7 2017-q4-major/bin/../lib/gcc/arm-none-eabi/7.2.1/thumb/v7e-m/fpv4-sp/hard/crtn.o
 *(.fini)
 .fini          0x0800747c        0x4 c:/program files (x86)/gnu tools arm embedded/7 2017-q4-major/bin/../lib/gcc/arm-none-eabi/7.2.1/thumb/v7e-m/fpv4-sp/hard/crti.o
                0x0800747c                _fini
 .fini          0x08007480        0x8 c:/program files (x86)/gnu tools arm embedded/7 2017-q4-major/bin/../lib/gcc/arm-none-eabi/7.2.1/thumb/v7e-m/fpv4-sp/hard/crtn.o
                0x08007488                . = ALIGN (0x4)
                0x08007488                _etext = .

.vfp11_veneer   0x08007488        0x0
 .vfp11_veneer  0x08007488        0x0 linker stubs

.v4_bx          0x08007488        0x0
 .v4_bx         0x08007488        0x0 linker stubs

.iplt           0x08007488        0x0
 .iplt          0x08007488        0x0 c:/program files (x86)/gnu tools arm embedded/7 2017-q4-major/bin/../lib/gcc/arm-none-eabi/7.2.1/thumb/v7e-m/fpv4-sp/hard/crtbegin.o

.rodata         0x08007488      0x348
                0x08007488                . = ALIGN (0x4)
 *(.rodata)
 *(.rodata*)
 .rodata.MX_SPI2_Init.str1.4
                0x08007488        0xa build/spi.o
 *fill*         0x08007492        0x2 
 .rodata.set_mpu6500.str1.4
                0x08007494        0xe build/spi.o
 *fill*         0x080074a2        0x2 
 .rodata.SystemClock_Config.str1.4
                0x080074a4        0xb build/main.o
 *fill*         0x080074af        0x1 
 .rodata.MX_ADC1_Init.str1.4
                0x080074b0        0xa build/adc.o
 *fill*         0x080074ba        0x2 
 .rodata.MX_TIM3_Init.str1.4
                0x080074bc        0xa build/tim.o
 *fill*         0x080074c6        0x2 
 .rodata.AHBPrescTable
                0x080074c8       0x10 build/system_stm32f4xx.o
                0x080074c8                AHBPrescTable
 .rodata.APBPrescTable
                0x080074d8        0x8 build/system_stm32f4xx.o
                0x080074d8                APBPrescTable
 .rodata.MX_USART3_UART_Init.str1.4
                0x080074e0        0xc build/usart.o
 .rodata.Batt_check.str1.4
                0x080074ec        0xc build/filter.o
 .rodata.Mode_Sensor_Check.str1.4
                0x080074f8       0x11 build/mode.o
 *fill*         0x08007509        0x3 
 .rodata.Mode_select.str1.4
                0x0800750c        0x4 build/mode.o
 .rodata._global_impure_ptr
                0x08007510        0x4 c:/program files (x86)/gnu tools arm embedded/7 2017-q4-major/bin/../lib/gcc/arm-none-eabi/7.2.1/../../../../arm-none-eabi/lib/thumb/v7e-m/fpv4-sp/hard\libc_nano.a(lib_a-impure.o)
                0x08007510                _global_impure_ptr
 .rodata._printf_float.str1.1
                0x08007514       0x12 c:/program files (x86)/gnu tools arm embedded/7 2017-q4-major/bin/../lib/gcc/arm-none-eabi/7.2.1/../../../../arm-none-eabi/lib/thumb/v7e-m/fpv4-sp/hard\libc_nano.a(lib_a-nano-vfprintf_float.o)
 .rodata._printf_i.str1.1
                0x08007526       0x22 c:/program files (x86)/gnu tools arm embedded/7 2017-q4-major/bin/../lib/gcc/arm-none-eabi/7.2.1/../../../../arm-none-eabi/lib/thumb/v7e-m/fpv4-sp/hard\libc_nano.a(lib_a-nano-vfprintf_i.o)
 .rodata._dtoa_r.str1.1
                0x08007548        0xd c:/program files (x86)/gnu tools arm embedded/7 2017-q4-major/bin/../lib/gcc/arm-none-eabi/7.2.1/../../../../arm-none-eabi/lib/thumb/v7e-m/fpv4-sp/hard\libc_nano.a(lib_a-dtoa.o)
                                  0xf (size before relaxing)
 *fill*         0x08007555        0x3 
 .rodata.__sf_fake_stderr
                0x08007558       0x20 c:/program files (x86)/gnu tools arm embedded/7 2017-q4-major/bin/../lib/gcc/arm-none-eabi/7.2.1/../../../../arm-none-eabi/lib/thumb/v7e-m/fpv4-sp/hard\libc_nano.a(lib_a-findfp.o)
                0x08007558                __sf_fake_stderr
 .rodata.__sf_fake_stdin
                0x08007578       0x20 c:/program files (x86)/gnu tools arm embedded/7 2017-q4-major/bin/../lib/gcc/arm-none-eabi/7.2.1/../../../../arm-none-eabi/lib/thumb/v7e-m/fpv4-sp/hard\libc_nano.a(lib_a-findfp.o)
                0x08007578                __sf_fake_stdin
 .rodata.__sf_fake_stdout
                0x08007598       0x20 c:/program files (x86)/gnu tools arm embedded/7 2017-q4-major/bin/../lib/gcc/arm-none-eabi/7.2.1/../../../../arm-none-eabi/lib/thumb/v7e-m/fpv4-sp/hard\libc_nano.a(lib_a-findfp.o)
                0x08007598                __sf_fake_stdout
 .rodata.__mprec_bigtens
                0x080075b8       0x28 c:/program files (x86)/gnu tools arm embedded/7 2017-q4-major/bin/../lib/gcc/arm-none-eabi/7.2.1/../../../../arm-none-eabi/lib/thumb/v7e-m/fpv4-sp/hard\libc_nano.a(lib_a-mprec.o)
                0x080075b8                __mprec_bigtens
 .rodata.__mprec_tens
                0x080075e0       0xc8 c:/program files (x86)/gnu tools arm embedded/7 2017-q4-major/bin/../lib/gcc/arm-none-eabi/7.2.1/../../../../arm-none-eabi/lib/thumb/v7e-m/fpv4-sp/hard\libc_nano.a(lib_a-mprec.o)
                0x080075e0                __mprec_tens
 .rodata.p05.7359
                0x080076a8        0xc c:/program files (x86)/gnu tools arm embedded/7 2017-q4-major/bin/../lib/gcc/arm-none-eabi/7.2.1/../../../../arm-none-eabi/lib/thumb/v7e-m/fpv4-sp/hard\libc_nano.a(lib_a-mprec.o)
 .rodata._vfprintf_r.str1.1
                0x080076b4       0x11 c:/program files (x86)/gnu tools arm embedded/7 2017-q4-major/bin/../lib/gcc/arm-none-eabi/7.2.1/../../../../arm-none-eabi/lib/thumb/v7e-m/fpv4-sp/hard\libc_nano.a(lib_a-nano-vfprintf.o)
 .rodata._setlocale_r.str1.1
                0x080076c5        0x8 c:/program files (x86)/gnu tools arm embedded/7 2017-q4-major/bin/../lib/gcc/arm-none-eabi/7.2.1/../../../../arm-none-eabi/lib/thumb/v7e-m/fpv4-sp/hard\libc_nano.a(lib_a-locale.o)
                                  0x9 (size before relaxing)
 .rodata.str1.1
                0x080076cd        0x2 c:/program files (x86)/gnu tools arm embedded/7 2017-q4-major/bin/../lib/gcc/arm-none-eabi/7.2.1/../../../../arm-none-eabi/lib/thumb/v7e-m/fpv4-sp/hard\libc_nano.a(lib_a-locale.o)
 .rodata._ctype_
                0x080076cf      0x101 c:/program files (x86)/gnu tools arm embedded/7 2017-q4-major/bin/../lib/gcc/arm-none-eabi/7.2.1/../../../../arm-none-eabi/lib/thumb/v7e-m/fpv4-sp/hard\libc_nano.a(lib_a-ctype_.o)
                0x080076cf                _ctype_
                0x080077d0                . = ALIGN (0x4)

.ARM.extab
 *(.ARM.extab* .gnu.linkonce.armextab.*)

.ARM            0x080077d0        0x8
                0x080077d0                __exidx_start = .
 *(.ARM.exidx*)
 .ARM.exidx     0x080077d0        0x8 c:/program files (x86)/gnu tools arm embedded/7 2017-q4-major/bin/../lib/gcc/arm-none-eabi/7.2.1/thumb/v7e-m/fpv4-sp/hard\libgcc.a(_udivmoddi4.o)
                0x080077d8                __exidx_end = .

.rel.dyn        0x080077d8        0x0
 .rel.iplt      0x080077d8        0x0 c:/program files (x86)/gnu tools arm embedded/7 2017-q4-major/bin/../lib/gcc/arm-none-eabi/7.2.1/thumb/v7e-m/fpv4-sp/hard/crtbegin.o

.preinit_array  0x080077d8        0x0
                0x080077d8                PROVIDE (__preinit_array_start, .)
 *(.preinit_array*)
                0x080077d8                PROVIDE (__preinit_array_end, .)

.init_array     0x080077d8        0x4
                0x080077d8                PROVIDE (__init_array_start, .)
 *(SORT_BY_NAME(.init_array.*))
 *(.init_array*)
 .init_array    0x080077d8        0x4 c:/program files (x86)/gnu tools arm embedded/7 2017-q4-major/bin/../lib/gcc/arm-none-eabi/7.2.1/thumb/v7e-m/fpv4-sp/hard/crtbegin.o
                0x080077dc                PROVIDE (__init_array_end, .)

.fini_array     0x080077dc        0x4
                [!provide]                PROVIDE (__fini_array_start, .)
 *(SORT_BY_NAME(.fini_array.*))
 *(.fini_array*)
 .fini_array    0x080077dc        0x4 c:/program files (x86)/gnu tools arm embedded/7 2017-q4-major/bin/../lib/gcc/arm-none-eabi/7.2.1/thumb/v7e-m/fpv4-sp/hard/crtbegin.o
                [!provide]                PROVIDE (__fini_array_end, .)
                0x080077e0                _sidata = LOADADDR (.data)

.data           0x20000000      0x1dc load address 0x080077e0
                0x20000000                . = ALIGN (0x4)
                0x20000000                _sdata = .
 *(.data)
 *(.data*)
 .data.SystemCoreClock
                0x20000000        0x4 build/system_stm32f4xx.o
                0x20000000                SystemCoreClock
 .data.uwTickFreq
                0x20000004        0x1 build/stm32f4xx_hal.o
                0x20000004                uwTickFreq
 *fill*         0x20000005        0x3 
 .data.uwTickPrio
                0x20000008        0x4 build/stm32f4xx_hal.o
                0x20000008                uwTickPrio
 .data._impure_ptr
                0x2000000c        0x4 c:/program files (x86)/gnu tools arm embedded/7 2017-q4-major/bin/../lib/gcc/arm-none-eabi/7.2.1/../../../../arm-none-eabi/lib/thumb/v7e-m/fpv4-sp/hard\libc_nano.a(lib_a-impure.o)
                0x2000000c                _impure_ptr
 .data.impure_data
                0x20000010       0x60 c:/program files (x86)/gnu tools arm embedded/7 2017-q4-major/bin/../lib/gcc/arm-none-eabi/7.2.1/../../../../arm-none-eabi/lib/thumb/v7e-m/fpv4-sp/hard\libc_nano.a(lib_a-impure.o)
 .data.__global_locale
                0x20000070      0x16c c:/program files (x86)/gnu tools arm embedded/7 2017-q4-major/bin/../lib/gcc/arm-none-eabi/7.2.1/../../../../arm-none-eabi/lib/thumb/v7e-m/fpv4-sp/hard\libc_nano.a(lib_a-locale.o)
                0x20000070                __global_locale
                0x200001dc                . = ALIGN (0x4)
                0x200001dc                _edata = .
                0x080079bc                _siccmram = LOADADDR (.ccmram)

.igot.plt       0x200001dc        0x0 load address 0x080079bc
 .igot.plt      0x200001dc        0x0 c:/program files (x86)/gnu tools arm embedded/7 2017-q4-major/bin/../lib/gcc/arm-none-eabi/7.2.1/thumb/v7e-m/fpv4-sp/hard/crtbegin.o

.ccmram         0x10000000        0x0 load address 0x080079bc
                0x10000000                . = ALIGN (0x4)
                0x10000000                _sccmram = .
 *(.ccmram)
 *(.ccmram*)
                0x10000000                . = ALIGN (0x4)
                0x10000000                _eccmram = .
                0x10000000                . = ALIGN (0x4)

.bss            0x200001dc      0x3c8
                0x200001dc                _sbss = .
                0x200001dc                __bss_start__ = _sbss
 *(.bss)
 .bss           0x200001dc       0x1c c:/program files (x86)/gnu tools arm embedded/7 2017-q4-major/bin/../lib/gcc/arm-none-eabi/7.2.1/thumb/v7e-m/fpv4-sp/hard/crtbegin.o
 *(.bss*)
 .bss.count_tim5
                0x200001f8        0x1 build/stm32f4xx_it.o
                0x200001f8                count_tim5
 *fill*         0x200001f9        0x3 
 .bss.heap_end.7234
                0x200001fc        0x4 build/syscalls.o
 .bss.s_before_l
                0x20000200        0x4 build/control.o
                0x20000200                s_before_l
 .bss.s_before_r
                0x20000204        0x4 build/control.o
                0x20000204                s_before_r
 .bss.s_sum_l   0x20000208        0x4 build/control.o
                0x20000208                s_sum_l
 .bss.s_sum_r   0x2000020c        0x4 build/control.o
                0x2000020c                s_sum_r
 .bss.straight_pid_l
                0x20000210        0x2 build/control.o
                0x20000210                straight_pid_l
 .bss.straight_pid_r
                0x20000212        0x2 build/control.o
                0x20000212                straight_pid_r
 .bss.__malloc_free_list
                0x20000214        0x4 c:/program files (x86)/gnu tools arm embedded/7 2017-q4-major/bin/../lib/gcc/arm-none-eabi/7.2.1/../../../../arm-none-eabi/lib/thumb/v7e-m/fpv4-sp/hard\libc_nano.a(lib_a-nano-mallocr.o)
                0x20000214                __malloc_free_list
 .bss.__malloc_sbrk_start
                0x20000218        0x4 c:/program files (x86)/gnu tools arm embedded/7 2017-q4-major/bin/../lib/gcc/arm-none-eabi/7.2.1/../../../../arm-none-eabi/lib/thumb/v7e-m/fpv4-sp/hard\libc_nano.a(lib_a-nano-mallocr.o)
                0x20000218                __malloc_sbrk_start
 *(COMMON)
 COMMON         0x2000021c       0x58 build/spi.o
                0x2000021c                hspi2
 COMMON         0x20000274       0xd8 build/adc.o
                0x20000274                hadc2
                0x200002bc                hadc1
                0x20000304                hadc3
 COMMON         0x2000034c      0x150 build/tim.o
                0x2000034c                htim4
                0x20000388                sMasterConfig
                0x20000390                htim5
                0x200003cc                htim3
                0x20000408                sConfigOC
                0x20000424                htim1
                0x20000460                htim2
 COMMON         0x2000049c        0x4 build/stm32f4xx_hal.o
                0x2000049c                uwTick
 COMMON         0x200004a0       0x40 build/usart.o
                0x200004a0                huart3
 COMMON         0x200004e0       0xc0 build/global.o
                0x200004e0                yawrate_tim
                0x200004e8                batt
                0x200004f0                flag
                0x200004f4                enc_c
                0x20000504                sen_front
                0x20000514                sen_l
                0x20000524                count_ms
                0x20000528                straight_tgt
                0x20000530                gyro
                0x20000540                enc_r
                0x20000550                straight_tim
                0x20000558                yawrate_tgt
                0x20000560                sen_fr
                0x20000570                sen_fl
                0x20000580                sen_r
                0x20000590                enc_l
 COMMON         0x200005a0        0x4 c:/program files (x86)/gnu tools arm embedded/7 2017-q4-major/bin/../lib/gcc/arm-none-eabi/7.2.1/../../../../arm-none-eabi/lib/thumb/v7e-m/fpv4-sp/hard\libc_nano.a(lib_a-reent.o)
                0x200005a0                errno
                0x200005a4                . = ALIGN (0x4)
                0x200005a4                _ebss = .
                0x200005a4                __bss_end__ = _ebss

._user_heap_stack
                0x200005a4      0x604
                0x200005a8                . = ALIGN (0x8)
 *fill*         0x200005a4        0x4 
                0x200005a8                PROVIDE (end, .)
                [!provide]                PROVIDE (_end, .)
                0x200007a8                . = (. + _Min_Heap_Size)
 *fill*         0x200005a8      0x200 
                0x20000ba8                . = (. + _Min_Stack_Size)
 *fill*         0x200007a8      0x400 
                0x20000ba8                . = ALIGN (0x8)

/DISCARD/
 libc.a(*)
 libm.a(*)
 libgcc.a(*)

.ARM.attributes
                0x00000000       0x30
 *(.ARM.attributes)
 .ARM.attributes
                0x00000000       0x22 c:/program files (x86)/gnu tools arm embedded/7 2017-q4-major/bin/../lib/gcc/arm-none-eabi/7.2.1/thumb/v7e-m/fpv4-sp/hard/crti.o
 .ARM.attributes
                0x00000022       0x34 c:/program files (x86)/gnu tools arm embedded/7 2017-q4-major/bin/../lib/gcc/arm-none-eabi/7.2.1/thumb/v7e-m/fpv4-sp/hard/crtbegin.o
 .ARM.attributes
                0x00000056       0x39 build/stm32f4xx_hal_cortex.o
 .ARM.attributes
                0x0000008f       0x39 build/gpio.o
 .ARM.attributes
                0x000000c8       0x39 build/spi.o
 .ARM.attributes
                0x00000101       0x39 build/main.o
 .ARM.attributes
                0x0000013a       0x39 build/stm32f4xx_it.o
 .ARM.attributes
                0x00000173       0x39 build/adc.o
 .ARM.attributes
                0x000001ac       0x39 build/stm32f4xx_hal_msp.o
 .ARM.attributes
                0x000001e5       0x39 build/stm32f4xx_hal_spi.o
 .ARM.attributes
                0x0000021e       0x39 build/stm32f4xx_hal_uart.o
 .ARM.attributes
                0x00000257       0x39 build/stm32f4xx_hal_tim.o
 .ARM.attributes
                0x00000290       0x39 build/stm32f4xx_hal_gpio.o
 .ARM.attributes
                0x000002c9       0x39 build/stm32f4xx_hal_rcc.o
 .ARM.attributes
                0x00000302       0x39 build/tim.o
 .ARM.attributes
                0x0000033b       0x39 build/system_stm32f4xx.o
 .ARM.attributes
                0x00000374       0x39 build/stm32f4xx_hal.o
 .ARM.attributes
                0x000003ad       0x39 build/usart.o
 .ARM.attributes
                0x000003e6       0x39 build/stm32f4xx_hal_tim_ex.o
 .ARM.attributes
                0x0000041f       0x39 build/stm32f4xx_hal_adc.o
 .ARM.attributes
                0x00000458       0x39 build/syscalls.o
 .ARM.attributes
                0x00000491       0x39 build/interface.o
 .ARM.attributes
                0x000004ca       0x39 build/global.o
 .ARM.attributes
                0x00000503       0x39 build/filter.o
 .ARM.attributes
                0x0000053c       0x39 build/mode.o
 .ARM.attributes
                0x00000575       0x39 build/other_function.o
 .ARM.attributes
                0x000005ae       0x39 build/motion.o
 .ARM.attributes
                0x000005e7       0x39 build/control.o
 .ARM.attributes
                0x00000620       0x39 build/calculate.o
 .ARM.attributes
                0x00000659       0x21 build/startup_stm32f405xx.o
 .ARM.attributes
                0x0000067a       0x34 c:/program files (x86)/gnu tools arm embedded/7 2017-q4-major/bin/../lib/gcc/arm-none-eabi/7.2.1/../../../../arm-none-eabi/lib/thumb/v7e-m/fpv4-sp/hard\libc_nano.a(lib_a-errno.o)
 .ARM.attributes
                0x000006ae       0x34 c:/program files (x86)/gnu tools arm embedded/7 2017-q4-major/bin/../lib/gcc/arm-none-eabi/7.2.1/../../../../arm-none-eabi/lib/thumb/v7e-m/fpv4-sp/hard\libc_nano.a(lib_a-impure.o)
 .ARM.attributes
                0x000006e2       0x34 c:/program files (x86)/gnu tools arm embedded/7 2017-q4-major/bin/../lib/gcc/arm-none-eabi/7.2.1/../../../../arm-none-eabi/lib/thumb/v7e-m/fpv4-sp/hard\libc_nano.a(lib_a-init.o)
 .ARM.attributes
                0x00000716       0x34 c:/program files (x86)/gnu tools arm embedded/7 2017-q4-major/bin/../lib/gcc/arm-none-eabi/7.2.1/../../../../arm-none-eabi/lib/thumb/v7e-m/fpv4-sp/hard\libc_nano.a(lib_a-memset.o)
 .ARM.attributes
                0x0000074a       0x34 c:/program files (x86)/gnu tools arm embedded/7 2017-q4-major/bin/../lib/gcc/arm-none-eabi/7.2.1/../../../../arm-none-eabi/lib/thumb/v7e-m/fpv4-sp/hard\libc_nano.a(lib_a-nano-vfprintf_float.o)
 .ARM.attributes
                0x0000077e       0x34 c:/program files (x86)/gnu tools arm embedded/7 2017-q4-major/bin/../lib/gcc/arm-none-eabi/7.2.1/../../../../arm-none-eabi/lib/thumb/v7e-m/fpv4-sp/hard\libc_nano.a(lib_a-nano-vfprintf_i.o)
 .ARM.attributes
                0x000007b2       0x34 c:/program files (x86)/gnu tools arm embedded/7 2017-q4-major/bin/../lib/gcc/arm-none-eabi/7.2.1/../../../../arm-none-eabi/lib/thumb/v7e-m/fpv4-sp/hard\libc_nano.a(lib_a-printf.o)
 .ARM.attributes
                0x000007e6       0x34 c:/program files (x86)/gnu tools arm embedded/7 2017-q4-major/bin/../lib/gcc/arm-none-eabi/7.2.1/../../../../arm-none-eabi/lib/thumb/v7e-m/fpv4-sp/hard\libc_nano.a(lib_a-setbuf.o)
 .ARM.attributes
                0x0000081a       0x34 c:/program files (x86)/gnu tools arm embedded/7 2017-q4-major/bin/../lib/gcc/arm-none-eabi/7.2.1/../../../../arm-none-eabi/lib/thumb/v7e-m/fpv4-sp/hard\libc_nano.a(lib_a-setvbuf.o)
 .ARM.attributes
                0x0000084e       0x1b c:/program files (x86)/gnu tools arm embedded/7 2017-q4-major/bin/../lib/gcc/arm-none-eabi/7.2.1/../../../../arm-none-eabi/lib/thumb/v7e-m/fpv4-sp/hard\libc_nano.a(lib_a-strlen.o)
 .ARM.attributes
                0x00000869       0x34 c:/program files (x86)/gnu tools arm embedded/7 2017-q4-major/bin/../lib/gcc/arm-none-eabi/7.2.1/../../../../arm-none-eabi/lib/thumb/v7e-m/fpv4-sp/hard\libc_nano.a(lib_a-dtoa.o)
 .ARM.attributes
                0x0000089d       0x34 c:/program files (x86)/gnu tools arm embedded/7 2017-q4-major/bin/../lib/gcc/arm-none-eabi/7.2.1/../../../../arm-none-eabi/lib/thumb/v7e-m/fpv4-sp/hard\libc_nano.a(lib_a-fflush.o)
 .ARM.attributes
                0x000008d1       0x34 c:/program files (x86)/gnu tools arm embedded/7 2017-q4-major/bin/../lib/gcc/arm-none-eabi/7.2.1/../../../../arm-none-eabi/lib/thumb/v7e-m/fpv4-sp/hard\libc_nano.a(lib_a-findfp.o)
 .ARM.attributes
                0x00000905       0x34 c:/program files (x86)/gnu tools arm embedded/7 2017-q4-major/bin/../lib/gcc/arm-none-eabi/7.2.1/../../../../arm-none-eabi/lib/thumb/v7e-m/fpv4-sp/hard\libc_nano.a(lib_a-fwalk.o)
 .ARM.attributes
                0x00000939       0x34 c:/program files (x86)/gnu tools arm embedded/7 2017-q4-major/bin/../lib/gcc/arm-none-eabi/7.2.1/../../../../arm-none-eabi/lib/thumb/v7e-m/fpv4-sp/hard\libc_nano.a(lib_a-localeconv.o)
 .ARM.attributes
                0x0000096d       0x34 c:/program files (x86)/gnu tools arm embedded/7 2017-q4-major/bin/../lib/gcc/arm-none-eabi/7.2.1/../../../../arm-none-eabi/lib/thumb/v7e-m/fpv4-sp/hard\libc_nano.a(lib_a-makebuf.o)
 .ARM.attributes
                0x000009a1       0x34 c:/program files (x86)/gnu tools arm embedded/7 2017-q4-major/bin/../lib/gcc/arm-none-eabi/7.2.1/../../../../arm-none-eabi/lib/thumb/v7e-m/fpv4-sp/hard\libc_nano.a(lib_a-malloc.o)
 .ARM.attributes
                0x000009d5       0x20 c:/program files (x86)/gnu tools arm embedded/7 2017-q4-major/bin/../lib/gcc/arm-none-eabi/7.2.1/../../../../arm-none-eabi/lib/thumb/v7e-m/fpv4-sp/hard\libc_nano.a(lib_a-memchr.o)
 .ARM.attributes
                0x000009f5       0x34 c:/program files (x86)/gnu tools arm embedded/7 2017-q4-major/bin/../lib/gcc/arm-none-eabi/7.2.1/../../../../arm-none-eabi/lib/thumb/v7e-m/fpv4-sp/hard\libc_nano.a(lib_a-memcpy-stub.o)
 .ARM.attributes
                0x00000a29       0x34 c:/program files (x86)/gnu tools arm embedded/7 2017-q4-major/bin/../lib/gcc/arm-none-eabi/7.2.1/../../../../arm-none-eabi/lib/thumb/v7e-m/fpv4-sp/hard\libc_nano.a(lib_a-mprec.o)
 .ARM.attributes
                0x00000a5d       0x34 c:/program files (x86)/gnu tools arm embedded/7 2017-q4-major/bin/../lib/gcc/arm-none-eabi/7.2.1/../../../../arm-none-eabi/lib/thumb/v7e-m/fpv4-sp/hard\libc_nano.a(lib_a-nano-callocr.o)
 .ARM.attributes
                0x00000a91       0x34 c:/program files (x86)/gnu tools arm embedded/7 2017-q4-major/bin/../lib/gcc/arm-none-eabi/7.2.1/../../../../arm-none-eabi/lib/thumb/v7e-m/fpv4-sp/hard\libc_nano.a(lib_a-nano-freer.o)
 .ARM.attributes
                0x00000ac5       0x34 c:/program files (x86)/gnu tools arm embedded/7 2017-q4-major/bin/../lib/gcc/arm-none-eabi/7.2.1/../../../../arm-none-eabi/lib/thumb/v7e-m/fpv4-sp/hard\libc_nano.a(lib_a-nano-mallocr.o)
 .ARM.attributes
                0x00000af9       0x34 c:/program files (x86)/gnu tools arm embedded/7 2017-q4-major/bin/../lib/gcc/arm-none-eabi/7.2.1/../../../../arm-none-eabi/lib/thumb/v7e-m/fpv4-sp/hard\libc_nano.a(lib_a-nano-vfprintf.o)
 .ARM.attributes
                0x00000b2d       0x34 c:/program files (x86)/gnu tools arm embedded/7 2017-q4-major/bin/../lib/gcc/arm-none-eabi/7.2.1/../../../../arm-none-eabi/lib/thumb/v7e-m/fpv4-sp/hard\libc_nano.a(lib_a-sbrkr.o)
 .ARM.attributes
                0x00000b61       0x34 c:/program files (x86)/gnu tools arm embedded/7 2017-q4-major/bin/../lib/gcc/arm-none-eabi/7.2.1/../../../../arm-none-eabi/lib/thumb/v7e-m/fpv4-sp/hard\libc_nano.a(lib_a-stdio.o)
 .ARM.attributes
                0x00000b95       0x34 c:/program files (x86)/gnu tools arm embedded/7 2017-q4-major/bin/../lib/gcc/arm-none-eabi/7.2.1/../../../../arm-none-eabi/lib/thumb/v7e-m/fpv4-sp/hard\libc_nano.a(lib_a-wbuf.o)
 .ARM.attributes
                0x00000bc9       0x34 c:/program files (x86)/gnu tools arm embedded/7 2017-q4-major/bin/../lib/gcc/arm-none-eabi/7.2.1/../../../../arm-none-eabi/lib/thumb/v7e-m/fpv4-sp/hard\libc_nano.a(lib_a-writer.o)
 .ARM.attributes
                0x00000bfd       0x34 c:/program files (x86)/gnu tools arm embedded/7 2017-q4-major/bin/../lib/gcc/arm-none-eabi/7.2.1/../../../../arm-none-eabi/lib/thumb/v7e-m/fpv4-sp/hard\libc_nano.a(lib_a-wsetup.o)
 .ARM.attributes
                0x00000c31       0x34 c:/program files (x86)/gnu tools arm embedded/7 2017-q4-major/bin/../lib/gcc/arm-none-eabi/7.2.1/../../../../arm-none-eabi/lib/thumb/v7e-m/fpv4-sp/hard\libc_nano.a(lib_a-closer.o)
 .ARM.attributes
                0x00000c65       0x34 c:/program files (x86)/gnu tools arm embedded/7 2017-q4-major/bin/../lib/gcc/arm-none-eabi/7.2.1/../../../../arm-none-eabi/lib/thumb/v7e-m/fpv4-sp/hard\libc_nano.a(lib_a-fstatr.o)
 .ARM.attributes
                0x00000c99       0x34 c:/program files (x86)/gnu tools arm embedded/7 2017-q4-major/bin/../lib/gcc/arm-none-eabi/7.2.1/../../../../arm-none-eabi/lib/thumb/v7e-m/fpv4-sp/hard\libc_nano.a(lib_a-isattyr.o)
 .ARM.attributes
                0x00000ccd       0x34 c:/program files (x86)/gnu tools arm embedded/7 2017-q4-major/bin/../lib/gcc/arm-none-eabi/7.2.1/../../../../arm-none-eabi/lib/thumb/v7e-m/fpv4-sp/hard\libc_nano.a(lib_a-locale.o)
 .ARM.attributes
                0x00000d01       0x34 c:/program files (x86)/gnu tools arm embedded/7 2017-q4-major/bin/../lib/gcc/arm-none-eabi/7.2.1/../../../../arm-none-eabi/lib/thumb/v7e-m/fpv4-sp/hard\libc_nano.a(lib_a-lseekr.o)
 .ARM.attributes
                0x00000d35       0x34 c:/program files (x86)/gnu tools arm embedded/7 2017-q4-major/bin/../lib/gcc/arm-none-eabi/7.2.1/../../../../arm-none-eabi/lib/thumb/v7e-m/fpv4-sp/hard\libc_nano.a(lib_a-mbtowc_r.o)
 .ARM.attributes
                0x00000d69       0x34 c:/program files (x86)/gnu tools arm embedded/7 2017-q4-major/bin/../lib/gcc/arm-none-eabi/7.2.1/../../../../arm-none-eabi/lib/thumb/v7e-m/fpv4-sp/hard\libc_nano.a(lib_a-mlock.o)
 .ARM.attributes
                0x00000d9d       0x34 c:/program files (x86)/gnu tools arm embedded/7 2017-q4-major/bin/../lib/gcc/arm-none-eabi/7.2.1/../../../../arm-none-eabi/lib/thumb/v7e-m/fpv4-sp/hard\libc_nano.a(lib_a-readr.o)
 .ARM.attributes
                0x00000dd1       0x34 c:/program files (x86)/gnu tools arm embedded/7 2017-q4-major/bin/../lib/gcc/arm-none-eabi/7.2.1/../../../../arm-none-eabi/lib/thumb/v7e-m/fpv4-sp/hard\libc_nano.a(lib_a-reent.o)
 .ARM.attributes
                0x00000e05       0x34 c:/program files (x86)/gnu tools arm embedded/7 2017-q4-major/bin/../lib/gcc/arm-none-eabi/7.2.1/../../../../arm-none-eabi/lib/thumb/v7e-m/fpv4-sp/hard\libc_nano.a(lib_a-wctomb_r.o)
 .ARM.attributes
                0x00000e39       0x34 c:/program files (x86)/gnu tools arm embedded/7 2017-q4-major/bin/../lib/gcc/arm-none-eabi/7.2.1/../../../../arm-none-eabi/lib/thumb/v7e-m/fpv4-sp/hard\libc_nano.a(lib_a-ctype_.o)
 .ARM.attributes
                0x00000e6d       0x22 c:/program files (x86)/gnu tools arm embedded/7 2017-q4-major/bin/../lib/gcc/arm-none-eabi/7.2.1/thumb/v7e-m/fpv4-sp/hard\libgcc.a(_arm_addsubdf3.o)
 .ARM.attributes
                0x00000e8f       0x22 c:/program files (x86)/gnu tools arm embedded/7 2017-q4-major/bin/../lib/gcc/arm-none-eabi/7.2.1/thumb/v7e-m/fpv4-sp/hard\libgcc.a(_arm_muldivdf3.o)
 .ARM.attributes
                0x00000eb1       0x22 c:/program files (x86)/gnu tools arm embedded/7 2017-q4-major/bin/../lib/gcc/arm-none-eabi/7.2.1/thumb/v7e-m/fpv4-sp/hard\libgcc.a(_arm_cmpdf2.o)
 .ARM.attributes
                0x00000ed3       0x22 c:/program files (x86)/gnu tools arm embedded/7 2017-q4-major/bin/../lib/gcc/arm-none-eabi/7.2.1/thumb/v7e-m/fpv4-sp/hard\libgcc.a(_arm_unorddf2.o)
 .ARM.attributes
                0x00000ef5       0x22 c:/program files (x86)/gnu tools arm embedded/7 2017-q4-major/bin/../lib/gcc/arm-none-eabi/7.2.1/thumb/v7e-m/fpv4-sp/hard\libgcc.a(_arm_fixdfsi.o)
 .ARM.attributes
                0x00000f17       0x22 c:/program files (x86)/gnu tools arm embedded/7 2017-q4-major/bin/../lib/gcc/arm-none-eabi/7.2.1/thumb/v7e-m/fpv4-sp/hard\libgcc.a(_aeabi_uldivmod.o)
 .ARM.attributes
                0x00000f39       0x34 c:/program files (x86)/gnu tools arm embedded/7 2017-q4-major/bin/../lib/gcc/arm-none-eabi/7.2.1/thumb/v7e-m/fpv4-sp/hard\libgcc.a(_udivmoddi4.o)
 .ARM.attributes
                0x00000f6d       0x22 c:/program files (x86)/gnu tools arm embedded/7 2017-q4-major/bin/../lib/gcc/arm-none-eabi/7.2.1/thumb/v7e-m/fpv4-sp/hard\libgcc.a(_dvmd_tls.o)
 .ARM.attributes
                0x00000f8f       0x22 c:/program files (x86)/gnu tools arm embedded/7 2017-q4-major/bin/../lib/gcc/arm-none-eabi/7.2.1/thumb/v7e-m/fpv4-sp/hard/crtn.o
OUTPUT(build/mmc2018_ver2.elf elf32-littlearm)

.debug_info     0x00000000    0x2530d
 .debug_info    0x00000000     0x1903 build/stm32f4xx_hal_cortex.o
 .debug_info    0x00001903      0xe90 build/gpio.o
 .debug_info    0x00002793     0x1b5a build/spi.o
 .debug_info    0x000042ed     0x2485 build/main.o
 .debug_info    0x00006772     0x1a78 build/stm32f4xx_it.o
 .debug_info    0x000081ea     0x1e63 build/adc.o
 .debug_info    0x0000a04d      0xd4e build/stm32f4xx_hal_msp.o
 .debug_info    0x0000ad9b     0x2464 build/stm32f4xx_hal_spi.o
 .debug_info    0x0000d1ff     0x2172 build/stm32f4xx_hal_uart.o
 .debug_info    0x0000f371     0x3a39 build/stm32f4xx_hal_tim.o
 .debug_info    0x00012daa     0x110f build/stm32f4xx_hal_gpio.o
 .debug_info    0x00013eb9     0x1418 build/stm32f4xx_hal_rcc.o
 .debug_info    0x000152d1     0x2798 build/tim.o
 .debug_info    0x00017a69      0xe82 build/system_stm32f4xx.o
 .debug_info    0x000188eb     0x137d build/stm32f4xx_hal.o
 .debug_info    0x00019c68     0x1367 build/usart.o
 .debug_info    0x0001afcf     0x1d71 build/stm32f4xx_hal_tim_ex.o
 .debug_info    0x0001cd40     0x17f4 build/stm32f4xx_hal_adc.o
 .debug_info    0x0001e534     0x114b build/syscalls.o
 .debug_info    0x0001f67f     0x13eb build/interface.o
 .debug_info    0x00020a6a      0x491 build/global.o
 .debug_info    0x00020efb     0x1105 build/filter.o
 .debug_info    0x00022000     0x10f3 build/mode.o
 .debug_info    0x000230f3      0x3f7 build/other_function.o
 .debug_info    0x000234ea      0x466 build/motion.o
 .debug_info    0x00023950     0x1533 build/control.o
 .debug_info    0x00024e83      0x468 build/calculate.o
 .debug_info    0x000252eb       0x22 build/startup_stm32f405xx.o

.debug_abbrev   0x00000000     0x408a
 .debug_abbrev  0x00000000      0x3dc build/stm32f4xx_hal_cortex.o
 .debug_abbrev  0x000003dc      0x20d build/gpio.o
 .debug_abbrev  0x000005e9      0x2b6 build/spi.o
 .debug_abbrev  0x0000089f      0x2ab build/main.o
 .debug_abbrev  0x00000b4a      0x23f build/stm32f4xx_it.o
 .debug_abbrev  0x00000d89      0x264 build/adc.o
 .debug_abbrev  0x00000fed      0x1ed build/stm32f4xx_hal_msp.o
 .debug_abbrev  0x000011da      0x323 build/stm32f4xx_hal_spi.o
 .debug_abbrev  0x000014fd      0x375 build/stm32f4xx_hal_uart.o
 .debug_abbrev  0x00001872      0x310 build/stm32f4xx_hal_tim.o
 .debug_abbrev  0x00001b82      0x2be build/stm32f4xx_hal_gpio.o
 .debug_abbrev  0x00001e40      0x32f build/stm32f4xx_hal_rcc.o
 .debug_abbrev  0x0000216f      0x2f2 build/tim.o
 .debug_abbrev  0x00002461      0x1e6 build/system_stm32f4xx.o
 .debug_abbrev  0x00002647      0x2e1 build/stm32f4xx_hal.o
 .debug_abbrev  0x00002928      0x23b build/usart.o
 .debug_abbrev  0x00002b63      0x2f8 build/stm32f4xx_hal_tim_ex.o
 .debug_abbrev  0x00002e5b      0x300 build/stm32f4xx_hal_adc.o
 .debug_abbrev  0x0000315b      0x2d3 build/syscalls.o
 .debug_abbrev  0x0000342e      0x258 build/interface.o
 .debug_abbrev  0x00003686       0x83 build/global.o
 .debug_abbrev  0x00003709      0x27e build/filter.o
 .debug_abbrev  0x00003987      0x238 build/mode.o
 .debug_abbrev  0x00003bbf       0x94 build/other_function.o
 .debug_abbrev  0x00003c53       0xbf build/motion.o
 .debug_abbrev  0x00003d12      0x2a5 build/control.o
 .debug_abbrev  0x00003fb7       0xc1 build/calculate.o
 .debug_abbrev  0x00004078       0x12 build/startup_stm32f405xx.o

.debug_loc      0x00000000     0xc8b1
 .debug_loc     0x00000000      0x65e build/stm32f4xx_hal_cortex.o
 .debug_loc     0x0000065e       0x39 build/gpio.o
 .debug_loc     0x00000697      0x341 build/spi.o
 .debug_loc     0x000009d8       0xdd build/main.o
 .debug_loc     0x00000ab5       0x40 build/stm32f4xx_it.o
 .debug_loc     0x00000af5      0x320 build/adc.o
 .debug_loc     0x00000e15       0x20 build/stm32f4xx_hal_msp.o
 .debug_loc     0x00000e35     0x1ffb build/stm32f4xx_hal_spi.o
 .debug_loc     0x00002e30     0x1a3f build/stm32f4xx_hal_uart.o
 .debug_loc     0x0000486f     0x404a build/stm32f4xx_hal_tim.o
 .debug_loc     0x000088b9      0x531 build/stm32f4xx_hal_gpio.o
 .debug_loc     0x00008dea      0x555 build/stm32f4xx_hal_rcc.o
 .debug_loc     0x0000933f      0x55a build/tim.o
 .debug_loc     0x00009899      0x13e build/system_stm32f4xx.o
 .debug_loc     0x000099d7      0x19d build/stm32f4xx_hal.o
 .debug_loc     0x00009b74       0xd3 build/usart.o
 .debug_loc     0x00009c47     0x131e build/stm32f4xx_hal_tim_ex.o
 .debug_loc     0x0000af65      0xbd0 build/stm32f4xx_hal_adc.o
 .debug_loc     0x0000bb35      0x51b build/syscalls.o
 .debug_loc     0x0000c050      0x126 build/interface.o
 .debug_loc     0x0000c176      0x152 build/filter.o
 .debug_loc     0x0000c2c8       0xf3 build/mode.o
 .debug_loc     0x0000c3bb       0x70 build/motion.o
 .debug_loc     0x0000c42b      0x1e0 build/control.o
 .debug_loc     0x0000c60b      0x2a6 build/calculate.o

.debug_aranges  0x00000000     0x1078
 .debug_aranges
                0x00000000       0xa8 build/stm32f4xx_hal_cortex.o
 .debug_aranges
                0x000000a8       0x20 build/gpio.o
 .debug_aranges
                0x000000c8       0x70 build/spi.o
 .debug_aranges
                0x00000138       0x40 build/main.o
 .debug_aranges
                0x00000178       0x68 build/stm32f4xx_it.o
 .debug_aranges
                0x000001e0       0x68 build/adc.o
 .debug_aranges
                0x00000248       0x20 build/stm32f4xx_hal_msp.o
 .debug_aranges
                0x00000268      0x1c8 build/stm32f4xx_hal_spi.o
 .debug_aranges
                0x00000430      0x1d0 build/stm32f4xx_hal_uart.o
 .debug_aranges
                0x00000600      0x368 build/stm32f4xx_hal_tim.o
 .debug_aranges
                0x00000968       0x58 build/stm32f4xx_hal_gpio.o
 .debug_aranges
                0x000009c0       0x88 build/stm32f4xx_hal_rcc.o
 .debug_aranges
                0x00000a48       0x90 build/tim.o
 .debug_aranges
                0x00000ad8       0x28 build/system_stm32f4xx.o
 .debug_aranges
                0x00000b00       0xe0 build/stm32f4xx_hal.o
 .debug_aranges
                0x00000be0       0x30 build/usart.o
 .debug_aranges
                0x00000c10      0x140 build/stm32f4xx_hal_tim_ex.o
 .debug_aranges
                0x00000d50       0xe8 build/stm32f4xx_hal_adc.o
 .debug_aranges
                0x00000e38       0xb0 build/syscalls.o
 .debug_aranges
                0x00000ee8       0x40 build/interface.o
 .debug_aranges
                0x00000f28       0x18 build/global.o
 .debug_aranges
                0x00000f40       0x40 build/filter.o
 .debug_aranges
                0x00000f80       0x30 build/mode.o
 .debug_aranges
                0x00000fb0       0x28 build/other_function.o
 .debug_aranges
                0x00000fd8       0x28 build/motion.o
 .debug_aranges
                0x00001000       0x30 build/control.o
 .debug_aranges
                0x00001030       0x20 build/calculate.o
 .debug_aranges
                0x00001050       0x28 build/startup_stm32f405xx.o

.debug_ranges   0x00000000      0xf48
 .debug_ranges  0x00000000       0xf8 build/stm32f4xx_hal_cortex.o
 .debug_ranges  0x000000f8       0x10 build/gpio.o
 .debug_ranges  0x00000108       0x60 build/spi.o
 .debug_ranges  0x00000168       0x30 build/main.o
 .debug_ranges  0x00000198       0x58 build/stm32f4xx_it.o
 .debug_ranges  0x000001f0       0x58 build/adc.o
 .debug_ranges  0x00000248       0x10 build/stm32f4xx_hal_msp.o
 .debug_ranges  0x00000258      0x1b8 build/stm32f4xx_hal_spi.o
 .debug_ranges  0x00000410      0x1c0 build/stm32f4xx_hal_uart.o
 .debug_ranges  0x000005d0      0x358 build/stm32f4xx_hal_tim.o
 .debug_ranges  0x00000928       0x48 build/stm32f4xx_hal_gpio.o
 .debug_ranges  0x00000970       0x90 build/stm32f4xx_hal_rcc.o
 .debug_ranges  0x00000a00       0x80 build/tim.o
 .debug_ranges  0x00000a80       0x18 build/system_stm32f4xx.o
 .debug_ranges  0x00000a98       0xd0 build/stm32f4xx_hal.o
 .debug_ranges  0x00000b68       0x20 build/usart.o
 .debug_ranges  0x00000b88      0x130 build/stm32f4xx_hal_tim_ex.o
 .debug_ranges  0x00000cb8       0xd8 build/stm32f4xx_hal_adc.o
 .debug_ranges  0x00000d90       0xa0 build/syscalls.o
 .debug_ranges  0x00000e30       0x30 build/interface.o
 .debug_ranges  0x00000e60       0x48 build/filter.o
 .debug_ranges  0x00000ea8       0x20 build/mode.o
 .debug_ranges  0x00000ec8       0x18 build/other_function.o
 .debug_ranges  0x00000ee0       0x18 build/motion.o
 .debug_ranges  0x00000ef8       0x20 build/control.o
 .debug_ranges  0x00000f18       0x10 build/calculate.o
 .debug_ranges  0x00000f28       0x20 build/startup_stm32f405xx.o

.debug_line     0x00000000     0x83cd
 .debug_line    0x00000000      0x4c2 build/stm32f4xx_hal_cortex.o
 .debug_line    0x000004c2      0x261 build/gpio.o
 .debug_line    0x00000723      0x3ff build/spi.o
 .debug_line    0x00000b22      0x482 build/main.o
 .debug_line    0x00000fa4      0x3d7 build/stm32f4xx_it.o
 .debug_line    0x0000137b      0x433 build/adc.o
 .debug_line    0x000017ae      0x264 build/stm32f4xx_hal_msp.o
 .debug_line    0x00001a12      0xca9 build/stm32f4xx_hal_spi.o
 .debug_line    0x000026bb      0xbd9 build/stm32f4xx_hal_uart.o
 .debug_line    0x00003294     0x1332 build/stm32f4xx_hal_tim.o
 .debug_line    0x000045c6      0x410 build/stm32f4xx_hal_gpio.o
 .debug_line    0x000049d6      0x546 build/stm32f4xx_hal_rcc.o
 .debug_line    0x00004f1c      0x573 build/tim.o
 .debug_line    0x0000548f      0x255 build/system_stm32f4xx.o
 .debug_line    0x000056e4      0x482 build/stm32f4xx_hal.o
 .debug_line    0x00005b66      0x2e3 build/usart.o
 .debug_line    0x00005e49      0x878 build/stm32f4xx_hal_tim_ex.o
 .debug_line    0x000066c1      0x758 build/stm32f4xx_hal_adc.o
 .debug_line    0x00006e19      0x3a7 build/syscalls.o
 .debug_line    0x000071c0      0x32f build/interface.o
 .debug_line    0x000074ef      0x112 build/global.o
 .debug_line    0x00007601      0x37a build/filter.o
 .debug_line    0x0000797b      0x345 build/mode.o
 .debug_line    0x00007cc0      0x13d build/other_function.o
 .debug_line    0x00007dfd      0x143 build/motion.o
 .debug_line    0x00007f40      0x2e1 build/control.o
 .debug_line    0x00008221      0x138 build/calculate.o
 .debug_line    0x00008359       0x74 build/startup_stm32f405xx.o

.debug_str      0x00000000     0x494c
 .debug_str     0x00000000      0xe5c build/stm32f4xx_hal_cortex.o
                               0x100a (size before relaxing)
 .debug_str     0x00000e5c      0x193 build/gpio.o
                                0x79a (size before relaxing)
 .debug_str     0x00000fef      0x663 build/spi.o
                                0xe5a (size before relaxing)
 .debug_str     0x00001652      0x7aa build/main.o
                               0x199c (size before relaxing)
 .debug_str     0x00001dfc      0x190 build/stm32f4xx_it.o
                               0x1078 (size before relaxing)
 .debug_str     0x00001f8c       0xe1 build/adc.o
                                0xe44 (size before relaxing)
 .debug_str     0x0000206d       0x24 build/stm32f4xx_hal_msp.o
                                0xae5 (size before relaxing)
 .debug_str     0x00002091      0x501 build/stm32f4xx_hal_spi.o
                                0xf8b (size before relaxing)
 .debug_str     0x00002592      0x552 build/stm32f4xx_hal_uart.o
                               0x1003 (size before relaxing)
 .debug_str     0x00002ae4      0xce0 build/stm32f4xx_hal_tim.o
                               0x17c6 (size before relaxing)
 .debug_str     0x000037c4      0x125 build/stm32f4xx_hal_gpio.o
                                0x901 (size before relaxing)
 .debug_str     0x000038e9      0x17d build/stm32f4xx_hal_rcc.o
                                0xad4 (size before relaxing)
 .debug_str     0x00003a66      0x1ad build/tim.o
                               0x16f9 (size before relaxing)
 .debug_str     0x00003c13       0x42 build/system_stm32f4xx.o
                                0x765 (size before relaxing)
 .debug_str     0x00003c55      0x27c build/stm32f4xx_hal.o
                                0xf33 (size before relaxing)
 .debug_str     0x00003ed1       0x17 build/usart.o
                                0xbdf (size before relaxing)
 .debug_str     0x00003ee8      0x3f4 build/stm32f4xx_hal_tim_ex.o
                               0x1086 (size before relaxing)
 .debug_str     0x000042dc      0x24e build/stm32f4xx_hal_adc.o
                                0xd54 (size before relaxing)
 .debug_str     0x0000452a      0x256 build/syscalls.o
                                0x824 (size before relaxing)
 .debug_str     0x00004780       0x45 build/interface.o
                                0xada (size before relaxing)
 .debug_str     0x000047c5        0xd build/global.o
                                0x326 (size before relaxing)
 .debug_str     0x000047d2       0x14 build/filter.o
                                0x83b (size before relaxing)
 .debug_str     0x000047e6       0x44 build/mode.o
                                0x843 (size before relaxing)
 .debug_str     0x0000482a       0x15 build/other_function.o
                                0x345 (size before relaxing)
 .debug_str     0x0000483f       0x1e build/motion.o
                                0x35e (size before relaxing)
 .debug_str     0x0000485d       0x93 build/control.o
                                0xc40 (size before relaxing)
 .debug_str     0x000048f0       0x37 build/calculate.o
                                0x361 (size before relaxing)
 .debug_str     0x00004927       0x25 build/startup_stm32f405xx.o
                                 0x4c (size before relaxing)

.comment        0x00000000       0x7e
 .comment       0x00000000       0x7e build/stm32f4xx_hal_cortex.o
                                 0x7f (size before relaxing)
 .comment       0x0000007e       0x7f build/gpio.o
 .comment       0x0000007e       0x7f build/spi.o
 .comment       0x0000007e       0x7f build/main.o
 .comment       0x0000007e       0x7f build/stm32f4xx_it.o
 .comment       0x0000007e       0x7f build/adc.o
 .comment       0x0000007e       0x7f build/stm32f4xx_hal_msp.o
 .comment       0x0000007e       0x7f build/stm32f4xx_hal_spi.o
 .comment       0x0000007e       0x7f build/stm32f4xx_hal_uart.o
 .comment       0x0000007e       0x7f build/stm32f4xx_hal_tim.o
 .comment       0x0000007e       0x7f build/stm32f4xx_hal_gpio.o
 .comment       0x0000007e       0x7f build/stm32f4xx_hal_rcc.o
 .comment       0x0000007e       0x7f build/tim.o
 .comment       0x0000007e       0x7f build/system_stm32f4xx.o
 .comment       0x0000007e       0x7f build/stm32f4xx_hal.o
 .comment       0x0000007e       0x7f build/usart.o
 .comment       0x0000007e       0x7f build/stm32f4xx_hal_tim_ex.o
 .comment       0x0000007e       0x7f build/stm32f4xx_hal_adc.o
 .comment       0x0000007e       0x7f build/syscalls.o
 .comment       0x0000007e       0x7f build/interface.o
 .comment       0x0000007e       0x7f build/global.o
 .comment       0x0000007e       0x7f build/filter.o